Archive member included because of file (symbol)

d:/altera/12.1sp1/nios2eds/bin/gnu/h-i686-mingw32/bin/../lib/gcc/nios2-elf/4.1.2/../../../../nios2-elf/lib/mno-hw-mul\libm.a(lib_a-w_sqrt.o)
                              obj/default/geometry.o (sqrt)
d:/altera/12.1sp1/nios2eds/bin/gnu/h-i686-mingw32/bin/../lib/gcc/nios2-elf/4.1.2/../../../../nios2-elf/lib/mno-hw-mul\libm.a(lib_a-e_sqrt.o)
                              d:/altera/12.1sp1/nios2eds/bin/gnu/h-i686-mingw32/bin/../lib/gcc/nios2-elf/4.1.2/../../../../nios2-elf/lib/mno-hw-mul\libm.a(lib_a-w_sqrt.o) (__ieee754_sqrt)
d:/altera/12.1sp1/nios2eds/bin/gnu/h-i686-mingw32/bin/../lib/gcc/nios2-elf/4.1.2/../../../../nios2-elf/lib/mno-hw-mul\libm.a(lib_a-s_isnand.o)
                              d:/altera/12.1sp1/nios2eds/bin/gnu/h-i686-mingw32/bin/../lib/gcc/nios2-elf/4.1.2/../../../../nios2-elf/lib/mno-hw-mul\libm.a(lib_a-w_sqrt.o) (__isnand)
d:/altera/12.1sp1/nios2eds/bin/gnu/h-i686-mingw32/bin/../lib/gcc/nios2-elf/4.1.2/../../../../nios2-elf/lib/mno-hw-mul\libm.a(lib_a-s_lib_ver.o)
                              d:/altera/12.1sp1/nios2eds/bin/gnu/h-i686-mingw32/bin/../lib/gcc/nios2-elf/4.1.2/../../../../nios2-elf/lib/mno-hw-mul\libm.a(lib_a-w_sqrt.o) (__fdlib_version)
d:/altera/12.1sp1/nios2eds/bin/gnu/h-i686-mingw32/bin/../lib/gcc/nios2-elf/4.1.2/../../../../nios2-elf/lib/mno-hw-mul\libm.a(lib_a-s_matherr.o)
                              d:/altera/12.1sp1/nios2eds/bin/gnu/h-i686-mingw32/bin/../lib/gcc/nios2-elf/4.1.2/../../../../nios2-elf/lib/mno-hw-mul\libm.a(lib_a-w_sqrt.o) (matherr)
d:/altera/12.1sp1/nios2eds/bin/gnu/h-i686-mingw32/bin/../lib/gcc/nios2-elf/4.1.2/mno-hw-mul\libgcc.a(_addsub_df.o)
                              d:/altera/12.1sp1/nios2eds/bin/gnu/h-i686-mingw32/bin/../lib/gcc/nios2-elf/4.1.2/../../../../nios2-elf/lib/mno-hw-mul\libm.a(lib_a-e_sqrt.o) (__subdf3)
d:/altera/12.1sp1/nios2eds/bin/gnu/h-i686-mingw32/bin/../lib/gcc/nios2-elf/4.1.2/mno-hw-mul\libgcc.a(_mul_df.o)
                              d:/altera/12.1sp1/nios2eds/bin/gnu/h-i686-mingw32/bin/../lib/gcc/nios2-elf/4.1.2/../../../../nios2-elf/lib/mno-hw-mul\libm.a(lib_a-e_sqrt.o) (__muldf3)
d:/altera/12.1sp1/nios2eds/bin/gnu/h-i686-mingw32/bin/../lib/gcc/nios2-elf/4.1.2/mno-hw-mul\libgcc.a(_div_df.o)
                              d:/altera/12.1sp1/nios2eds/bin/gnu/h-i686-mingw32/bin/../lib/gcc/nios2-elf/4.1.2/../../../../nios2-elf/lib/mno-hw-mul\libm.a(lib_a-w_sqrt.o) (__divdf3)
d:/altera/12.1sp1/nios2eds/bin/gnu/h-i686-mingw32/bin/../lib/gcc/nios2-elf/4.1.2/mno-hw-mul\libgcc.a(_lt_df.o)
                              d:/altera/12.1sp1/nios2eds/bin/gnu/h-i686-mingw32/bin/../lib/gcc/nios2-elf/4.1.2/../../../../nios2-elf/lib/mno-hw-mul\libm.a(lib_a-w_sqrt.o) (__ltdf2)
d:/altera/12.1sp1/nios2eds/bin/gnu/h-i686-mingw32/bin/../lib/gcc/nios2-elf/4.1.2/mno-hw-mul\libgcc.a(_si_to_df.o)
                              obj/default/geometry.o (__floatsidf)
d:/altera/12.1sp1/nios2eds/bin/gnu/h-i686-mingw32/bin/../lib/gcc/nios2-elf/4.1.2/mno-hw-mul\libgcc.a(_df_to_si.o)
                              obj/default/geometry.o (__fixdfsi)
d:/altera/12.1sp1/nios2eds/bin/gnu/h-i686-mingw32/bin/../lib/gcc/nios2-elf/4.1.2/mno-hw-mul\libgcc.a(_thenan_df.o)
                              d:/altera/12.1sp1/nios2eds/bin/gnu/h-i686-mingw32/bin/../lib/gcc/nios2-elf/4.1.2/mno-hw-mul\libgcc.a(_addsub_df.o) (__thenan_df)
d:/altera/12.1sp1/nios2eds/bin/gnu/h-i686-mingw32/bin/../lib/gcc/nios2-elf/4.1.2/mno-hw-mul\libgcc.a(lib2-divmod.o)
                              obj/default/graphic_lib/simple_text.o (__divsi3)
d:/altera/12.1sp1/nios2eds/bin/gnu/h-i686-mingw32/bin/../lib/gcc/nios2-elf/4.1.2/mno-hw-mul\libgcc.a(lib2-mul.o)
                              obj/default/geometry.o (__mulsi3)
d:/altera/12.1sp1/nios2eds/bin/gnu/h-i686-mingw32/bin/../lib/gcc/nios2-elf/4.1.2/mno-hw-mul\libgcc.a(_muldi3.o)
                              d:/altera/12.1sp1/nios2eds/bin/gnu/h-i686-mingw32/bin/../lib/gcc/nios2-elf/4.1.2/mno-hw-mul\libgcc.a(_mul_df.o) (__muldi3)
d:/altera/12.1sp1/nios2eds/bin/gnu/h-i686-mingw32/bin/../lib/gcc/nios2-elf/4.1.2/mno-hw-mul\libgcc.a(_clzsi2.o)
                              d:/altera/12.1sp1/nios2eds/bin/gnu/h-i686-mingw32/bin/../lib/gcc/nios2-elf/4.1.2/mno-hw-mul\libgcc.a(_si_to_df.o) (__clzsi2)
d:/altera/12.1sp1/nios2eds/bin/gnu/h-i686-mingw32/bin/../lib/gcc/nios2-elf/4.1.2/mno-hw-mul\libgcc.a(_pack_df.o)
                              d:/altera/12.1sp1/nios2eds/bin/gnu/h-i686-mingw32/bin/../lib/gcc/nios2-elf/4.1.2/mno-hw-mul\libgcc.a(_addsub_df.o) (__pack_d)
d:/altera/12.1sp1/nios2eds/bin/gnu/h-i686-mingw32/bin/../lib/gcc/nios2-elf/4.1.2/mno-hw-mul\libgcc.a(_unpack_df.o)
                              d:/altera/12.1sp1/nios2eds/bin/gnu/h-i686-mingw32/bin/../lib/gcc/nios2-elf/4.1.2/mno-hw-mul\libgcc.a(_addsub_df.o) (__unpack_d)
d:/altera/12.1sp1/nios2eds/bin/gnu/h-i686-mingw32/bin/../lib/gcc/nios2-elf/4.1.2/mno-hw-mul\libgcc.a(_fpcmp_parts_df.o)
[...]
Memory Configuration

Name             Origin             Length             Attributes
reset            0x00000000         0x00000020
sdram            0x00000020         0x007fffe0
*default*        0x00000000         0xffffffff

Linker script and memory map

LOAD ../painter_bsp//obj/HAL/src/crt0.o
LOAD obj/default/fonts/tahomabold_20.o
LOAD obj/default/fonts/tahomabold_32.o
LOAD obj/default/geometry.o
LOAD obj/default/gesture.o
LOAD obj/default/graphic_lib/simple_graphics.o
LOAD obj/default/graphic_lib/simple_text.o
LOAD obj/default/gui.o
LOAD obj/default/gui_vpg.o
LOAD obj/default/main.o
LOAD obj/default/terasic_lib/I2C.o
LOAD obj/default/terasic_lib/I2C_core.o
LOAD obj/default/terasic_lib/debug.o
LOAD obj/default/terasic_lib/multi_touch2.o
LOAD obj/default/terasic_lib/queue.o
LOAD obj/default/vip_fr.o
LOAD d:/altera/12.1sp1/nios2eds/bin/gnu/h-i686-mingw32/bin/../lib/gcc/nios2-elf/4.1.2/../../../../nios2-elf/lib/mno-hw-mul\libstdc++.a
LOAD d:/altera/12.1sp1/nios2eds/bin/gnu/h-i686-mingw32/bin/../lib/gcc/nios2-elf/4.1.2/../../../../nios2-elf/lib/mno-hw-mul\libm.a
LOAD d:/altera/12.1sp1/nios2eds/bin/gnu/h-i686-mingw32/bin/../lib/gcc/nios2-elf/4.1.2/mno-hw-mul\libgcc.a
START GROUP
LOAD d:/altera/12.1sp1/nios2eds/bin/gnu/h-i686-mingw32/bin/../lib/gcc/nios2-elf/4.1.2/../../../../nios2-elf/lib/mno-hw-mul\libc.a
LOAD d:/altera/12.1sp1/nios2eds/bin/gnu/h-i686-mingw32/bin/../lib/gcc/nios2-elf/4.1.2/mno-hw-mul\libgcc.a
LOAD ../painter_bsp/\libhal_bsp.a
END GROUP
LOAD d:/altera/12.1sp1/nios2eds/bin/gnu/h-i686-mingw32/bin/../lib/gcc/nios2-elf/4.1.2/mno-hw-mul\libgcc.a
                0x00000000                __alt_mem_sdram = 0x0

.entry          0x00000000       0x20
 *(.entry)
 .entry         0x00000000       0x20 ../painter_bsp//obj/HAL/src/crt0.o
                0x00000000                __reset

.exceptions     0x00000020      0x194
                0x00000020                PROVIDE (__ram_exceptions_start, ABSOLUTE (.))
                0x00000020                . = ALIGN (0x20)
 *(.irq)
 *(.exceptions.entry.label)
 .exceptions.entry.label
                0x00000020        0x0 ../painter_bsp/\libhal_bsp.a(alt_irq_entry.o)
                0x00000020                alt_irq_entry
 .exceptions.entry.label
                0x00000020        0x0 ../painter_bsp/\libhal_bsp.a(alt_exception_entry.o)
                0x00000020                alt_exception
 *(.exceptions.entry.user)
 *(.exceptions.entry)
 .exceptions.entry
                0x00000020       0x54 ../painter_bsp/\libhal_bsp.a(alt_exception_entry.o)
 *(.exceptions.irqtest.user)
 *(.exceptions.irqtest)
 .exceptions.irqtest
                0x00000074       0x10 ../painter_bsp/\libhal_bsp.a(alt_irq_entry.o)
 *(.exceptions.irqhandler.user)
 *(.exceptions.irqhandler)
 .exceptions.irqhandler
                0x00000084        0x4 ../painter_bsp/\libhal_bsp.a(alt_irq_entry.o)
 *(.exceptions.irqreturn.user)
 *(.exceptions.irqreturn)
 .exceptions.irqreturn
                0x00000088        0x4 ../painter_bsp/\libhal_bsp.a(alt_irq_entry.o)
 *(.exceptions.notirq.label)
 .exceptions.notirq.label
                0x0000008c        0x0 ../painter_bsp/\libhal_bsp.a(alt_irq_entry.o)
 *(.exceptions.notirq.user)
 *(.exceptions.notirq)
 .exceptions.notirq
                0x0000008c        0x8 ../painter_bsp/\libhal_bsp.a(alt_exception_entry.o)
 *(.exceptions.soft.user)
 *(.exceptions.soft)
 *(.exceptions.unknown.user)
 *(.exceptions.unknown)
 .exceptions.unknown
                0x00000094        0x4 ../painter_bsp/\libhal_bsp.a(alt_exception_entry.o)
 *(.exceptions.exit.label)
 .exceptions.exit.label
                0x00000098        0x0 ../painter_bsp/\libhal_bsp.a(alt_irq_entry.o)
 .exceptions.exit.label
                0x00000098        0x0 ../painter_bsp/\libhal_bsp.a(alt_exception_entry.o)
 *(.exceptions.exit.user)
 *(.exceptions.exit)
 .exceptions.exit
                0x00000098       0x54 ../painter_bsp/\libhal_bsp.a(alt_exception_entry.o)
 *(.exceptions)
 .exceptions    0x000000ec       0xc8 ../painter_bsp/\libhal_bsp.a(alt_irq_handler.o)
                0x000000ec                alt_irq_handler
                0x000001b4                PROVIDE (__ram_exceptions_end, ABSOLUTE (.))
                0x00000020                PROVIDE (__flash_exceptions_start, LOADADDR (.exceptions))

.text           0x000001b4    0x15c94
                0x000001b4                PROVIDE (stext, ABSOLUTE (.))
 *(.interp)
 *(.hash)
 *(.dynsym)
 *(.dynstr)
 *(.gnu.version)
 *(.gnu.version_d)
 *(.gnu.version_r)
 *(.rel.init)
 *(.rela.init)
 *(.rel.text .rel.text.* .rel.gnu.linkonce.t.*)
 *(.rela.text .rela.text.* .rela.gnu.linkonce.t.*)
 *(.rel.fini)
 *(.rela.fini)
 *(.rel.rodata .rel.rodata.* .rel.gnu.linkonce.r.*)
 *(.rela.rodata .rela.rodata.* .rela.gnu.linkonce.r.*)
 *(.rel.data .rel.data.* .rel.gnu.linkonce.d.*)
 *(.rela.data .rela.data.* .rela.gnu.linkonce.d.*)
 *(.rel.tdata .rel.tdata.* .rel.gnu.linkonce.td.*)
 *(.rela.tdata .rela.tdata.* .rela.gnu.linkonce.td.*)
 *(.rel.tbss .rel.tbss.* .rel.gnu.linkonce.tb.*)
 *(.rela.tbss .rela.tbss.* .rela.gnu.linkonce.tb.*)
 *(.rel.ctors)
 *(.rela.ctors)
 *(.rel.dtors)
 *(.rela.dtors)
 *(.rel.got)
 *(.rela.got)
 *(.rel.sdata .rel.sdata.* .rel.gnu.linkonce.s.*)
 *(.rela.sdata .rela.sdata.* .rela.gnu.linkonce.s.*)
 *(.rel.sbss .rel.sbss.* .rel.gnu.linkonce.sb.*)
 *(.rela.sbss .rela.sbss.* .rela.gnu.linkonce.sb.*)
 *(.rel.sdata2 .rel.sdata2.* .rel.gnu.linkonce.s2.*)
 *(.rela.sdata2 .rela.sdata2.* .rela.gnu.linkonce.s2.*)
 *(.rel.sbss2 .rel.sbss2.* .rel.gnu.linkonce.sb2.*)
 *(.rela.sbss2 .rela.sbss2.* .rela.gnu.linkonce.sb2.*)
 *(.rel.bss .rel.bss.* .rel.gnu.linkonce.b.*)
 *(.rela.bss .rela.bss.* .rela.gnu.linkonce.b.*)
 *(.rel.plt)
 *(.rela.plt)
 *(.rel.dyn)
 *(.init)
 *(.plt)
 *(.text .stub .text.* .gnu.linkonce.t.*)
 .text          0x000001b4       0x4c ../painter_bsp//obj/HAL/src/crt0.o
                0x000001b4                _start
 .text          0x00000200        0x0 obj/default/fonts/tahomabold_20.o
 .text          0x00000200        0x0 obj/default/fonts/tahomabold_32.o
 .text          0x00000200      0x400 obj/default/geometry.o
                0x00000200                IsPtInRect
                0x00000284                PtSet
                0x000002c4                RectSet
                0x00000320                RectInflate
                0x000003a8                RectOffset
                0x00000430                RectCopy
                0x00000494                RectWidth
                0x000004c8                RectHeight
                0x000004fc                PtDistance
                0x000005bc                PtCopy
 .text          0x00000600        0x0 obj/default/gesture.o
 .text          0x00000600     0x2e64 obj/default/graphic_lib/simple_graphics.o
                0x00000600                vid_clean_screen
                0x00000658                vid_draw_line
                0x00000714                vid_scroll_string_quit
                0x00000750                vid_scroll_string_init
                0x0000089c                vid_scroll_string
                0x00000c60                vid_move_block
                0x00000d7c                vid_print_string
                0x00000e90                vid_draw_box
                0x00000fcc                vid_print_char
                0x000010b8                vid_set_pixel
                0x00001240                vid_get_pixel
                0x000012c0                vid_paint_block
                0x0000154c                vid_draw_horiz_line
                0x00001838                vid_merge_colors
                0x00001884                vid_color_convert24_16
                0x00001924                vid_color_convert16_24
                0x0000198c                vid_copy_line_to_frame_buffer
                0x00001c60                vid_draw_sloped_line
                0x00001edc                vid_draw_circle
                0x00002048                vid_draw_round_corner_box
                0x00002414                vid_round_corner_points
                0x00002a9c                max3
                0x00002af0                min3
                0x00002b44                max_diff3
                0x00002ba8                vid_put_pixel_in_span_map
                0x00002cb4                vid_bres_scan_edges
                0x00002f14                vid_draw_triangle
                0x0000325c                CopyImage16
                0x00003338                CropImage16
 .text          0x00003464      0xc9c obj/default/graphic_lib/simple_text.o
                0x00003464                vid_print_string_alpha
                0x000036dc                seperate_color_channels
                0x00003830                merge_color_channels
                0x00003988                read_from_frame
                0x00003bb8                alpha_blending
                0x00003e60                vid_print_char_alpha
                0x0000400c                vid_string_pixel_length_alpha
 .text          0x00004100     0x14cc obj/default/gui.o
                0x00004100                GUI_DeskInit
                0x000042e0                GUI_CheckButton
                0x00004374                GUI_DeskDraw
                0x00004890                IsContinuedPoint
                0x0000494c                GUI_ShowGesture
                0x00004c3c                GUI_TraceGesture
                0x00004c7c                GUI_ClearPaintArea
                0x00004d28                GUI
                0x00005508                GUI_ShowInfo
                0x0000556c                GUI_ShowTouchPoint
 .text          0x000055cc      0x880 obj/default/gui_vpg.o
                0x000055cc                ShowInfo
                0x0000562c                VPG_XLine
                0x000056e4                VPG_ColorPanel
                0x00005780                VPG_Grid
                0x00005874                VPG_VGrid
                0x00005954                VPG_HGrid
                0x00005a34                VPG_ColorBar
                0x00005ba8                GUI_ShowPAT
                0x00005d24                GUI_VPG
 .text          0x00005e4c       0xd0 obj/default/main.o
                0x00005e4c                main
 .text          0x00005f1c     0x11cc obj/default/terasic_lib/I2C.o
                0x00005f1c                my_wait
                0x00005f5c                I2C_Write
                0x00006058                I2C_Write16
                0x000061b4                I2C_Read
                0x000062d0                I2C_Read16
                0x0000644c                I2C_MultipleRead
                0x000065cc                i2c_start
                0x00006654                i2c_stop
                0x000066d4                i2c_write
                0x00006810                i2c_read
                0x0000695c                I2CL_Write
                0x00006ab8                I2CL_Read
                0x00006c40                I2CL_MultipleRead
                0x00006e20                I2CL_MultipleWrite
                0x00006fc0                I2CL_Read16
                0x00007054                I2CL_Write16
 .text          0x000070e8      0xbc0 obj/default/terasic_lib/I2C_core.o
                0x000070e8                Write32_Data
                0x00007140                Read32_Data
                0x00007198                oc_i2c_init
                0x0000729c                ACK_single_check
                0x00007334                ACK_check
                0x000073a8                OC_I2C_Write
                0x000075c4                ACK_judge_for_read
                0x0000762c                OC_I2C_Read
                0x00007820                OC_I2CL_Write
                0x00007a38                OC_I2CL_Read
 .text          0x00007ca8      0x194 obj/default/terasic_lib/debug.o
                0x00007ca8                debug_output
                0x00007cd8                myprintf
                0x00007d38                myprintf_hexarray
                0x00007db8                myprintf_dwordarray
 .text          0x00007e3c      0x674 obj/default/terasic_lib/multi_touch2.o
                0x000081e8                MTC2_Init
                0x000082dc                MTC2_UnInit
                0x00008324                MTC2_GetStatus
                0x0000847c                MTC2_ClearEvent
 .text          0x000084b0      0x2a8 obj/default/terasic_lib/queue.o
                0x000084b0                QUEUE_New
                0x00008520                QUEUE_Delete
                0x00008550                QUEUE_IsEmpty
                0x00008598                QUEUE_IsFull
                0x000085fc                QUEUE_Push
                0x00008694                QUEUE_Pop
                0x00008728                QUEUE_Empty
 .text          0x00008758      0x608 obj/default/vip_fr.o
                0x00008758                VIPFR_Init
                0x00008824                VIPFR_UnInit
                0x00008860                VIPFR_SetFrameSize
                0x00008970                VIPFR_Go
                0x000089b0                VIPFR_GetDrawFrame
                0x00008a04                VIPFR_ActiveDrawFrame
                0x00008aac                DRAW_EraseScreen
                0x00008b2c                FrameReader_SetFrame0
                0x00008bb8                FrameReader_SetFrame1
                0x00008c44                FrameReader_SelectFrame
                0x00008c78                FrameReader_Go
                0x00008cb0                VIPFR_ReserveBackground
 .text          0x00008d60      0x130 d:/altera/12.1sp1/nios2eds/bin/gnu/h-i686-mingw32/bin/../lib/gcc/nios2-elf/4.1.2/../../../../nios2-elf/lib/mno-hw-mul\libm.a(lib_a-w_sqrt.o)
                0x00008d60                sqrt
 .text          0x00008e90      0x2c8 d:/altera/12.1sp1/nios2eds/bin/gnu/h-i686-mingw32/bin/../lib/gcc/nios2-elf/4.1.2/../../../../nios2-elf/lib/mno-hw-mul\libm.a(lib_a-e_sqrt.o)
                0x00008e90                __ieee754_sqrt
 .text          0x00009158       0x30 d:/altera/12.1sp1/nios2eds/bin/gnu/h-i686-mingw32/bin/../lib/gcc/nios2-elf/4.1.2/../../../../nios2-elf/lib/mno-hw-mul\libm.a(lib_a-s_isnand.o)
                0x00009158                __isnand
 .text          0x00009188        0x0 d:/altera/12.1sp1/nios2eds/bin/gnu/h-i686-mingw32/bin/../lib/gcc/nios2-elf/4.1.2/../../../../nios2-elf/lib/mno-hw-mul\libm.a(lib_a-s_lib_ver.o)
 .text          0x00009188        0x8 d:/altera/12.1sp1/nios2eds/bin/gnu/h-i686-mingw32/bin/../lib/gcc/nios2-elf/4.1.2/../../../../nios2-elf/lib/mno-hw-mul\libm.a(lib_a-s_matherr.o)
                0x00009188                matherr
 .text          0x00009190      0x504 d:/altera/12.1sp1/nios2eds/bin/gnu/h-i686-mingw32/bin/../lib/gcc/nios2-elf/4.1.2/mno-hw-mul\libgcc.a(_addsub_df.o)
                0x000095a0                __subdf3
                0x00009620                __adddf3
 .text          0x00009694      0x3c4 d:/altera/12.1sp1/nios2eds/bin/gnu/h-i686-mingw32/bin/../lib/gcc/nios2-elf/4.1.2/mno-hw-mul\libgcc.a(_mul_df.o)
                0x00009694                __muldf3
 .text          0x00009a58      0x258 d:/altera/12.1sp1/nios2eds/bin/gnu/h-i686-mingw32/bin/../lib/gcc/nios2-elf/4.1.2/mno-hw-mul\libgcc.a(_div_df.o)
                0x00009a58                __divdf3
 .text          0x00009cb0       0x88 d:/altera/12.1sp1/nios2eds/bin/gnu/h-i686-mingw32/bin/../lib/gcc/nios2-elf/4.1.2/mno-hw-mul\libgcc.a(_lt_df.o)
                0x00009cb0                __ltdf2
 .text          0x00009d38       0xf8 d:/altera/12.1sp1/nios2eds/bin/gnu/h-i686-mingw32/bin/../lib/gcc/nios2-elf/4.1.2/mno-hw-mul\libgcc.a(_si_to_df.o)
                0x00009d38                __floatsidf
 .text          0x00009e30       0xd8 d:/altera/12.1sp1/nios2eds/bin/gnu/h-i686-mingw32/bin/../lib/gcc/nios2-elf/4.1.2/mno-hw-mul\libgcc.a(_df_to_si.o)
                0x00009e30                __fixdfsi
 .text          0x00009f08        0x0 d:/altera/12.1sp1/nios2eds/bin/gnu/h-i686-mingw32/bin/../lib/gcc/nios2-elf/4.1.2/mno-hw-mul\libgcc.a(_thenan_df.o)
 .text          0x00009f08      0x14c d:/altera/12.1sp1/nios2eds/bin/gnu/h-i686-mingw32/bin/../lib/gcc/nios2-elf/4.1.2/mno-hw-mul\libgcc.a(lib2-divmod.o)
                0x00009f84                __divsi3
                0x00009fe4                __modsi3
                0x0000a044                __udivsi3
                0x0000a04c                __umodsi3
 .text          0x0000a054       0x38 d:/altera/12.1sp1/nios2eds/bin/gnu/h-i686-mingw32/bin/../lib/gcc/nios2-elf/4.1.2/mno-hw-mul\libgcc.a(lib2-mul.o)
                0x0000a054                __mulsi3
 .text          0x0000a08c      0x124 d:/altera/12.1sp1/nios2eds/bin/gnu/h-i686-mingw32/bin/../lib/gcc/nios2-elf/4.1.2/mno-hw-mul\libgcc.a(_muldi3.o)
                0x0000a08c                __muldi3
 .text          0x0000a1b0       0x80 d:/altera/12.1sp1/nios2eds/bin/gnu/h-i686-mingw32/bin/../lib/gcc/nios2-elf/4.1.2/mno-hw-mul\libgcc.a(_clzsi2.o)
                0x0000a1b0                __clzsi2
 .text          0x0000a230      0x314 d:/altera/12.1sp1/nios2eds/bin/gnu/h-i686-mingw32/bin/../lib/gcc/nios2-elf/4.1.2/mno-hw-mul\libgcc.a(_pack_df.o)
                0x0000a230                __pack_d
 .text          0x0000a544      0x138 d:/altera/12.1sp1/nios2eds/bin/gnu/h-i686-mingw32/bin/../lib/gcc/nios2-elf/4.1.2/mno-hw-mul\libgcc.a(_unpack_df.o)
                0x0000a544                __unpack_d
 .text          0x0000a67c       0xc8 d:/altera/12.1sp1/nios2eds/bin/gnu/h-i686-mingw32/bin/../lib/gcc/nios2-elf/4.1.2/mno-hw-mul\libgcc.a(_fpcmp_parts_df.o)
                0x0000a67c                __fpcmp_parts_d
 .text          0x0000a744        0x0 d:/altera/12.1sp1/nios2eds/bin/gnu/h-i686-mingw32/bin/../lib/gcc/nios2-elf/4.1.2/mno-hw-mul\libgcc.a(_clz.o)
 .text          0x0000a744       0x10 d:/altera/12.1sp1/nios2eds/bin/gnu/h-i686-mingw32/bin/../lib/gcc/nios2-elf/4.1.2/../../../../nios2-elf/lib/mno-hw-mul\libc.a(lib_a-errno.o)
                0x0000a744                __errno
 .text          0x0000a754        0x0 d:/altera/12.1sp1/nios2eds/bin/gnu/h-i686-mingw32/bin/../lib/gcc/nios2-elf/4.1.2/../../../../nios2-elf/lib/mno-hw-mul\libc.a(lib_a-impure.o)
 .text          0x0000a754       0x28 d:/altera/12.1sp1/nios2eds/bin/gnu/h-i686-mingw32/bin/../lib/gcc/nios2-elf/4.1.2/../../../../nios2-elf/lib/mno-hw-mul\libc.a(lib_a-malloc.o)
                0x0000a754                free
                0x0000a768                malloc
 .text          0x0000a77c      0x740 d:/altera/12.1sp1/nios2eds/bin/gnu/h-i686-mingw32/bin/../lib/gcc/nios2-elf/4.1.2/../../../../nios2-elf/lib/mno-hw-mul\libc.a(lib_a-mallocr.o)
                0x0000a77c                _malloc_r
 .text          0x0000aebc       0xa0 d:/altera/12.1sp1/nios2eds/bin/gnu/h-i686-mingw32/bin/../lib/gcc/nios2-elf/4.1.2/../../../../nios2-elf/lib/mno-hw-mul\libc.a(lib_a-memcpy.o)
                0x0000aebc                memcpy
 .text          0x0000af5c       0x98 d:/altera/12.1sp1/nios2eds/bin/gnu/h-i686-mingw32/bin/../lib/gcc/nios2-elf/4.1.2/../../../../nios2-elf/lib/mno-hw-mul\libc.a(lib_a-memset.o)
                0x0000af5c                memset
 .text          0x0000aff4       0x78 d:/altera/12.1sp1/nios2eds/bin/gnu/h-i686-mingw32/bin/../lib/gcc/nios2-elf/4.1.2/../../../../nios2-elf/lib/mno-hw-mul\libc.a(lib_a-printf.o)
                0x0000aff4                printf
                0x0000b038                _printf_r
 .text          0x0000b06c       0x24 d:/altera/12.1sp1/nios2eds/bin/gnu/h-i686-mingw32/bin/../lib/gcc/nios2-elf/4.1.2/../../../../nios2-elf/lib/mno-hw-mul\libc.a(lib_a-putchar.o)
                0x0000b06c                putchar
                0x0000b088                _putchar_r
 .text          0x0000b090       0xb4 d:/altera/12.1sp1/nios2eds/bin/gnu/h-i686-mingw32/bin/../lib/gcc/nios2-elf/4.1.2/../../../../nios2-elf/lib/mno-hw-mul\libc.a(lib_a-puts.o)
                0x0000b090                _puts_r
                0x0000b130                puts
 .text          0x0000b144       0x70 d:/altera/12.1sp1/nios2eds/bin/gnu/h-i686-mingw32/bin/../lib/gcc/nios2-elf/4.1.2/../../../../nios2-elf/lib/mno-hw-mul\libc.a(lib_a-sbrkr.o)
                0x0000b144                _sbrk_r
 .text          0x0000b1b4       0xd4 d:/altera/12.1sp1/nios2eds/bin/gnu/h-i686-mingw32/bin/../lib/gcc/nios2-elf/4.1.2/../../../../nios2-elf/lib/mno-hw-mul\libc.a(lib_a-sprintf.o)
                0x0000b1b4                sprintf
                0x0000b228                _sprintf_r
 .text          0x0000b288       0x8c d:/altera/12.1sp1/nios2eds/bin/gnu/h-i686-mingw32/bin/../lib/gcc/nios2-elf/4.1.2/../../../../nios2-elf/lib/mno-hw-mul\libc.a(lib_a-strcpy.o)
                0x0000b288                strcpy
 .text          0x0000b314       0x74 d:/altera/12.1sp1/nios2eds/bin/gnu/h-i686-mingw32/bin/../lib/gcc/nios2-elf/4.1.2/../../../../nios2-elf/lib/mno-hw-mul\libc.a(lib_a-strlen.o)
                0x0000b314                strlen
 .text          0x0000b388     0x1f40 d:/altera/12.1sp1/nios2eds/bin/gnu/h-i686-mingw32/bin/../lib/gcc/nios2-elf/4.1.2/../../../../nios2-elf/lib/mno-hw-mul\libc.a(lib_a-vfprintf.o)
                0x0000b3e0                ___vfprintf_internal_r
                0x0000d2a4                __vfprintf_internal
 .text          0x0000d2c8       0xf4 d:/altera/12.1sp1/nios2eds/bin/gnu/h-i686-mingw32/bin/../lib/gcc/nios2-elf/4.1.2/../../../../nios2-elf/lib/mno-hw-mul\libc.a(lib_a-vsnprintf.o)
                0x0000d2c8                _vsnprintf_r
                0x0000d37c                vsnprintf
 .text          0x0000d3bc      0x13c d:/altera/12.1sp1/nios2eds/bin/gnu/h-i686-mingw32/bin/../lib/gcc/nios2-elf/4.1.2/../../../../nios2-elf/lib/mno-hw-mul\libc.a(lib_a-wsetup.o)
                0x0000d3bc                __swsetup_r
 .text          0x0000d4f8     0x17f8 d:/altera/12.1sp1/nios2eds/bin/gnu/h-i686-mingw32/bin/../lib/gcc/nios2-elf/4.1.2/../../../../nios2-elf/lib/mno-hw-mul\libc.a(lib_a-dtoa.o)
                0x0000d73c                _dtoa_r
 .text          0x0000ecf0      0x230 d:/altera/12.1sp1/nios2eds/bin/gnu/h-i686-mingw32/bin/../lib/gcc/nios2-elf/4.1.2/../../../../nios2-elf/lib/mno-hw-mul\libc.a(lib_a-fflush.o)
                0x0000ecf0                _fflush_r
                0x0000eeec                fflush
 .text          0x0000ef20      0x2f4 d:/altera/12.1sp1/nios2eds/bin/gnu/h-i686-mingw32/bin/../lib/gcc/nios2-elf/4.1.2/../../../../nios2-elf/lib/mno-hw-mul\libc.a(lib_a-findfp.o)
                0x0000ef78                __sfp_lock_acquire
                0x0000ef7c                __sfp_lock_release
                0x0000ef80                __sinit_lock_acquire
                0x0000ef84                __sinit_lock_release
                0x0000ef88                __sinit
                0x0000f03c                __fp_unlock_all
                0x0000f054                __fp_lock_all
                0x0000f06c                _cleanup_r
                0x0000f078                _cleanup
                0x0000f088                __sfmoreglue
                0x0000f124                __sfp
 .text          0x0000f214      0x440 d:/altera/12.1sp1/nios2eds/bin/gnu/h-i686-mingw32/bin/../lib/gcc/nios2-elf/4.1.2/../../../../nios2-elf/lib/mno-hw-mul\libc.a(lib_a-freer.o)
                0x0000f214                _malloc_trim_r
                0x0000f340                _free_r
 .text          0x0000f654      0x49c d:/altera/12.1sp1/nios2eds/bin/gnu/h-i686-mingw32/bin/../lib/gcc/nios2-elf/4.1.2/../../../../nios2-elf/lib/mno-hw-mul\libc.a(lib_a-fvwrite.o)
                0x0000f654                __sfvwrite_r
 .text          0x0000faf0      0x180 d:/altera/12.1sp1/nios2eds/bin/gnu/h-i686-mingw32/bin/../lib/gcc/nios2-elf/4.1.2/../../../../nios2-elf/lib/mno-hw-mul\libc.a(lib_a-fwalk.o)
                0x0000faf0                _fwalk_reent
                0x0000fbb8                _fwalk
 .text          0x0000fc70        0x0 d:/altera/12.1sp1/nios2eds/bin/gnu/h-i686-mingw32/bin/../lib/gcc/nios2-elf/4.1.2/../../../../nios2-elf/lib/mno-hw-mul\libc.a(lib_a-int_errno.o)
 .text          0x0000fc70       0xc4 d:/altera/12.1sp1/nios2eds/bin/gnu/h-i686-mingw32/bin/../lib/gcc/nios2-elf/4.1.2/../../../../nios2-elf/lib/mno-hw-mul\libc.a(lib_a-locale.o)
                0x0000fc70                __locale_charset
                0x0000fc78                _localeconv_r
                0x0000fc84                localeconv
                0x0000fc94                _setlocale_r
                0x0000fd18                setlocale
 .text          0x0000fd34      0x194 d:/altera/12.1sp1/nios2eds/bin/gnu/h-i686-mingw32/bin/../lib/gcc/nios2-elf/4.1.2/../../../../nios2-elf/lib/mno-hw-mul\libc.a(lib_a-makebuf.o)
                0x0000fd34                __smakebuf_r
 .text          0x0000fec8       0xe4 d:/altera/12.1sp1/nios2eds/bin/gnu/h-i686-mingw32/bin/../lib/gcc/nios2-elf/4.1.2/../../../../nios2-elf/lib/mno-hw-mul\libc.a(lib_a-memchr.o)
                0x0000fec8                memchr
 .text          0x0000ffac       0xe0 d:/altera/12.1sp1/nios2eds/bin/gnu/h-i686-mingw32/bin/../lib/gcc/nios2-elf/4.1.2/../../../../nios2-elf/lib/mno-hw-mul\libc.a(lib_a-memmove.o)
                0x0000ffac                memmove
 .text          0x0001008c     0x108c d:/altera/12.1sp1/nios2eds/bin/gnu/h-i686-mingw32/bin/../lib/gcc/nios2-elf/4.1.2/../../../../nios2-elf/lib/mno-hw-mul\libc.a(lib_a-mprec.o)
                0x0001008c                _Bfree
                0x000100b4                __hi0bits
                0x00010124                __lo0bits
                0x000101e8                __mcmp
                0x00010248                __ulp
                0x000102c8                __b2d
                0x000103e8                __ratio
                0x00010498                _mprec_log10
                0x0001052c                __copybits
                0x00010584                __any_on
                0x0001060c                _Balloc
                0x000106c8                __d2b
                0x00010844                __mdiff
                0x000109d0                __lshift
                0x00010b1c                __multiply
                0x00010d70                __i2b
                0x00010dac                __multadd
                0x00010ed8                __pow5mult
                0x00010ff8                __s2b
 .text          0x00011118      0x1ec d:/altera/12.1sp1/nios2eds/bin/gnu/h-i686-mingw32/bin/../lib/gcc/nios2-elf/4.1.2/../../../../nios2-elf/lib/mno-hw-mul\libc.a(lib_a-putc.o)
                0x00011118                putc
                0x0001121c                _putc_r
 .text          0x00011304      0x5f4 d:/altera/12.1sp1/nios2eds/bin/gnu/h-i686-mingw32/bin/../lib/gcc/nios2-elf/4.1.2/../../../../nios2-elf/lib/mno-hw-mul\libc.a(lib_a-reallocr.o)
                0x00011304                _realloc_r
 .text          0x000118f8       0x40 d:/altera/12.1sp1/nios2eds/bin/gnu/h-i686-mingw32/bin/../lib/gcc/nios2-elf/4.1.2/../../../../nios2-elf/lib/mno-hw-mul\libc.a(lib_a-s_isinfd.o)
                0x000118f8                __isinfd
 .text          0x00011938      0x14c d:/altera/12.1sp1/nios2eds/bin/gnu/h-i686-mingw32/bin/../lib/gcc/nios2-elf/4.1.2/../../../../nios2-elf/lib/mno-hw-mul\libc.a(lib_a-stdio.o)
                0x00011938                __sclose
                0x00011940                __sseek
                0x000119a8                __swrite
                0x00011a24                __sread
 .text          0x00011a84       0xbc d:/altera/12.1sp1/nios2eds/bin/gnu/h-i686-mingw32/bin/../lib/gcc/nios2-elf/4.1.2/../../../../nios2-elf/lib/mno-hw-mul\libc.a(lib_a-strcmp.o)
                0x00011a84                strcmp
 .text          0x00011b40      0x14c d:/altera/12.1sp1/nios2eds/bin/gnu/h-i686-mingw32/bin/../lib/gcc/nios2-elf/4.1.2/../../../../nios2-elf/lib/mno-hw-mul\libc.a(lib_a-wbuf.o)
                0x00011b40                __swbuf_r
                0x00011c70                __swbuf
 .text          0x00011c8c       0x78 d:/altera/12.1sp1/nios2eds/bin/gnu/h-i686-mingw32/bin/../lib/gcc/nios2-elf/4.1.2/../../../../nios2-elf/lib/mno-hw-mul\libc.a(lib_a-writer.o)
                0x00011c8c                _write_r
 .text          0x00011d04       0xc8 d:/altera/12.1sp1/nios2eds/bin/gnu/h-i686-mingw32/bin/../lib/gcc/nios2-elf/4.1.2/../../../../nios2-elf/lib/mno-hw-mul\libc.a(lib_a-callocr.o)
                0x00011d04                _calloc_r
 .text          0x00011dcc       0x70 d:/altera/12.1sp1/nios2eds/bin/gnu/h-i686-mingw32/bin/../lib/gcc/nios2-elf/4.1.2/../../../../nios2-elf/lib/mno-hw-mul\libc.a(lib_a-closer.o)
                0x00011dcc                _close_r
 .text          0x00011e3c      0x124 d:/altera/12.1sp1/nios2eds/bin/gnu/h-i686-mingw32/bin/../lib/gcc/nios2-elf/4.1.2/../../../../nios2-elf/lib/mno-hw-mul\libc.a(lib_a-fclose.o)
                0x00011e3c                _fclose_r
                0x00011f4c                fclose
 .text          0x00011f60       0x74 d:/altera/12.1sp1/nios2eds/bin/gnu/h-i686-mingw32/bin/../lib/gcc/nios2-elf/4.1.2/../../../../nios2-elf/lib/mno-hw-mul\libc.a(lib_a-fstatr.o)
                0x00011f60                _fstat_r
 .text          0x00011fd4       0x70 d:/altera/12.1sp1/nios2eds/bin/gnu/h-i686-mingw32/bin/../lib/gcc/nios2-elf/4.1.2/../../../../nios2-elf/lib/mno-hw-mul\libc.a(lib_a-isattyr.o)
                0x00011fd4                _isatty_r
 .text          0x00012044       0x78 d:/altera/12.1sp1/nios2eds/bin/gnu/h-i686-mingw32/bin/../lib/gcc/nios2-elf/4.1.2/../../../../nios2-elf/lib/mno-hw-mul\libc.a(lib_a-lseekr.o)
                0x00012044                _lseek_r
 .text          0x000120bc       0x78 d:/altera/12.1sp1/nios2eds/bin/gnu/h-i686-mingw32/bin/../lib/gcc/nios2-elf/4.1.2/../../../../nios2-elf/lib/mno-hw-mul\libc.a(lib_a-readr.o)
                0x000120bc                _read_r
 .text          0x00012134      0x66c d:/altera/12.1sp1/nios2eds/bin/gnu/h-i686-mingw32/bin/../lib/gcc/nios2-elf/4.1.2/mno-hw-mul\libgcc.a(_udivdi3.o)
                0x00012134                __udivdi3
 .text          0x000127a0      0x660 d:/altera/12.1sp1/nios2eds/bin/gnu/h-i686-mingw32/bin/../lib/gcc/nios2-elf/4.1.2/mno-hw-mul\libgcc.a(_umoddi3.o)
                0x000127a0                __umoddi3
 .text          0x00012e00       0x88 d:/altera/12.1sp1/nios2eds/bin/gnu/h-i686-mingw32/bin/../lib/gcc/nios2-elf/4.1.2/mno-hw-mul\libgcc.a(_eq_df.o)
                0x00012e00                __eqdf2
 .text          0x00012e88       0x88 d:/altera/12.1sp1/nios2eds/bin/gnu/h-i686-mingw32/bin/../lib/gcc/nios2-elf/4.1.2/mno-hw-mul\libgcc.a(_ne_df.o)
                0x00012e88                __nedf2
 .text          0x00012f10       0x88 d:/altera/12.1sp1/nios2eds/bin/gnu/h-i686-mingw32/bin/../lib/gcc/nios2-elf/4.1.2/mno-hw-mul\libgcc.a(_gt_df.o)
                0x00012f10                __gtdf2
 .text          0x00012f98       0x88 d:/altera/12.1sp1/nios2eds/bin/gnu/h-i686-mingw32/bin/../lib/gcc/nios2-elf/4.1.2/mno-hw-mul\libgcc.a(_ge_df.o)
                0x00012f98                __gedf2
 .text          0x00013020      0x194 d:/altera/12.1sp1/nios2eds/bin/gnu/h-i686-mingw32/bin/../lib/gcc/nios2-elf/4.1.2/mno-hw-mul\libgcc.a(_usi_to_df.o)
                0x00013020                __floatunsidf
 .text          0x000131b4      0x160 ../painter_bsp/\libhal_bsp.a(alt_close.o)
                0x000131b4                close
 .text          0x00013314       0x44 ../painter_bsp/\libhal_bsp.a(alt_dcache_flush_all.o)
                0x00013314                alt_dcache_flush_all
 .text          0x00013358       0x2c ../painter_bsp/\libhal_bsp.a(alt_dev.o)
 .text          0x00013384        0x0 ../painter_bsp/\libhal_bsp.a(alt_errno.o)
 .text          0x00013384      0x138 ../painter_bsp/\libhal_bsp.a(alt_fstat.o)
                0x00013384                fstat
 .text          0x000134bc      0x1d4 ../painter_bsp/\libhal_bsp.a(alt_iic.o)
                0x000134bc                alt_ic_isr_register
                0x0001350c                alt_ic_irq_enable
                0x000135a8                alt_ic_irq_disable
                0x00013648                alt_ic_irq_enabled
 .text          0x00013690       0xf8 ../painter_bsp/\libhal_bsp.a(alt_iic_isr_register.o)
                0x00013690                alt_iic_isr_register
 .text          0x00013788        0x0 ../painter_bsp/\libhal_bsp.a(alt_irq_entry.o)
 .text          0x00013788        0x0 ../painter_bsp/\libhal_bsp.a(alt_irq_handler.o)
 .text          0x00013788        0x0 ../painter_bsp/\libhal_bsp.a(alt_irq_vars.o)
 .text          0x00013788      0x124 ../painter_bsp/\libhal_bsp.a(alt_isatty.o)
                0x00013788                isatty
 .text          0x000138ac       0xec ../painter_bsp/\libhal_bsp.a(alt_load.o)
                0x000138ac                alt_load
 .text          0x00013998      0x154 ../painter_bsp/\libhal_bsp.a(alt_lseek.o)
                0x00013998                lseek
 .text          0x00013aec       0x6c ../painter_bsp/\libhal_bsp.a(alt_main.o)
                0x00013aec                alt_main
 .text          0x00013b58       0x40 ../painter_bsp/\libhal_bsp.a(alt_malloc_lock.o)
                0x00013b58                __malloc_lock
                0x00013b78                __malloc_unlock
 .text          0x00013b98      0x184 ../painter_bsp/\libhal_bsp.a(alt_read.o)
                0x00013b98                read
 .text          0x00013d1c       0x78 ../painter_bsp/\libhal_bsp.a(alt_release_fd.o)
                0x00013d1c                alt_release_fd
 .text          0x00013d94       0xbc ../painter_bsp/\libhal_bsp.a(alt_sbrk.o)
                0x00013d94                sbrk
 .text          0x00013e50      0x1a4 ../painter_bsp/\libhal_bsp.a(alt_tick.o)
                0x00013e50                alt_alarm_stop
                0x00013ee8                alt_tick
 .text          0x00013ff4       0x30 ../painter_bsp/\libhal_bsp.a(alt_usleep.o)
                0x00013ff4                usleep
 .text          0x00014024      0x184 ../painter_bsp/\libhal_bsp.a(alt_write.o)
                0x00014024                write
 .text          0x000141a8       0xc4 ../painter_bsp/\libhal_bsp.a(alt_sys_init.o)
                0x000141a8                alt_irq_init
                0x000141dc                alt_sys_init
 .text          0x0001426c      0x148 ../painter_bsp/\libhal_bsp.a(altera_avalon_jtag_uart_fd.o)
                0x0001426c                altera_avalon_jtag_uart_read_fd
                0x000142c4                altera_avalon_jtag_uart_write_fd
                0x0001431c                altera_avalon_jtag_uart_close_fd
                0x00014364                altera_avalon_jtag_uart_ioctl_fd
 .text          0x000143b4      0x40c ../painter_bsp/\libhal_bsp.a(altera_avalon_jtag_uart_init.o)
                0x000143b4                altera_avalon_jtag_uart_init
                0x0001474c                altera_avalon_jtag_uart_close
 .text          0x000147c0       0xf4 ../painter_bsp/\libhal_bsp.a(altera_avalon_jtag_uart_ioctl.o)
                0x000147c0                altera_avalon_jtag_uart_ioctl
 .text          0x000148b4      0x224 ../painter_bsp/\libhal_bsp.a(altera_avalon_jtag_uart_read.o)
                0x000148b4                altera_avalon_jtag_uart_read
 .text          0x00014ad8      0x240 ../painter_bsp/\libhal_bsp.a(altera_avalon_jtag_uart_write.o)
                0x00014ad8                altera_avalon_jtag_uart_write
 .text          0x00014d18      0x100 ../painter_bsp/\libhal_bsp.a(altera_avalon_timer_sc.o)
                0x00014d88                alt_avalon_timer_sc_init
 .text          0x00014e18      0x154 ../painter_bsp/\libhal_bsp.a(alt_alarm_start.o)
                0x00014e18                alt_alarm_start
 .text          0x00014f6c      0x15c ../painter_bsp/\libhal_bsp.a(alt_busy_sleep.o)
                0x00014f6c                alt_busy_sleep
 .text          0x000150c8      0x114 ../painter_bsp/\libhal_bsp.a(alt_dev_llist_insert.o)
                0x000150c8                alt_dev_llist_insert
 .text          0x000151dc       0x64 ../painter_bsp/\libhal_bsp.a(alt_do_ctors.o)
                0x000151dc                _do_ctors
 .text          0x00015240       0x64 ../painter_bsp/\libhal_bsp.a(alt_do_dtors.o)
                0x00015240                _do_dtors
 .text          0x000152a4        0x0 ../painter_bsp/\libhal_bsp.a(alt_exception_entry.o)
 .text          0x000152a4       0x30 ../painter_bsp/\libhal_bsp.a(alt_icache_flush_all.o)
                0x000152a4                alt_icache_flush_all
 .text          0x000152d4      0x150 ../painter_bsp/\libhal_bsp.a(alt_io_redirect.o)
                0x000153ac                alt_io_redirect
 .text          0x00015424      0x2e4 ../painter_bsp/\libhal_bsp.a(alt_open.o)
                0x0001551c                open
 .text          0x00015708       0x20 ../painter_bsp/\libhal_bsp.a(altera_nios2_qsys_irq.o)
                0x00015708                altera_nios2_qsys_irq_init
 .text          0x00015728       0x94 ../painter_bsp/\libhal_bsp.a(alt_find_dev.o)
                0x00015728                alt_find_dev
 .text          0x000157bc      0x120 ../painter_bsp/\libhal_bsp.a(alt_find_file.o)
                0x000157bc                alt_find_file
 .text          0x000158dc       0xd0 ../painter_bsp/\libhal_bsp.a(alt_get_fd.o)
                0x000158dc                alt_get_fd
 .text          0x000159ac       0x90 ../painter_bsp/\libhal_bsp.a(alt_icache_flush.o)
                0x000159ac                alt_icache_flush
 .text          0x00015a3c       0x14 d:/altera/12.1sp1/nios2eds/bin/gnu/h-i686-mingw32/bin/../lib/gcc/nios2-elf/4.1.2/../../../../nios2-elf/lib/mno-hw-mul\libc.a(lib_a-atexit.o)
                0x00015a3c                atexit
 .text          0x00015a50       0x38 d:/altera/12.1sp1/nios2eds/bin/gnu/h-i686-mingw32/bin/../lib/gcc/nios2-elf/4.1.2/../../../../nios2-elf/lib/mno-hw-mul\libc.a(lib_a-exit.o)
                0x00015a50                exit
 .text          0x00015a88       0x74 d:/altera/12.1sp1/nios2eds/bin/gnu/h-i686-mingw32/bin/../lib/gcc/nios2-elf/4.1.2/../../../../nios2-elf/lib/mno-hw-mul\libc.a(lib_a-memcmp.o)
                0x00015a88                memcmp
 .text          0x00015afc      0x134 d:/altera/12.1sp1/nios2eds/bin/gnu/h-i686-mingw32/bin/../lib/gcc/nios2-elf/4.1.2/../../../../nios2-elf/lib/mno-hw-mul\libc.a(lib_a-__atexit.o)
                0x00015afc                __register_exitproc
 .text          0x00015c30      0x1b4 d:/altera/12.1sp1/nios2eds/bin/gnu/h-i686-mingw32/bin/../lib/gcc/nios2-elf/4.1.2/../../../../nios2-elf/lib/mno-hw-mul\libc.a(lib_a-__call_atexit.o)
                0x00015c34                __call_exitprocs
 .text          0x00015de4       0x60 ../painter_bsp/\libhal_bsp.a(alt_exit.o)
                0x00015e24                _exit
 *(.gnu.warning.*)
 *(.fini)
                0x00015e44                PROVIDE (__etext, ABSOLUTE (.))
                0x00015e44                PROVIDE (_etext, ABSOLUTE (.))
                0x00015e44                PROVIDE (etext, ABSOLUTE (.))
 *(.eh_frame_hdr)
                0x00015e44                . = ALIGN (0x4)
                0x00015e44                PROVIDE (__preinit_array_start, ABSOLUTE (.))
 *(.preinit_array)
                0x00015e44                PROVIDE (__preinit_array_end, ABSOLUTE (.))
                0x00015e44                PROVIDE (__init_array_start, ABSOLUTE (.))
 *(.init_array)
                0x00015e44                PROVIDE (__init_array_end, ABSOLUTE (.))
                0x00015e44                PROVIDE (__fini_array_start, ABSOLUTE (.))
 *(.fini_array)
                0x00015e44                PROVIDE (__fini_array_end, ABSOLUTE (.))
 *(.eh_frame)
 *(.gcc_except_table)
 *(.dynamic)
                0x00015e44                PROVIDE (__CTOR_LIST__, ABSOLUTE (.))
 *(.ctors)
 *(SORT(.ctors.*))
 .ctors.65535   0x00015e44        0x4 d:/altera/12.1sp1/nios2eds/bin/gnu/h-i686-mingw32/bin/../lib/gcc/nios2-elf/4.1.2/../../../../nios2-elf/lib/mno-hw-mul\libc.a(lib_a-__call_atexit.o)
                0x00015e48                PROVIDE (__CTOR_END__, ABSOLUTE (.))
                0x00015e48                PROVIDE (__DTOR_LIST__, ABSOLUTE (.))
 *(.dtors)
 *(SORT(.dtors.*))
                0x00015e48                PROVIDE (__DTOR_END__, ABSOLUTE (.))
 *(.jcr)
                0x00015e48                . = ALIGN (0x4)

.rodata         0x00015e48    0x5edb8
                0x00015e48                PROVIDE (__ram_rodata_start, ABSOLUTE (.))
                0x00015e48                . = ALIGN (0x4)
 *(.rodata .rodata.* .gnu.linkonce.r.*)
 .rodata        0x00015e48     0x77f2 obj/default/fonts/tahomabold_20.o
 .rodata        0x0001d63a    0x12520 obj/default/fonts/tahomabold_32.o
 *fill*         0x0002fb5a        0x2 00
 .rodata        0x0002fb5c    0x448f0 obj/default/gesture.o
                0x0002fb5c                gesture_bmp
 .rodata        0x0007444c       0x30 obj/default/gui.o
 .rodata        0x0007447c       0x30 obj/default/gui_vpg.o
 .rodata        0x000744ac       0x50 obj/default/main.o
 .rodata        0x000744fc      0x1f4 obj/default/terasic_lib/I2C.o
 .rodata        0x000746f0      0x184 obj/default/terasic_lib/I2C_core.o
 .rodata        0x00074874       0x10 obj/default/terasic_lib/debug.o
 .rodata        0x00074884       0x38 obj/default/terasic_lib/multi_touch2.o
 .rodata.str1.4
                0x000748bc        0x5 d:/altera/12.1sp1/nios2eds/bin/gnu/h-i686-mingw32/bin/../lib/gcc/nios2-elf/4.1.2/../../../../nios2-elf/lib/mno-hw-mul\libm.a(lib_a-w_sqrt.o)
                                  0x8 (size before relaxing)
 *fill*         0x000748c1        0x3 00
 .rodata        0x000748c4       0x14 d:/altera/12.1sp1/nios2eds/bin/gnu/h-i686-mingw32/bin/../lib/gcc/nios2-elf/4.1.2/mno-hw-mul\libgcc.a(_thenan_df.o)
                0x000748c4                __thenan_df
 .rodata        0x000748d8      0x100 d:/altera/12.1sp1/nios2eds/bin/gnu/h-i686-mingw32/bin/../lib/gcc/nios2-elf/4.1.2/mno-hw-mul\libgcc.a(_clz.o)
                0x000748d8                __clz_tab
 .rodata.str1.4
                0x000749d8        0x2 d:/altera/12.1sp1/nios2eds/bin/gnu/h-i686-mingw32/bin/../lib/gcc/nios2-elf/4.1.2/../../../../nios2-elf/lib/mno-hw-mul\libc.a(lib_a-impure.o)
                                  0x4 (size before relaxing)
 *fill*         0x000749da        0x2 00
 .rodata.str1.4
                0x000749dc        0x2 d:/altera/12.1sp1/nios2eds/bin/gnu/h-i686-mingw32/bin/../lib/gcc/nios2-elf/4.1.2/../../../../nios2-elf/lib/mno-hw-mul\libc.a(lib_a-puts.o)
                                  0x4 (size before relaxing)
 *fill*         0x000749de        0x2 00
 .rodata.str1.4
                0x000749e0       0x5e d:/altera/12.1sp1/nios2eds/bin/gnu/h-i686-mingw32/bin/../lib/gcc/nios2-elf/4.1.2/../../../../nios2-elf/lib/mno-hw-mul\libc.a(lib_a-vfprintf.o)
                                 0x60 (size before relaxing)
 .rodata        0x00074a3e       0x20 d:/altera/12.1sp1/nios2eds/bin/gnu/h-i686-mingw32/bin/../lib/gcc/nios2-elf/4.1.2/../../../../nios2-elf/lib/mno-hw-mul\libc.a(lib_a-vfprintf.o)
 *fill*         0x00074a5e        0x2 00
 .rodata.str1.4
                0x00074a60       0x10 d:/altera/12.1sp1/nios2eds/bin/gnu/h-i686-mingw32/bin/../lib/gcc/nios2-elf/4.1.2/../../../../nios2-elf/lib/mno-hw-mul\libc.a(lib_a-dtoa.o)
                                 0x14 (size before relaxing)
 .rodata.str1.4
                0x00074a70       0x10 d:/altera/12.1sp1/nios2eds/bin/gnu/h-i686-mingw32/bin/../lib/gcc/nios2-elf/4.1.2/../../../../nios2-elf/lib/mno-hw-mul\libc.a(lib_a-locale.o)
                                 0x18 (size before relaxing)
 .rodata        0x00074a80       0x30 d:/altera/12.1sp1/nios2eds/bin/gnu/h-i686-mingw32/bin/../lib/gcc/nios2-elf/4.1.2/../../../../nios2-elf/lib/mno-hw-mul\libc.a(lib_a-locale.o)
 .rodata        0x00074ab0      0x124 d:/altera/12.1sp1/nios2eds/bin/gnu/h-i686-mingw32/bin/../lib/gcc/nios2-elf/4.1.2/../../../../nios2-elf/lib/mno-hw-mul\libc.a(lib_a-mprec.o)
                0x00074ab0                __mprec_tens
                0x00074b78                __mprec_bigtens
                0x00074ba0                __mprec_tinytens
 .rodata        0x00074bd4        0xc ../painter_bsp/\libhal_bsp.a(alt_dev.o)
 .rodata        0x00074be0       0x10 ../painter_bsp/\libhal_bsp.a(alt_main.o)
 .rodata        0x00074bf0       0x10 ../painter_bsp/\libhal_bsp.a(alt_sys_init.o)
 *(.rodata1)
                0x00074c00                . = ALIGN (0x4)
                0x00074c00                PROVIDE (__ram_rodata_end, ABSOLUTE (.))
                0x00015e48                PROVIDE (__flash_rodata_start, LOADADDR (.rodata))

.rwdata         0x00074c00     0x3624 load address 0x00078224
                0x00074c00                PROVIDE (__ram_rwdata_start, ABSOLUTE (.))
                0x00074c00                . = ALIGN (0x4)
 *(.got.plt)
 *(.got)
 *(.data1)
 *(.data .data.* .gnu.linkonce.d.*)
 .data          0x00074c00        0x0 ../painter_bsp//obj/HAL/src/crt0.o
 .data          0x00074c00      0xbc0 obj/default/fonts/tahomabold_20.o
                0x00074c00                tahomabold_20
 .data          0x000757c0      0xbc0 obj/default/fonts/tahomabold_32.o
                0x000757c0                tahomabold_32
 .data          0x00076380        0x0 obj/default/geometry.o
 .data          0x00076380        0x0 obj/default/gesture.o
 .data          0x00076380      0x415 obj/default/graphic_lib/simple_graphics.o
                0x00076380                cour10_font_array
 .data          0x00076795        0x0 obj/default/graphic_lib/simple_text.o
 *fill*         0x00076795        0x3 00
 .data          0x00076798       0x24 obj/default/gui.o
                0x00076798                szPallete
 .data          0x000767bc        0x0 obj/default/gui_vpg.o
 .data          0x000767bc        0x0 obj/default/main.o
 .data          0x000767bc        0x0 obj/default/terasic_lib/I2C.o
 .data          0x000767bc        0x0 obj/default/terasic_lib/I2C_core.o
 .data          0x000767bc        0x0 obj/default/terasic_lib/debug.o
 .data          0x000767bc        0x0 obj/default/terasic_lib/multi_touch2.o
 .data          0x000767bc        0x0 obj/default/terasic_lib/queue.o
 .data          0x000767bc        0x0 obj/default/vip_fr.o
 .data          0x000767bc        0x0 d:/altera/12.1sp1/nios2eds/bin/gnu/h-i686-mingw32/bin/../lib/gcc/nios2-elf/4.1.2/../../../../nios2-elf/lib/mno-hw-mul\libm.a(lib_a-w_sqrt.o)
 .data          0x000767bc        0x0 d:/altera/12.1sp1/nios2eds/bin/gnu/h-i686-mingw32/bin/../lib/gcc/nios2-elf/4.1.2/../../../../nios2-elf/lib/mno-hw-mul\libm.a(lib_a-e_sqrt.o)
 .data          0x000767bc        0x0 d:/altera/12.1sp1/nios2eds/bin/gnu/h-i686-mingw32/bin/../lib/gcc/nios2-elf/4.1.2/../../../../nios2-elf/lib/mno-hw-mul\libm.a(lib_a-s_isnand.o)
 .data          0x000767bc        0x0 d:/altera/12.1sp1/nios2eds/bin/gnu/h-i686-mingw32/bin/../lib/gcc/nios2-elf/4.1.2/../../../../nios2-elf/lib/mno-hw-mul\libm.a(lib_a-s_lib_ver.o)
 .data          0x000767bc        0x0 d:/altera/12.1sp1/nios2eds/bin/gnu/h-i686-mingw32/bin/../lib/gcc/nios2-elf/4.1.2/../../../../nios2-elf/lib/mno-hw-mul\libm.a(lib_a-s_matherr.o)
 .data          0x000767bc        0x0 d:/altera/12.1sp1/nios2eds/bin/gnu/h-i686-mingw32/bin/../lib/gcc/nios2-elf/4.1.2/mno-hw-mul\libgcc.a(_addsub_df.o)
 .data          0x000767bc        0x0 d:/altera/12.1sp1/nios2eds/bin/gnu/h-i686-mingw32/bin/../lib/gcc/nios2-elf/4.1.2/mno-hw-mul\libgcc.a(_mul_df.o)
 .data          0x000767bc        0x0 d:/altera/12.1sp1/nios2eds/bin/gnu/h-i686-mingw32/bin/../lib/gcc/nios2-elf/4.1.2/mno-hw-mul\libgcc.a(_div_df.o)
 .data          0x000767bc        0x0 d:/altera/12.1sp1/nios2eds/bin/gnu/h-i686-mingw32/bin/../lib/gcc/nios2-elf/4.1.2/mno-hw-mul\libgcc.a(_lt_df.o)
 .data          0x000767bc        0x0 d:/altera/12.1sp1/nios2eds/bin/gnu/h-i686-mingw32/bin/../lib/gcc/nios2-elf/4.1.2/mno-hw-mul\libgcc.a(_si_to_df.o)
 .data          0x000767bc        0x0 d:/altera/12.1sp1/nios2eds/bin/gnu/h-i686-mingw32/bin/../lib/gcc/nios2-elf/4.1.2/mno-hw-mul\libgcc.a(_df_to_si.o)
 .data          0x000767bc        0x0 d:/altera/12.1sp1/nios2eds/bin/gnu/h-i686-mingw32/bin/../lib/gcc/nios2-elf/4.1.2/mno-hw-mul\libgcc.a(_thenan_df.o)
 .data          0x000767bc        0x0 d:/altera/12.1sp1/nios2eds/bin/gnu/h-i686-mingw32/bin/../lib/gcc/nios2-elf/4.1.2/mno-hw-mul\libgcc.a(lib2-divmod.o)
 .data          0x000767bc        0x0 d:/altera/12.1sp1/nios2eds/bin/gnu/h-i686-mingw32/bin/../lib/gcc/nios2-elf/4.1.2/mno-hw-mul\libgcc.a(lib2-mul.o)
 .data          0x000767bc        0x0 d:/altera/12.1sp1/nios2eds/bin/gnu/h-i686-mingw32/bin/../lib/gcc/nios2-elf/4.1.2/mno-hw-mul\libgcc.a(_muldi3.o)
 .data          0x000767bc        0x0 d:/altera/12.1sp1/nios2eds/bin/gnu/h-i686-mingw32/bin/../lib/gcc/nios2-elf/4.1.2/mno-hw-mul\libgcc.a(_clzsi2.o)
 .data          0x000767bc        0x0 d:/altera/12.1sp1/nios2eds/bin/gnu/h-i686-mingw32/bin/../lib/gcc/nios2-elf/4.1.2/mno-hw-mul\libgcc.a(_pack_df.o)
 .data          0x000767bc        0x0 d:/altera/12.1sp1/nios2eds/bin/gnu/h-i686-mingw32/bin/../lib/gcc/nios2-elf/4.1.2/mno-hw-mul\libgcc.a(_unpack_df.o)
 .data          0x000767bc        0x0 d:/altera/12.1sp1/nios2eds/bin/gnu/h-i686-mingw32/bin/../lib/gcc/nios2-elf/4.1.2/mno-hw-mul\libgcc.a(_fpcmp_parts_df.o)
 .data          0x000767bc        0x0 d:/altera/12.1sp1/nios2eds/bin/gnu/h-i686-mingw32/bin/../lib/gcc/nios2-elf/4.1.2/mno-hw-mul\libgcc.a(_clz.o)
 .data          0x000767bc        0x0 d:/altera/12.1sp1/nios2eds/bin/gnu/h-i686-mingw32/bin/../lib/gcc/nios2-elf/4.1.2/../../../../nios2-elf/lib/mno-hw-mul\libc.a(lib_a-errno.o)
 .data          0x000767bc      0x400 d:/altera/12.1sp1/nios2eds/bin/gnu/h-i686-mingw32/bin/../lib/gcc/nios2-elf/4.1.2/../../../../nios2-elf/lib/mno-hw-mul\libc.a(lib_a-impure.o)
 .data          0x00076bbc        0x0 d:/altera/12.1sp1/nios2eds/bin/gnu/h-i686-mingw32/bin/../lib/gcc/nios2-elf/4.1.2/../../../../nios2-elf/lib/mno-hw-mul\libc.a(lib_a-malloc.o)
 .data          0x00076bbc      0x408 d:/altera/12.1sp1/nios2eds/bin/gnu/h-i686-mingw32/bin/../lib/gcc/nios2-elf/4.1.2/../../../../nios2-elf/lib/mno-hw-mul\libc.a(lib_a-mallocr.o)
                0x00076bbc                __malloc_av_
 .data          0x00076fc4        0x0 d:/altera/12.1sp1/nios2eds/bin/gnu/h-i686-mingw32/bin/../lib/gcc/nios2-elf/4.1.2/../../../../nios2-elf/lib/mno-hw-mul\libc.a(lib_a-memcpy.o)
 .data          0x00076fc4        0x0 d:/altera/12.1sp1/nios2eds/bin/gnu/h-i686-mingw32/bin/../lib/gcc/nios2-elf/4.1.2/../../../../nios2-elf/lib/mno-hw-mul\libc.a(lib_a-memset.o)
 .data          0x00076fc4        0x0 d:/altera/12.1sp1/nios2eds/bin/gnu/h-i686-mingw32/bin/../lib/gcc/nios2-elf/4.1.2/../../../../nios2-elf/lib/mno-hw-mul\libc.a(lib_a-printf.o)
 .data          0x00076fc4        0x0 d:/altera/12.1sp1/nios2eds/bin/gnu/h-i686-mingw32/bin/../lib/gcc/nios2-elf/4.1.2/../../../../nios2-elf/lib/mno-hw-mul\libc.a(lib_a-putchar.o)
 .data          0x00076fc4        0x0 d:/altera/12.1sp1/nios2eds/bin/gnu/h-i686-mingw32/bin/../lib/gcc/nios2-elf/4.1.2/../../../../nios2-elf/lib/mno-hw-mul\libc.a(lib_a-puts.o)
 .data          0x00076fc4        0x0 d:/altera/12.1sp1/nios2eds/bin/gnu/h-i686-mingw32/bin/../lib/gcc/nios2-elf/4.1.2/../../../../nios2-elf/lib/mno-hw-mul\libc.a(lib_a-sbrkr.o)
 .data          0x00076fc4        0x0 d:/altera/12.1sp1/nios2eds/bin/gnu/h-i686-mingw32/bin/../lib/gcc/nios2-elf/4.1.2/../../../../nios2-elf/lib/mno-hw-mul\libc.a(lib_a-sprintf.o)
 .data          0x00076fc4        0x0 d:/altera/12.1sp1/nios2eds/bin/gnu/h-i686-mingw32/bin/../lib/gcc/nios2-elf/4.1.2/../../../../nios2-elf/lib/mno-hw-mul\libc.a(lib_a-strcpy.o)
 .data          0x00076fc4        0x0 d:/altera/12.1sp1/nios2eds/bin/gnu/h-i686-mingw32/bin/../lib/gcc/nios2-elf/4.1.2/../../../../nios2-elf/lib/mno-hw-mul\libc.a(lib_a-strlen.o)
 .data          0x00076fc4        0x0 d:/altera/12.1sp1/nios2eds/bin/gnu/h-i686-mingw32/bin/../lib/gcc/nios2-elf/4.1.2/../../../../nios2-elf/lib/mno-hw-mul\libc.a(lib_a-vfprintf.o)
 .data          0x00076fc4        0x0 d:/altera/12.1sp1/nios2eds/bin/gnu/h-i686-mingw32/bin/../lib/gcc/nios2-elf/4.1.2/../../../../nios2-elf/lib/mno-hw-mul\libc.a(lib_a-vsnprintf.o)
 .data          0x00076fc4        0x0 d:/altera/12.1sp1/nios2eds/bin/gnu/h-i686-mingw32/bin/../lib/gcc/nios2-elf/4.1.2/../../../../nios2-elf/lib/mno-hw-mul\libc.a(lib_a-wsetup.o)
 .data          0x00076fc4        0x0 d:/altera/12.1sp1/nios2eds/bin/gnu/h-i686-mingw32/bin/../lib/gcc/nios2-elf/4.1.2/../../../../nios2-elf/lib/mno-hw-mul\libc.a(lib_a-dtoa.o)
 .data          0x00076fc4        0x0 d:/altera/12.1sp1/nios2eds/bin/gnu/h-i686-mingw32/bin/../lib/gcc/nios2-elf/4.1.2/../../../../nios2-elf/lib/mno-hw-mul\libc.a(lib_a-fflush.o)
 .data          0x00076fc4        0x0 d:/altera/12.1sp1/nios2eds/bin/gnu/h-i686-mingw32/bin/../lib/gcc/nios2-elf/4.1.2/../../../../nios2-elf/lib/mno-hw-mul\libc.a(lib_a-findfp.o)
 .data          0x00076fc4        0x0 d:/altera/12.1sp1/nios2eds/bin/gnu/h-i686-mingw32/bin/../lib/gcc/nios2-elf/4.1.2/../../../../nios2-elf/lib/mno-hw-mul\libc.a(lib_a-freer.o)
 .data          0x00076fc4        0x0 d:/altera/12.1sp1/nios2eds/bin/gnu/h-i686-mingw32/bin/../lib/gcc/nios2-elf/4.1.2/../../../../nios2-elf/lib/mno-hw-mul\libc.a(lib_a-fvwrite.o)
 .data          0x00076fc4        0x0 d:/altera/12.1sp1/nios2eds/bin/gnu/h-i686-mingw32/bin/../lib/gcc/nios2-elf/4.1.2/../../../../nios2-elf/lib/mno-hw-mul\libc.a(lib_a-fwalk.o)
 .data          0x00076fc4        0x0 d:/altera/12.1sp1/nios2eds/bin/gnu/h-i686-mingw32/bin/../lib/gcc/nios2-elf/4.1.2/../../../../nios2-elf/lib/mno-hw-mul\libc.a(lib_a-int_errno.o)
 .data          0x00076fc4        0xc d:/altera/12.1sp1/nios2eds/bin/gnu/h-i686-mingw32/bin/../lib/gcc/nios2-elf/4.1.2/../../../../nios2-elf/lib/mno-hw-mul\libc.a(lib_a-locale.o)
                0x00076fc4                __lc_ctype
 .data          0x00076fd0        0x0 d:/altera/12.1sp1/nios2eds/bin/gnu/h-i686-mingw32/bin/../lib/gcc/nios2-elf/4.1.2/../../../../nios2-elf/lib/mno-hw-mul\libc.a(lib_a-makebuf.o)
 .data          0x00076fd0        0x0 d:/altera/12.1sp1/nios2eds/bin/gnu/h-i686-mingw32/bin/../lib/gcc/nios2-elf/4.1.2/../../../../nios2-elf/lib/mno-hw-mul\libc.a(lib_a-memchr.o)
 .data          0x00076fd0        0x0 d:/altera/12.1sp1/nios2eds/bin/gnu/h-i686-mingw32/bin/../lib/gcc/nios2-elf/4.1.2/../../../../nios2-elf/lib/mno-hw-mul\libc.a(lib_a-memmove.o)
 .data          0x00076fd0        0x0 d:/altera/12.1sp1/nios2eds/bin/gnu/h-i686-mingw32/bin/../lib/gcc/nios2-elf/4.1.2/../../../../nios2-elf/lib/mno-hw-mul\libc.a(lib_a-mprec.o)
 .data          0x00076fd0        0x0 d:/altera/12.1sp1/nios2eds/bin/gnu/h-i686-mingw32/bin/../lib/gcc/nios2-elf/4.1.2/../../../../nios2-elf/lib/mno-hw-mul\libc.a(lib_a-putc.o)
 .data          0x00076fd0        0x0 d:/altera/12.1sp1/nios2eds/bin/gnu/h-i686-mingw32/bin/../lib/gcc/nios2-elf/4.1.2/../../../../nios2-elf/lib/mno-hw-mul\libc.a(lib_a-reallocr.o)
 .data          0x00076fd0        0x0 d:/altera/12.1sp1/nios2eds/bin/gnu/h-i686-mingw32/bin/../lib/gcc/nios2-elf/4.1.2/../../../../nios2-elf/lib/mno-hw-mul\libc.a(lib_a-s_isinfd.o)
 .data          0x00076fd0        0x0 d:/altera/12.1sp1/nios2eds/bin/gnu/h-i686-mingw32/bin/../lib/gcc/nios2-elf/4.1.2/../../../../nios2-elf/lib/mno-hw-mul\libc.a(lib_a-stdio.o)
 .data          0x00076fd0        0x0 d:/altera/12.1sp1/nios2eds/bin/gnu/h-i686-mingw32/bin/../lib/gcc/nios2-elf/4.1.2/../../../../nios2-elf/lib/mno-hw-mul\libc.a(lib_a-strcmp.o)
 .data          0x00076fd0        0x0 d:/altera/12.1sp1/nios2eds/bin/gnu/h-i686-mingw32/bin/../lib/gcc/nios2-elf/4.1.2/../../../../nios2-elf/lib/mno-hw-mul\libc.a(lib_a-wbuf.o)
 .data          0x00076fd0        0x0 d:/altera/12.1sp1/nios2eds/bin/gnu/h-i686-mingw32/bin/../lib/gcc/nios2-elf/4.1.2/../../../../nios2-elf/lib/mno-hw-mul\libc.a(lib_a-writer.o)
 .data          0x00076fd0        0x0 d:/altera/12.1sp1/nios2eds/bin/gnu/h-i686-mingw32/bin/../lib/gcc/nios2-elf/4.1.2/../../../../nios2-elf/lib/mno-hw-mul\libc.a(lib_a-callocr.o)
 .data          0x00076fd0        0x0 d:/altera/12.1sp1/nios2eds/bin/gnu/h-i686-mingw32/bin/../lib/gcc/nios2-elf/4.1.2/../../../../nios2-elf/lib/mno-hw-mul\libc.a(lib_a-closer.o)
 .data          0x00076fd0        0x0 d:/altera/12.1sp1/nios2eds/bin/gnu/h-i686-mingw32/bin/../lib/gcc/nios2-elf/4.1.2/../../../../nios2-elf/lib/mno-hw-mul\libc.a(lib_a-fclose.o)
 .data          0x00076fd0        0x0 d:/altera/12.1sp1/nios2eds/bin/gnu/h-i686-mingw32/bin/../lib/gcc/nios2-elf/4.1.2/../../../../nios2-elf/lib/mno-hw-mul\libc.a(lib_a-fstatr.o)
 .data          0x00076fd0        0x0 d:/altera/12.1sp1/nios2eds/bin/gnu/h-i686-mingw32/bin/../lib/gcc/nios2-elf/4.1.2/../../../../nios2-elf/lib/mno-hw-mul\libc.a(lib_a-isattyr.o)
 .data          0x00076fd0        0x0 d:/altera/12.1sp1/nios2eds/bin/gnu/h-i686-mingw32/bin/../lib/gcc/nios2-elf/4.1.2/../../../../nios2-elf/lib/mno-hw-mul\libc.a(lib_a-lseekr.o)
 .data          0x00076fd0        0x0 d:/altera/12.1sp1/nios2eds/bin/gnu/h-i686-mingw32/bin/../lib/gcc/nios2-elf/4.1.2/../../../../nios2-elf/lib/mno-hw-mul\libc.a(lib_a-readr.o)
 .data          0x00076fd0        0x0 d:/altera/12.1sp1/nios2eds/bin/gnu/h-i686-mingw32/bin/../lib/gcc/nios2-elf/4.1.2/mno-hw-mul\libgcc.a(_udivdi3.o)
 .data          0x00076fd0        0x0 d:/altera/12.1sp1/nios2eds/bin/gnu/h-i686-mingw32/bin/../lib/gcc/nios2-elf/4.1.2/mno-hw-mul\libgcc.a(_umoddi3.o)
 .data          0x00076fd0        0x0 d:/altera/12.1sp1/nios2eds/bin/gnu/h-i686-mingw32/bin/../lib/gcc/nios2-elf/4.1.2/mno-hw-mul\libgcc.a(_eq_df.o)
 .data          0x00076fd0        0x0 d:/altera/12.1sp1/nios2eds/bin/gnu/h-i686-mingw32/bin/../lib/gcc/nios2-elf/4.1.2/mno-hw-mul\libgcc.a(_ne_df.o)
 .data          0x00076fd0        0x0 d:/altera/12.1sp1/nios2eds/bin/gnu/h-i686-mingw32/bin/../lib/gcc/nios2-elf/4.1.2/mno-hw-mul\libgcc.a(_gt_df.o)
 .data          0x00076fd0        0x0 d:/altera/12.1sp1/nios2eds/bin/gnu/h-i686-mingw32/bin/../lib/gcc/nios2-elf/4.1.2/mno-hw-mul\libgcc.a(_ge_df.o)
 .data          0x00076fd0        0x0 d:/altera/12.1sp1/nios2eds/bin/gnu/h-i686-mingw32/bin/../lib/gcc/nios2-elf/4.1.2/mno-hw-mul\libgcc.a(_usi_to_df.o)
 .data          0x00076fd0        0x0 ../painter_bsp/\libhal_bsp.a(alt_close.o)
 .data          0x00076fd0        0x0 ../painter_bsp/\libhal_bsp.a(alt_dcache_flush_all.o)
 .data          0x00076fd0      0x1a8 ../painter_bsp/\libhal_bsp.a(alt_dev.o)
                0x00076fd0                alt_dev_null
                0x00076ff8                alt_fd_list
 .data          0x00077178        0x0 ../painter_bsp/\libhal_bsp.a(alt_errno.o)
 .data          0x00077178        0x0 ../painter_bsp/\libhal_bsp.a(alt_fstat.o)
 .data          0x00077178        0x0 ../painter_bsp/\libhal_bsp.a(alt_iic.o)
 .data          0x00077178        0x0 ../painter_bsp/\libhal_bsp.a(alt_iic_isr_register.o)
 .data          0x00077178        0x0 ../painter_bsp/\libhal_bsp.a(alt_irq_entry.o)
 .data          0x00077178        0x0 ../painter_bsp/\libhal_bsp.a(alt_irq_handler.o)
 .data          0x00077178        0x0 ../painter_bsp/\libhal_bsp.a(alt_irq_vars.o)
 .data          0x00077178        0x0 ../painter_bsp/\libhal_bsp.a(alt_isatty.o)
 .data          0x00077178        0x0 ../painter_bsp/\libhal_bsp.a(alt_load.o)
 .data          0x00077178        0x0 ../painter_bsp/\libhal_bsp.a(alt_lseek.o)
 .data          0x00077178        0x0 ../painter_bsp/\libhal_bsp.a(alt_main.o)
 .data          0x00077178        0x0 ../painter_bsp/\libhal_bsp.a(alt_malloc_lock.o)
 .data          0x00077178        0x0 ../painter_bsp/\libhal_bsp.a(alt_read.o)
 .data          0x00077178        0x0 ../painter_bsp/\libhal_bsp.a(alt_release_fd.o)
 .data          0x00077178        0x0 ../painter_bsp/\libhal_bsp.a(alt_sbrk.o)
 .data          0x00077178        0x0 ../painter_bsp/\libhal_bsp.a(alt_tick.o)
 .data          0x00077178        0x0 ../painter_bsp/\libhal_bsp.a(alt_usleep.o)
 .data          0x00077178        0x0 ../painter_bsp/\libhal_bsp.a(alt_write.o)
 .data          0x00077178     0x1060 ../painter_bsp/\libhal_bsp.a(alt_sys_init.o)
 .data          0x000781d8        0x0 ../painter_bsp/\libhal_bsp.a(altera_avalon_jtag_uart_fd.o)
 .data          0x000781d8        0x0 ../painter_bsp/\libhal_bsp.a(altera_avalon_jtag_uart_init.o)
 .data          0x000781d8        0x0 ../painter_bsp/\libhal_bsp.a(altera_avalon_jtag_uart_ioctl.o)
 .data          0x000781d8        0x0 ../painter_bsp/\libhal_bsp.a(altera_avalon_jtag_uart_read.o)
 .data          0x000781d8        0x0 ../painter_bsp/\libhal_bsp.a(altera_avalon_jtag_uart_write.o)
 .data          0x000781d8        0x0 ../painter_bsp/\libhal_bsp.a(altera_avalon_timer_sc.o)
 .data          0x000781d8        0x0 ../painter_bsp/\libhal_bsp.a(alt_alarm_start.o)
 .data          0x000781d8        0x0 ../painter_bsp/\libhal_bsp.a(alt_busy_sleep.o)
 .data          0x000781d8        0x0 ../painter_bsp/\libhal_bsp.a(alt_dev_llist_insert.o)
 .data          0x000781d8        0x0 ../painter_bsp/\libhal_bsp.a(alt_do_ctors.o)
 .data          0x000781d8        0x0 ../painter_bsp/\libhal_bsp.a(alt_do_dtors.o)
 .data          0x000781d8        0x0 ../painter_bsp/\libhal_bsp.a(alt_exception_entry.o)
 .data          0x000781d8        0x0 ../painter_bsp/\libhal_bsp.a(alt_icache_flush_all.o)
 .data          0x000781d8        0x0 ../painter_bsp/\libhal_bsp.a(alt_io_redirect.o)
 .data          0x000781d8        0x0 ../painter_bsp/\libhal_bsp.a(alt_open.o)
 .data          0x000781d8        0x0 ../painter_bsp/\libhal_bsp.a(altera_nios2_qsys_irq.o)
 .data          0x000781d8        0x0 ../painter_bsp/\libhal_bsp.a(alt_find_dev.o)
 .data          0x000781d8        0x0 ../painter_bsp/\libhal_bsp.a(alt_find_file.o)
 .data          0x000781d8        0x0 ../painter_bsp/\libhal_bsp.a(alt_get_fd.o)
 .data          0x000781d8        0x0 ../painter_bsp/\libhal_bsp.a(alt_icache_flush.o)
 .data          0x000781d8        0x0 d:/altera/12.1sp1/nios2eds/bin/gnu/h-i686-mingw32/bin/../lib/gcc/nios2-elf/4.1.2/../../../../nios2-elf/lib/mno-hw-mul\libc.a(lib_a-atexit.o)
 .data          0x000781d8        0x0 d:/altera/12.1sp1/nios2eds/bin/gnu/h-i686-mingw32/bin/../lib/gcc/nios2-elf/4.1.2/../../../../nios2-elf/lib/mno-hw-mul\libc.a(lib_a-exit.o)
 .data          0x000781d8        0x0 d:/altera/12.1sp1/nios2eds/bin/gnu/h-i686-mingw32/bin/../lib/gcc/nios2-elf/4.1.2/../../../../nios2-elf/lib/mno-hw-mul\libc.a(lib_a-memcmp.o)
 .data          0x000781d8        0x0 d:/altera/12.1sp1/nios2eds/bin/gnu/h-i686-mingw32/bin/../lib/gcc/nios2-elf/4.1.2/../../../../nios2-elf/lib/mno-hw-mul\libc.a(lib_a-__atexit.o)
 .data          0x000781d8        0x0 d:/altera/12.1sp1/nios2eds/bin/gnu/h-i686-mingw32/bin/../lib/gcc/nios2-elf/4.1.2/../../../../nios2-elf/lib/mno-hw-mul\libc.a(lib_a-__call_atexit.o)
 .data          0x000781d8        0x0 ../painter_bsp/\libhal_bsp.a(alt_exit.o)
                0x000801d8                _gp = ABSOLUTE ((. + 0x8000))
                0x000801d8                PROVIDE (gp, _gp)
 *(.rwdata .rwdata.*)
 *(.sdata .sdata.* .gnu.linkonce.s.*)
 .sdata         0x000781d8        0x4 obj/default/graphic_lib/simple_graphics.o
                0x000781d8                cour10_font
 .sdata         0x000781dc        0x4 obj/default/gui.o
 .sdata         0x000781e0        0x4 d:/altera/12.1sp1/nios2eds/bin/gnu/h-i686-mingw32/bin/../lib/gcc/nios2-elf/4.1.2/../../../../nios2-elf/lib/mno-hw-mul\libm.a(lib_a-s_lib_ver.o)
                0x000781e0                __fdlib_version
 .sdata         0x000781e4        0x8 d:/altera/12.1sp1/nios2eds/bin/gnu/h-i686-mingw32/bin/../lib/gcc/nios2-elf/4.1.2/../../../../nios2-elf/lib/mno-hw-mul\libc.a(lib_a-impure.o)
                0x000781e4                _impure_ptr
                0x000781e8                _global_impure_ptr
 .sdata         0x000781ec        0x8 d:/altera/12.1sp1/nios2eds/bin/gnu/h-i686-mingw32/bin/../lib/gcc/nios2-elf/4.1.2/../../../../nios2-elf/lib/mno-hw-mul\libc.a(lib_a-mallocr.o)
                0x000781ec                __malloc_trim_threshold
                0x000781f0                __malloc_sbrk_base
 .sdata         0x000781f4        0x8 d:/altera/12.1sp1/nios2eds/bin/gnu/h-i686-mingw32/bin/../lib/gcc/nios2-elf/4.1.2/../../../../nios2-elf/lib/mno-hw-mul\libc.a(lib_a-locale.o)
                0x000781f4                __mb_cur_max
 .sdata         0x000781fc       0x14 ../painter_bsp/\libhal_bsp.a(alt_dev.o)
                0x000781fc                alt_fs_list
                0x00078204                alt_dev_list
                0x0007820c                alt_max_fd
 .sdata         0x00078210        0x4 ../painter_bsp/\libhal_bsp.a(alt_errno.o)
                0x00078210                alt_errno
 .sdata         0x00078214        0x4 ../painter_bsp/\libhal_bsp.a(alt_irq_vars.o)
                0x00078214                alt_priority_mask
 .sdata         0x00078218        0x4 ../painter_bsp/\libhal_bsp.a(alt_sbrk.o)
 .sdata         0x0007821c        0x8 ../painter_bsp/\libhal_bsp.a(alt_tick.o)
                0x0007821c                alt_alarm_list
 *(.sdata2 .sdata2.* .gnu.linkonce.s2.*)
                0x00078224                . = ALIGN (0x4)
                0x00078224                _edata = ABSOLUTE (.)
                0x00078224                PROVIDE (edata, ABSOLUTE (.))
                0x00078224                PROVIDE (__ram_rwdata_end, ABSOLUTE (.))
                0x00078224                PROVIDE (__flash_rwdata_start, LOADADDR (.rwdata))

.bss            0x0007b848      0x2f0
                0x0007b848                __bss_start = ABSOLUTE (.)
                0x0007b848                PROVIDE (__sbss_start, ABSOLUTE (.))
                0x0007b848                PROVIDE (___sbss_start, ABSOLUTE (.))
 *(.dynsbss)
 *(.sbss .sbss.* .gnu.linkonce.sb.*)
 .sbss          0x0007b848        0x4 obj/default/gui.o
 .sbss          0x0007b84c        0xc d:/altera/12.1sp1/nios2eds/bin/gnu/h-i686-mingw32/bin/../lib/gcc/nios2-elf/4.1.2/../../../../nios2-elf/lib/mno-hw-mul\libc.a(lib_a-mallocr.o)
                0x0007b84c                __malloc_top_pad
                0x0007b850                __malloc_max_sbrked_mem
                0x0007b854                __malloc_max_total_mem
 .sbss          0x0007b858        0x4 d:/altera/12.1sp1/nios2eds/bin/gnu/h-i686-mingw32/bin/../lib/gcc/nios2-elf/4.1.2/../../../../nios2-elf/lib/mno-hw-mul\libc.a(lib_a-int_errno.o)
                0x0007b858                errno
 .sbss          0x0007b85c        0xc d:/altera/12.1sp1/nios2eds/bin/gnu/h-i686-mingw32/bin/../lib/gcc/nios2-elf/4.1.2/../../../../nios2-elf/lib/mno-hw-mul\libc.a(lib_a-locale.o)
                0x0007b85c                __nlocale_changed
                0x0007b860                __mlocale_changed
                0x0007b864                _PathLocale
 .sbss          0x0007b868        0x4 ../painter_bsp/\libhal_bsp.a(alt_irq_vars.o)
                0x0007b868                alt_irq_active
 .sbss          0x0007b86c        0xc ../painter_bsp/\libhal_bsp.a(alt_main.o)
                0x0007b86c                alt_argc
                0x0007b870                alt_argv
                0x0007b874                alt_envp
 .sbss          0x0007b878        0x8 ../painter_bsp/\libhal_bsp.a(alt_tick.o)
                0x0007b878                _alt_tick_rate
                0x0007b87c                _alt_nticks
 *(.sbss2 .sbss2.* .gnu.linkonce.sb2.*)
 *(.scommon)
                0x0007b880                PROVIDE (__sbss_end, ABSOLUTE (.))
                0x0007b880                PROVIDE (___sbss_end, ABSOLUTE (.))
 *(.dynbss)
 *(.bss .bss.* .gnu.linkonce.b.*)
 .bss           0x0007b880        0x0 ../painter_bsp//obj/HAL/src/crt0.o
 .bss           0x0007b880        0x0 obj/default/fonts/tahomabold_20.o
 .bss           0x0007b880        0x0 obj/default/fonts/tahomabold_32.o
 .bss           0x0007b880        0x0 obj/default/geometry.o
 .bss           0x0007b880        0x0 obj/default/gesture.o
 .bss           0x0007b880        0x0 obj/default/graphic_lib/simple_graphics.o
 .bss           0x0007b880        0x0 obj/default/graphic_lib/simple_text.o
 .bss           0x0007b880        0x0 obj/default/gui.o
 .bss           0x0007b880        0x0 obj/default/gui_vpg.o
 .bss           0x0007b880        0x0 obj/default/main.o
 .bss           0x0007b880        0x0 obj/default/terasic_lib/I2C.o
 .bss           0x0007b880        0x0 obj/default/terasic_lib/I2C_core.o
 .bss           0x0007b880        0x0 obj/default/terasic_lib/debug.o
 .bss           0x0007b880        0x0 obj/default/terasic_lib/multi_touch2.o
 .bss           0x0007b880        0x0 obj/default/terasic_lib/queue.o
 .bss           0x0007b880        0x0 obj/default/vip_fr.o
 .bss           0x0007b880        0x0 d:/altera/12.1sp1/nios2eds/bin/gnu/h-i686-mingw32/bin/../lib/gcc/nios2-elf/4.1.2/../../../../nios2-elf/lib/mno-hw-mul\libm.a(lib_a-w_sqrt.o)
 .bss           0x0007b880        0x0 d:/altera/12.1sp1/nios2eds/bin/gnu/h-i686-mingw32/bin/../lib/gcc/nios2-elf/4.1.2/../../../../nios2-elf/lib/mno-hw-mul\libm.a(lib_a-e_sqrt.o)
 .bss           0x0007b880        0x0 d:/altera/12.1sp1/nios2eds/bin/gnu/h-i686-mingw32/bin/../lib/gcc/nios2-elf/4.1.2/../../../../nios2-elf/lib/mno-hw-mul\libm.a(lib_a-s_isnand.o)
 .bss           0x0007b880        0x0 d:/altera/12.1sp1/nios2eds/bin/gnu/h-i686-mingw32/bin/../lib/gcc/nios2-elf/4.1.2/../../../../nios2-elf/lib/mno-hw-mul\libm.a(lib_a-s_lib_ver.o)
 .bss           0x0007b880        0x0 d:/altera/12.1sp1/nios2eds/bin/gnu/h-i686-mingw32/bin/../lib/gcc/nios2-elf/4.1.2/../../../../nios2-elf/lib/mno-hw-mul\libm.a(lib_a-s_matherr.o)
 .bss           0x0007b880        0x0 d:/altera/12.1sp1/nios2eds/bin/gnu/h-i686-mingw32/bin/../lib/gcc/nios2-elf/4.1.2/mno-hw-mul\libgcc.a(_addsub_df.o)
 .bss           0x0007b880        0x0 d:/altera/12.1sp1/nios2eds/bin/gnu/h-i686-mingw32/bin/../lib/gcc/nios2-elf/4.1.2/mno-hw-mul\libgcc.a(_mul_df.o)
 .bss           0x0007b880        0x0 d:/altera/12.1sp1/nios2eds/bin/gnu/h-i686-mingw32/bin/../lib/gcc/nios2-elf/4.1.2/mno-hw-mul\libgcc.a(_div_df.o)
 .bss           0x0007b880        0x0 d:/altera/12.1sp1/nios2eds/bin/gnu/h-i686-mingw32/bin/../lib/gcc/nios2-elf/4.1.2/mno-hw-mul\libgcc.a(_lt_df.o)
 .bss           0x0007b880        0x0 d:/altera/12.1sp1/nios2eds/bin/gnu/h-i686-mingw32/bin/../lib/gcc/nios2-elf/4.1.2/mno-hw-mul\libgcc.a(_si_to_df.o)
 .bss           0x0007b880        0x0 d:/altera/12.1sp1/nios2eds/bin/gnu/h-i686-mingw32/bin/../lib/gcc/nios2-elf/4.1.2/mno-hw-mul\libgcc.a(_df_to_si.o)
 .bss           0x0007b880        0x0 d:/altera/12.1sp1/nios2eds/bin/gnu/h-i686-mingw32/bin/../lib/gcc/nios2-elf/4.1.2/mno-hw-mul\libgcc.a(_thenan_df.o)
 .bss           0x0007b880        0x0 d:/altera/12.1sp1/nios2eds/bin/gnu/h-i686-mingw32/bin/../lib/gcc/nios2-elf/4.1.2/mno-hw-mul\libgcc.a(lib2-divmod.o)
 .bss           0x0007b880        0x0 d:/altera/12.1sp1/nios2eds/bin/gnu/h-i686-mingw32/bin/../lib/gcc/nios2-elf/4.1.2/mno-hw-mul\libgcc.a(lib2-mul.o)
 .bss           0x0007b880        0x0 d:/altera/12.1sp1/nios2eds/bin/gnu/h-i686-mingw32/bin/../lib/gcc/nios2-elf/4.1.2/mno-hw-mul\libgcc.a(_muldi3.o)
 .bss           0x0007b880        0x0 d:/altera/12.1sp1/nios2eds/bin/gnu/h-i686-mingw32/bin/../lib/gcc/nios2-elf/4.1.2/mno-hw-mul\libgcc.a(_clzsi2.o)
 .bss           0x0007b880        0x0 d:/altera/12.1sp1/nios2eds/bin/gnu/h-i686-mingw32/bin/../lib/gcc/nios2-elf/4.1.2/mno-hw-mul\libgcc.a(_pack_df.o)
 .bss           0x0007b880        0x0 d:/altera/12.1sp1/nios2eds/bin/gnu/h-i686-mingw32/bin/../lib/gcc/nios2-elf/4.1.2/mno-hw-mul\libgcc.a(_unpack_df.o)
 .bss           0x0007b880        0x0 d:/altera/12.1sp1/nios2eds/bin/gnu/h-i686-mingw32/bin/../lib/gcc/nios2-elf/4.1.2/mno-hw-mul\libgcc.a(_fpcmp_parts_df.o)
 .bss           0x0007b880        0x0 d:/altera/12.1sp1/nios2eds/bin/gnu/h-i686-mingw32/bin/../lib/gcc/nios2-elf/4.1.2/mno-hw-mul\libgcc.a(_clz.o)
 .bss           0x0007b880        0x0 d:/altera/12.1sp1/nios2eds/bin/gnu/h-i686-mingw32/bin/../lib/gcc/nios2-elf/4.1.2/../../../../nios2-elf/lib/mno-hw-mul\libc.a(lib_a-errno.o)
 .bss           0x0007b880        0x0 d:/altera/12.1sp1/nios2eds/bin/gnu/h-i686-mingw32/bin/../lib/gcc/nios2-elf/4.1.2/../../../../nios2-elf/lib/mno-hw-mul\libc.a(lib_a-impure.o)
 .bss           0x0007b880        0x0 d:/altera/12.1sp1/nios2eds/bin/gnu/h-i686-mingw32/bin/../lib/gcc/nios2-elf/4.1.2/../../../../nios2-elf/lib/mno-hw-mul\libc.a(lib_a-malloc.o)
 .bss           0x0007b880       0x28 d:/altera/12.1sp1/nios2eds/bin/gnu/h-i686-mingw32/bin/../lib/gcc/nios2-elf/4.1.2/../../../../nios2-elf/lib/mno-hw-mul\libc.a(lib_a-mallocr.o)
                0x0007b880                __malloc_current_mallinfo
 .bss           0x0007b8a8        0x0 d:/altera/12.1sp1/nios2eds/bin/gnu/h-i686-mingw32/bin/../lib/gcc/nios2-elf/4.1.2/../../../../nios2-elf/lib/mno-hw-mul\libc.a(lib_a-memcpy.o)
 .bss           0x0007b8a8        0x0 d:/altera/12.1sp1/nios2eds/bin/gnu/h-i686-mingw32/bin/../lib/gcc/nios2-elf/4.1.2/../../../../nios2-elf/lib/mno-hw-mul\libc.a(lib_a-memset.o)
 .bss           0x0007b8a8        0x0 d:/altera/12.1sp1/nios2eds/bin/gnu/h-i686-mingw32/bin/../lib/gcc/nios2-elf/4.1.2/../../../../nios2-elf/lib/mno-hw-mul\libc.a(lib_a-printf.o)
 .bss           0x0007b8a8        0x0 d:/altera/12.1sp1/nios2eds/bin/gnu/h-i686-mingw32/bin/../lib/gcc/nios2-elf/4.1.2/../../../../nios2-elf/lib/mno-hw-mul\libc.a(lib_a-putchar.o)
 .bss           0x0007b8a8        0x0 d:/altera/12.1sp1/nios2eds/bin/gnu/h-i686-mingw32/bin/../lib/gcc/nios2-elf/4.1.2/../../../../nios2-elf/lib/mno-hw-mul\libc.a(lib_a-puts.o)
 .bss           0x0007b8a8        0x0 d:/altera/12.1sp1/nios2eds/bin/gnu/h-i686-mingw32/bin/../lib/gcc/nios2-elf/4.1.2/../../../../nios2-elf/lib/mno-hw-mul\libc.a(lib_a-sbrkr.o)
 .bss           0x0007b8a8        0x0 d:/altera/12.1sp1/nios2eds/bin/gnu/h-i686-mingw32/bin/../lib/gcc/nios2-elf/4.1.2/../../../../nios2-elf/lib/mno-hw-mul\libc.a(lib_a-sprintf.o)
 .bss           0x0007b8a8        0x0 d:/altera/12.1sp1/nios2eds/bin/gnu/h-i686-mingw32/bin/../lib/gcc/nios2-elf/4.1.2/../../../../nios2-elf/lib/mno-hw-mul\libc.a(lib_a-strcpy.o)
 .bss           0x0007b8a8        0x0 d:/altera/12.1sp1/nios2eds/bin/gnu/h-i686-mingw32/bin/../lib/gcc/nios2-elf/4.1.2/../../../../nios2-elf/lib/mno-hw-mul\libc.a(lib_a-strlen.o)
 .bss           0x0007b8a8        0x0 d:/altera/12.1sp1/nios2eds/bin/gnu/h-i686-mingw32/bin/../lib/gcc/nios2-elf/4.1.2/../../../../nios2-elf/lib/mno-hw-mul\libc.a(lib_a-vfprintf.o)
 .bss           0x0007b8a8        0x0 d:/altera/12.1sp1/nios2eds/bin/gnu/h-i686-mingw32/bin/../lib/gcc/nios2-elf/4.1.2/../../../../nios2-elf/lib/mno-hw-mul\libc.a(lib_a-vsnprintf.o)
 .bss           0x0007b8a8        0x0 d:/altera/12.1sp1/nios2eds/bin/gnu/h-i686-mingw32/bin/../lib/gcc/nios2-elf/4.1.2/../../../../nios2-elf/lib/mno-hw-mul\libc.a(lib_a-wsetup.o)
 .bss           0x0007b8a8        0x0 d:/altera/12.1sp1/nios2eds/bin/gnu/h-i686-mingw32/bin/../lib/gcc/nios2-elf/4.1.2/../../../../nios2-elf/lib/mno-hw-mul\libc.a(lib_a-dtoa.o)
 .bss           0x0007b8a8        0x0 d:/altera/12.1sp1/nios2eds/bin/gnu/h-i686-mingw32/bin/../lib/gcc/nios2-elf/4.1.2/../../../../nios2-elf/lib/mno-hw-mul\libc.a(lib_a-fflush.o)
 .bss           0x0007b8a8        0x0 d:/altera/12.1sp1/nios2eds/bin/gnu/h-i686-mingw32/bin/../lib/gcc/nios2-elf/4.1.2/../../../../nios2-elf/lib/mno-hw-mul\libc.a(lib_a-findfp.o)
 .bss           0x0007b8a8        0x0 d:/altera/12.1sp1/nios2eds/bin/gnu/h-i686-mingw32/bin/../lib/gcc/nios2-elf/4.1.2/../../../../nios2-elf/lib/mno-hw-mul\libc.a(lib_a-freer.o)
 .bss           0x0007b8a8        0x0 d:/altera/12.1sp1/nios2eds/bin/gnu/h-i686-mingw32/bin/../lib/gcc/nios2-elf/4.1.2/../../../../nios2-elf/lib/mno-hw-mul\libc.a(lib_a-fvwrite.o)
 .bss           0x0007b8a8        0x0 d:/altera/12.1sp1/nios2eds/bin/gnu/h-i686-mingw32/bin/../lib/gcc/nios2-elf/4.1.2/../../../../nios2-elf/lib/mno-hw-mul\libc.a(lib_a-fwalk.o)
 .bss           0x0007b8a8        0x0 d:/altera/12.1sp1/nios2eds/bin/gnu/h-i686-mingw32/bin/../lib/gcc/nios2-elf/4.1.2/../../../../nios2-elf/lib/mno-hw-mul\libc.a(lib_a-int_errno.o)
 .bss           0x0007b8a8        0x0 d:/altera/12.1sp1/nios2eds/bin/gnu/h-i686-mingw32/bin/../lib/gcc/nios2-elf/4.1.2/../../../../nios2-elf/lib/mno-hw-mul\libc.a(lib_a-locale.o)
 .bss           0x0007b8a8        0x0 d:/altera/12.1sp1/nios2eds/bin/gnu/h-i686-mingw32/bin/../lib/gcc/nios2-elf/4.1.2/../../../../nios2-elf/lib/mno-hw-mul\libc.a(lib_a-makebuf.o)
 .bss           0x0007b8a8        0x0 d:/altera/12.1sp1/nios2eds/bin/gnu/h-i686-mingw32/bin/../lib/gcc/nios2-elf/4.1.2/../../../../nios2-elf/lib/mno-hw-mul\libc.a(lib_a-memchr.o)
 .bss           0x0007b8a8        0x0 d:/altera/12.1sp1/nios2eds/bin/gnu/h-i686-mingw32/bin/../lib/gcc/nios2-elf/4.1.2/../../../../nios2-elf/lib/mno-hw-mul\libc.a(lib_a-memmove.o)
 .bss           0x0007b8a8        0x0 d:/altera/12.1sp1/nios2eds/bin/gnu/h-i686-mingw32/bin/../lib/gcc/nios2-elf/4.1.2/../../../../nios2-elf/lib/mno-hw-mul\libc.a(lib_a-mprec.o)
 .bss           0x0007b8a8        0x0 d:/altera/12.1sp1/nios2eds/bin/gnu/h-i686-mingw32/bin/../lib/gcc/nios2-elf/4.1.2/../../../../nios2-elf/lib/mno-hw-mul\libc.a(lib_a-putc.o)
 .bss           0x0007b8a8        0x0 d:/altera/12.1sp1/nios2eds/bin/gnu/h-i686-mingw32/bin/../lib/gcc/nios2-elf/4.1.2/../../../../nios2-elf/lib/mno-hw-mul\libc.a(lib_a-reallocr.o)
 .bss           0x0007b8a8        0x0 d:/altera/12.1sp1/nios2eds/bin/gnu/h-i686-mingw32/bin/../lib/gcc/nios2-elf/4.1.2/../../../../nios2-elf/lib/mno-hw-mul\libc.a(lib_a-s_isinfd.o)
 .bss           0x0007b8a8        0x0 d:/altera/12.1sp1/nios2eds/bin/gnu/h-i686-mingw32/bin/../lib/gcc/nios2-elf/4.1.2/../../../../nios2-elf/lib/mno-hw-mul\libc.a(lib_a-stdio.o)
 .bss           0x0007b8a8        0x0 d:/altera/12.1sp1/nios2eds/bin/gnu/h-i686-mingw32/bin/../lib/gcc/nios2-elf/4.1.2/../../../../nios2-elf/lib/mno-hw-mul\libc.a(lib_a-strcmp.o)
 .bss           0x0007b8a8        0x0 d:/altera/12.1sp1/nios2eds/bin/gnu/h-i686-mingw32/bin/../lib/gcc/nios2-elf/4.1.2/../../../../nios2-elf/lib/mno-hw-mul\libc.a(lib_a-wbuf.o)
 .bss           0x0007b8a8        0x0 d:/altera/12.1sp1/nios2eds/bin/gnu/h-i686-mingw32/bin/../lib/gcc/nios2-elf/4.1.2/../../../../nios2-elf/lib/mno-hw-mul\libc.a(lib_a-writer.o)
 .bss           0x0007b8a8        0x0 d:/altera/12.1sp1/nios2eds/bin/gnu/h-i686-mingw32/bin/../lib/gcc/nios2-elf/4.1.2/../../../../nios2-elf/lib/mno-hw-mul\libc.a(lib_a-callocr.o)
 .bss           0x0007b8a8        0x0 d:/altera/12.1sp1/nios2eds/bin/gnu/h-i686-mingw32/bin/../lib/gcc/nios2-elf/4.1.2/../../../../nios2-elf/lib/mno-hw-mul\libc.a(lib_a-closer.o)
 .bss           0x0007b8a8        0x0 d:/altera/12.1sp1/nios2eds/bin/gnu/h-i686-mingw32/bin/../lib/gcc/nios2-elf/4.1.2/../../../../nios2-elf/lib/mno-hw-mul\libc.a(lib_a-fclose.o)
 .bss           0x0007b8a8        0x0 d:/altera/12.1sp1/nios2eds/bin/gnu/h-i686-mingw32/bin/../lib/gcc/nios2-elf/4.1.2/../../../../nios2-elf/lib/mno-hw-mul\libc.a(lib_a-fstatr.o)
 .bss           0x0007b8a8        0x0 d:/altera/12.1sp1/nios2eds/bin/gnu/h-i686-mingw32/bin/../lib/gcc/nios2-elf/4.1.2/../../../../nios2-elf/lib/mno-hw-mul\libc.a(lib_a-isattyr.o)
 .bss           0x0007b8a8        0x0 d:/altera/12.1sp1/nios2eds/bin/gnu/h-i686-mingw32/bin/../lib/gcc/nios2-elf/4.1.2/../../../../nios2-elf/lib/mno-hw-mul\libc.a(lib_a-lseekr.o)
 .bss           0x0007b8a8        0x0 d:/altera/12.1sp1/nios2eds/bin/gnu/h-i686-mingw32/bin/../lib/gcc/nios2-elf/4.1.2/../../../../nios2-elf/lib/mno-hw-mul\libc.a(lib_a-readr.o)
 .bss           0x0007b8a8        0x0 d:/altera/12.1sp1/nios2eds/bin/gnu/h-i686-mingw32/bin/../lib/gcc/nios2-elf/4.1.2/mno-hw-mul\libgcc.a(_udivdi3.o)
 .bss           0x0007b8a8        0x0 d:/altera/12.1sp1/nios2eds/bin/gnu/h-i686-mingw32/bin/../lib/gcc/nios2-elf/4.1.2/mno-hw-mul\libgcc.a(_umoddi3.o)
 .bss           0x0007b8a8        0x0 d:/altera/12.1sp1/nios2eds/bin/gnu/h-i686-mingw32/bin/../lib/gcc/nios2-elf/4.1.2/mno-hw-mul\libgcc.a(_eq_df.o)
 .bss           0x0007b8a8        0x0 d:/altera/12.1sp1/nios2eds/bin/gnu/h-i686-mingw32/bin/../lib/gcc/nios2-elf/4.1.2/mno-hw-mul\libgcc.a(_ne_df.o)
 .bss           0x0007b8a8        0x0 d:/altera/12.1sp1/nios2eds/bin/gnu/h-i686-mingw32/bin/../lib/gcc/nios2-elf/4.1.2/mno-hw-mul\libgcc.a(_gt_df.o)
 .bss           0x0007b8a8        0x0 d:/altera/12.1sp1/nios2eds/bin/gnu/h-i686-mingw32/bin/../lib/gcc/nios2-elf/4.1.2/mno-hw-mul\libgcc.a(_ge_df.o)
 .bss           0x0007b8a8        0x0 d:/altera/12.1sp1/nios2eds/bin/gnu/h-i686-mingw32/bin/../lib/gcc/nios2-elf/4.1.2/mno-hw-mul\libgcc.a(_usi_to_df.o)
 .bss           0x0007b8a8        0x0 ../painter_bsp/\libhal_bsp.a(alt_close.o)
 .bss           0x0007b8a8        0x0 ../painter_bsp/\libhal_bsp.a(alt_dcache_flush_all.o)
 .bss           0x0007b8a8        0x0 ../painter_bsp/\libhal_bsp.a(alt_dev.o)
 .bss           0x0007b8a8        0x0 ../painter_bsp/\libhal_bsp.a(alt_errno.o)
 .bss           0x0007b8a8        0x0 ../painter_bsp/\libhal_bsp.a(alt_fstat.o)
 .bss           0x0007b8a8        0x0 ../painter_bsp/\libhal_bsp.a(alt_iic.o)
 .bss           0x0007b8a8        0x0 ../painter_bsp/\libhal_bsp.a(alt_iic_isr_register.o)
 .bss           0x0007b8a8        0x0 ../painter_bsp/\libhal_bsp.a(alt_irq_entry.o)
 .bss           0x0007b8a8        0x0 ../painter_bsp/\libhal_bsp.a(alt_irq_handler.o)
 .bss           0x0007b8a8        0x0 ../painter_bsp/\libhal_bsp.a(alt_irq_vars.o)
 .bss           0x0007b8a8        0x0 ../painter_bsp/\libhal_bsp.a(alt_isatty.o)
 .bss           0x0007b8a8        0x0 ../painter_bsp/\libhal_bsp.a(alt_load.o)
 .bss           0x0007b8a8        0x0 ../painter_bsp/\libhal_bsp.a(alt_lseek.o)
 .bss           0x0007b8a8        0x0 ../painter_bsp/\libhal_bsp.a(alt_main.o)
 .bss           0x0007b8a8        0x0 ../painter_bsp/\libhal_bsp.a(alt_malloc_lock.o)
 .bss           0x0007b8a8        0x0 ../painter_bsp/\libhal_bsp.a(alt_read.o)
 .bss           0x0007b8a8        0x0 ../painter_bsp/\libhal_bsp.a(alt_release_fd.o)
 .bss           0x0007b8a8        0x0 ../painter_bsp/\libhal_bsp.a(alt_sbrk.o)
 .bss           0x0007b8a8        0x0 ../painter_bsp/\libhal_bsp.a(alt_tick.o)
 .bss           0x0007b8a8        0x0 ../painter_bsp/\libhal_bsp.a(alt_usleep.o)
 .bss           0x0007b8a8        0x0 ../painter_bsp/\libhal_bsp.a(alt_write.o)
 .bss           0x0007b8a8        0x0 ../painter_bsp/\libhal_bsp.a(alt_sys_init.o)
 .bss           0x0007b8a8        0x0 ../painter_bsp/\libhal_bsp.a(altera_avalon_jtag_uart_fd.o)
 .bss           0x0007b8a8        0x0 ../painter_bsp/\libhal_bsp.a(altera_avalon_jtag_uart_init.o)
 .bss           0x0007b8a8        0x0 ../painter_bsp/\libhal_bsp.a(altera_avalon_jtag_uart_ioctl.o)
 .bss           0x0007b8a8        0x0 ../painter_bsp/\libhal_bsp.a(altera_avalon_jtag_uart_read.o)
 .bss           0x0007b8a8        0x0 ../painter_bsp/\libhal_bsp.a(altera_avalon_jtag_uart_write.o)
 .bss           0x0007b8a8        0x0 ../painter_bsp/\libhal_bsp.a(altera_avalon_timer_sc.o)
 .bss           0x0007b8a8        0x0 ../painter_bsp/\libhal_bsp.a(alt_alarm_start.o)
 .bss           0x0007b8a8        0x0 ../painter_bsp/\libhal_bsp.a(alt_busy_sleep.o)
 .bss           0x0007b8a8        0x0 ../painter_bsp/\libhal_bsp.a(alt_dev_llist_insert.o)
 .bss           0x0007b8a8        0x0 ../painter_bsp/\libhal_bsp.a(alt_do_ctors.o)
 .bss           0x0007b8a8        0x0 ../painter_bsp/\libhal_bsp.a(alt_do_dtors.o)
 .bss           0x0007b8a8        0x0 ../painter_bsp/\libhal_bsp.a(alt_exception_entry.o)
 .bss           0x0007b8a8        0x0 ../painter_bsp/\libhal_bsp.a(alt_icache_flush_all.o)
 .bss           0x0007b8a8        0x0 ../painter_bsp/\libhal_bsp.a(alt_io_redirect.o)
 .bss           0x0007b8a8        0x0 ../painter_bsp/\libhal_bsp.a(alt_open.o)
 .bss           0x0007b8a8        0x0 ../painter_bsp/\libhal_bsp.a(altera_nios2_qsys_irq.o)
 .bss           0x0007b8a8        0x0 ../painter_bsp/\libhal_bsp.a(alt_find_dev.o)
 .bss           0x0007b8a8        0x0 ../painter_bsp/\libhal_bsp.a(alt_find_file.o)
 .bss           0x0007b8a8        0x0 ../painter_bsp/\libhal_bsp.a(alt_get_fd.o)
 .bss           0x0007b8a8        0x0 ../painter_bsp/\libhal_bsp.a(alt_icache_flush.o)
 .bss           0x0007b8a8        0x0 d:/altera/12.1sp1/nios2eds/bin/gnu/h-i686-mingw32/bin/../lib/gcc/nios2-elf/4.1.2/../../../../nios2-elf/lib/mno-hw-mul\libc.a(lib_a-atexit.o)
 .bss           0x0007b8a8        0x0 d:/altera/12.1sp1/nios2eds/bin/gnu/h-i686-mingw32/bin/../lib/gcc/nios2-elf/4.1.2/../../../../nios2-elf/lib/mno-hw-mul\libc.a(lib_a-exit.o)
 .bss           0x0007b8a8        0x0 d:/altera/12.1sp1/nios2eds/bin/gnu/h-i686-mingw32/bin/../lib/gcc/nios2-elf/4.1.2/../../../../nios2-elf/lib/mno-hw-mul\libc.a(lib_a-memcmp.o)
 .bss           0x0007b8a8        0x0 d:/altera/12.1sp1/nios2eds/bin/gnu/h-i686-mingw32/bin/../lib/gcc/nios2-elf/4.1.2/../../../../nios2-elf/lib/mno-hw-mul\libc.a(lib_a-__atexit.o)
 .bss           0x0007b8a8        0x0 d:/altera/12.1sp1/nios2eds/bin/gnu/h-i686-mingw32/bin/../lib/gcc/nios2-elf/4.1.2/../../../../nios2-elf/lib/mno-hw-mul\libc.a(lib_a-__call_atexit.o)
 .bss           0x0007b8a8        0x0 ../painter_bsp/\libhal_bsp.a(alt_exit.o)
 *(COMMON)
 COMMON         0x0007b8a8      0x100 ../painter_bsp/\libhal_bsp.a(alt_irq_handler.o)
                0x0007b8a8                alt_irq
 COMMON         0x0007b9a8      0x190 d:/altera/12.1sp1/nios2eds/bin/gnu/h-i686-mingw32/bin/../lib/gcc/nios2-elf/4.1.2/../../../../nios2-elf/lib/mno-hw-mul\libc.a(lib_a-atexit.o)
                0x0007b9a8                _atexit0
                0x0007bb38                . = ALIGN (0x4)
                0x0007bb38                __bss_end = ABSOLUTE (.)

.sdram          0x0007bb38        0x0
                0x0007bb38                PROVIDE (_alt_partition_sdram_start, ABSOLUTE (.))
 *(.sdram. sdram.*)
                0x0007bb38                . = ALIGN (0x4)
                0x0007bb38                PROVIDE (_alt_partition_sdram_end, ABSOLUTE (.))
                0x0007bb38                _end = ABSOLUTE (.)
                0x0007bb38                end = ABSOLUTE (.)
                0x0007bb38                __alt_stack_base = ABSOLUTE (.)
                0x0007bb38                PROVIDE (_alt_partition_sdram_load_addr, LOADADDR (.sdram))

.stab
 *(.stab)

.stabstr
 *(.stabstr)

.stab.excl
 *(.stab.excl)

.stab.exclstr
 *(.stab.exclstr)

.stab.index
 *(.stab.index)

.stab.indexstr
 *(.stab.indexstr)

.comment        0x00000000       0x26
 *(.comment)
 .comment       0x00000000       0x26 obj/default/fonts/tahomabold_20.o
                                 0x27 (size before relaxing)
 .comment       0x00000000       0x27 obj/default/fonts/tahomabold_32.o
 .comment       0x00000000       0x27 obj/default/geometry.o
 .comment       0x00000000       0x27 obj/default/gesture.o
 .comment       0x00000000       0x27 obj/default/graphic_lib/simple_graphics.o
 .comment       0x00000000       0x27 obj/default/graphic_lib/simple_text.o
 .comment       0x00000000       0x27 obj/default/gui.o
 .comment       0x00000000       0x27 obj/default/gui_vpg.o
 .comment       0x00000000       0x27 obj/default/main.o
 .comment       0x00000000       0x27 obj/default/terasic_lib/I2C.o
 .comment       0x00000000       0x27 obj/default/terasic_lib/I2C_core.o
 .comment       0x00000000       0x27 obj/default/terasic_lib/debug.o
 .comment       0x00000000       0x27 obj/default/terasic_lib/multi_touch2.o
 .comment       0x00000000       0x27 obj/default/terasic_lib/queue.o
 .comment       0x00000000       0x27 obj/default/vip_fr.o
 .comment       0x00000000       0x27 d:/altera/12.1sp1/nios2eds/bin/gnu/h-i686-mingw32/bin/../lib/gcc/nios2-elf/4.1.2/../../../../nios2-elf/lib/mno-hw-mul\libm.a(lib_a-w_sqrt.o)
 .comment       0x00000000       0x27 d:/altera/12.1sp1/nios2eds/bin/gnu/h-i686-mingw32/bin/../lib/gcc/nios2-elf/4.1.2/../../../../nios2-elf/lib/mno-hw-mul\libm.a(lib_a-e_sqrt.o)
 .comment       0x00000000       0x27 d:/altera/12.1sp1/nios2eds/bin/gnu/h-i686-mingw32/bin/../lib/gcc/nios2-elf/4.1.2/../../../../nios2-elf/lib/mno-hw-mul\libm.a(lib_a-s_isnand.o)
 .comment       0x00000000       0x27 d:/altera/12.1sp1/nios2eds/bin/gnu/h-i686-mingw32/bin/../lib/gcc/nios2-elf/4.1.2/../../../../nios2-elf/lib/mno-hw-mul\libm.a(lib_a-s_lib_ver.o)
 .comment       0x00000000       0x27 d:/altera/12.1sp1/nios2eds/bin/gnu/h-i686-mingw32/bin/../lib/gcc/nios2-elf/4.1.2/../../../../nios2-elf/lib/mno-hw-mul\libm.a(lib_a-s_matherr.o)
 .comment       0x00000000       0x27 d:/altera/12.1sp1/nios2eds/bin/gnu/h-i686-mingw32/bin/../lib/gcc/nios2-elf/4.1.2/mno-hw-mul\libgcc.a(_addsub_df.o)
 .comment       0x00000000       0x27 d:/altera/12.1sp1/nios2eds/bin/gnu/h-i686-mingw32/bin/../lib/gcc/nios2-elf/4.1.2/mno-hw-mul\libgcc.a(_mul_df.o)
 .comment       0x00000000       0x27 d:/altera/12.1sp1/nios2eds/bin/gnu/h-i686-mingw32/bin/../lib/gcc/nios2-elf/4.1.2/mno-hw-mul\libgcc.a(_div_df.o)
 .comment       0x00000000       0x27 d:/altera/12.1sp1/nios2eds/bin/gnu/h-i686-mingw32/bin/../lib/gcc/nios2-elf/4.1.2/mno-hw-mul\libgcc.a(_lt_df.o)
 .comment       0x00000000       0x27 d:/altera/12.1sp1/nios2eds/bin/gnu/h-i686-mingw32/bin/../lib/gcc/nios2-elf/4.1.2/mno-hw-mul\libgcc.a(_si_to_df.o)
 .comment       0x00000000       0x27 d:/altera/12.1sp1/nios2eds/bin/gnu/h-i686-mingw32/bin/../lib/gcc/nios2-elf/4.1.2/mno-hw-mul\libgcc.a(_df_to_si.o)
 .comment       0x00000000       0x27 d:/altera/12.1sp1/nios2eds/bin/gnu/h-i686-mingw32/bin/../lib/gcc/nios2-elf/4.1.2/mno-hw-mul\libgcc.a(_thenan_df.o)
 .comment       0x00000000       0x27 d:/altera/12.1sp1/nios2eds/bin/gnu/h-i686-mingw32/bin/../lib/gcc/nios2-elf/4.1.2/mno-hw-mul\libgcc.a(lib2-divmod.o)
 .comment       0x00000000       0x27 d:/altera/12.1sp1/nios2eds/bin/gnu/h-i686-mingw32/bin/../lib/gcc/nios2-elf/4.1.2/mno-hw-mul\libgcc.a(lib2-mul.o)
 .comment       0x00000000       0x27 d:/altera/12.1sp1/nios2eds/bin/gnu/h-i686-mingw32/bin/../lib/gcc/nios2-elf/4.1.2/mno-hw-mul\libgcc.a(_muldi3.o)
 .comment       0x00000000       0x27 d:/altera/12.1sp1/nios2eds/bin/gnu/h-i686-mingw32/bin/../lib/gcc/nios2-elf/4.1.2/mno-hw-mul\libgcc.a(_clzsi2.o)
 .comment       0x00000000       0x27 d:/altera/12.1sp1/nios2eds/bin/gnu/h-i686-mingw32/bin/../lib/gcc/nios2-elf/4.1.2/mno-hw-mul\libgcc.a(_pack_df.o)
 .comment       0x00000000       0x27 d:/altera/12.1sp1/nios2eds/bin/gnu/h-i686-mingw32/bin/../lib/gcc/nios2-elf/4.1.2/mno-hw-mul\libgcc.a(_unpack_df.o)
 .comment       0x00000000       0x27 d:/altera/12.1sp1/nios2eds/bin/gnu/h-i686-mingw32/bin/../lib/gcc/nios2-elf/4.1.2/mno-hw-mul\libgcc.a(_fpcmp_parts_df.o)
 .comment       0x00000000       0x27 d:/altera/12.1sp1/nios2eds/bin/gnu/h-i686-mingw32/bin/../lib/gcc/nios2-elf/4.1.2/mno-hw-mul\libgcc.a(_clz.o)
 .comment       0x00000000       0x27 d:/altera/12.1sp1/nios2eds/bin/gnu/h-i686-mingw32/bin/../lib/gcc/nios2-elf/4.1.2/../../../../nios2-elf/lib/mno-hw-mul\libc.a(lib_a-errno.o)
 .comment       0x00000000       0x27 d:/altera/12.1sp1/nios2eds/bin/gnu/h-i686-mingw32/bin/../lib/gcc/nios2-elf/4.1.2/../../../../nios2-elf/lib/mno-hw-mul\libc.a(lib_a-impure.o)
 .comment       0x00000000       0x27 d:/altera/12.1sp1/nios2eds/bin/gnu/h-i686-mingw32/bin/../lib/gcc/nios2-elf/4.1.2/../../../../nios2-elf/lib/mno-hw-mul\libc.a(lib_a-malloc.o)
 .comment       0x00000000       0x27 d:/altera/12.1sp1/nios2eds/bin/gnu/h-i686-mingw32/bin/../lib/gcc/nios2-elf/4.1.2/../../../../nios2-elf/lib/mno-hw-mul\libc.a(lib_a-mallocr.o)
 .comment       0x00000000       0x27 d:/altera/12.1sp1/nios2eds/bin/gnu/h-i686-mingw32/bin/../lib/gcc/nios2-elf/4.1.2/../../../../nios2-elf/lib/mno-hw-mul\libc.a(lib_a-memcpy.o)
 .comment       0x00000000       0x27 d:/altera/12.1sp1/nios2eds/bin/gnu/h-i686-mingw32/bin/../lib/gcc/nios2-elf/4.1.2/../../../../nios2-elf/lib/mno-hw-mul\libc.a(lib_a-memset.o)
 .comment       0x00000000       0x27 d:/altera/12.1sp1/nios2eds/bin/gnu/h-i686-mingw32/bin/../lib/gcc/nios2-elf/4.1.2/../../../../nios2-elf/lib/mno-hw-mul\libc.a(lib_a-printf.o)
 .comment       0x00000000       0x27 d:/altera/12.1sp1/nios2eds/bin/gnu/h-i686-mingw32/bin/../lib/gcc/nios2-elf/4.1.2/../../../../nios2-elf/lib/mno-hw-mul\libc.a(lib_a-putchar.o)
 .comment       0x00000000       0x27 d:/altera/12.1sp1/nios2eds/bin/gnu/h-i686-mingw32/bin/../lib/gcc/nios2-elf/4.1.2/../../../../nios2-elf/lib/mno-hw-mul\libc.a(lib_a-puts.o)
 .comment       0x00000000       0x27 d:/altera/12.1sp1/nios2eds/bin/gnu/h-i686-mingw32/bin/../lib/gcc/nios2-elf/4.1.2/../../../../nios2-elf/lib/mno-hw-mul\libc.a(lib_a-sbrkr.o)
 .comment       0x00000000       0x27 d:/altera/12.1sp1/nios2eds/bin/gnu/h-i686-mingw32/bin/../lib/gcc/nios2-elf/4.1.2/../../../../nios2-elf/lib/mno-hw-mul\libc.a(lib_a-sprintf.o)
 .comment       0x00000000       0x27 d:/altera/12.1sp1/nios2eds/bin/gnu/h-i686-mingw32/bin/../lib/gcc/nios2-elf/4.1.2/../../../../nios2-elf/lib/mno-hw-mul\libc.a(lib_a-strcpy.o)
 .comment       0x00000000       0x27 d:/altera/12.1sp1/nios2eds/bin/gnu/h-i686-mingw32/bin/../lib/gcc/nios2-elf/4.1.2/../../../../nios2-elf/lib/mno-hw-mul\libc.a(lib_a-strlen.o)
 .comment       0x00000000       0x27 d:/altera/12.1sp1/nios2eds/bin/gnu/h-i686-mingw32/bin/../lib/gcc/nios2-elf/4.1.2/../../../../nios2-elf/lib/mno-hw-mul\libc.a(lib_a-vfprintf.o)
 .comment       0x00000000       0x27 d:/altera/12.1sp1/nios2eds/bin/gnu/h-i686-mingw32/bin/../lib/gcc/nios2-elf/4.1.2/../../../../nios2-elf/lib/mno-hw-mul\libc.a(lib_a-vsnprintf.o)
 .comment       0x00000000       0x27 d:/altera/12.1sp1/nios2eds/bin/gnu/h-i686-mingw32/bin/../lib/gcc/nios2-elf/4.1.2/../../../../nios2-elf/lib/mno-hw-mul\libc.a(lib_a-wsetup.o)
 .comment       0x00000000       0x27 d:/altera/12.1sp1/nios2eds/bin/gnu/h-i686-mingw32/bin/../lib/gcc/nios2-elf/4.1.2/../../../../nios2-elf/lib/mno-hw-mul\libc.a(lib_a-dtoa.o)