Archive member included because of file (symbol)

c:/altera/13.1/nios2eds/bin/gnu/h-i686-mingw32/bin/../lib/gcc/nios2-elf/4.7.3/../../../../../H-i686-mingw32/nios2-elf/lib/mno-hw-mul\libm.a(lib_a-w_sqrt.o)
                              obj/default/geometry.o (sqrt)
c:/altera/13.1/nios2eds/bin/gnu/h-i686-mingw32/bin/../lib/gcc/nios2-elf/4.7.3/../../../../../H-i686-mingw32/nios2-elf/lib/mno-hw-mul\libm.a(lib_a-e_sqrt.o)
                              c:/altera/13.1/nios2eds/bin/gnu/h-i686-mingw32/bin/../lib/gcc/nios2-elf/4.7.3/../../../../../H-i686-mingw32/nios2-elf/lib/mno-hw-mul\libm.a(lib_a-w_sqrt.o) (__ieee754_sqrt)
c:/altera/13.1/nios2eds/bin/gnu/h-i686-mingw32/bin/../lib/gcc/nios2-elf/4.7.3/../../../../../H-i686-mingw32/nios2-elf/lib/mno-hw-mul\libm.a(lib_a-s_isnand.o)
                              c:/altera/13.1/nios2eds/bin/gnu/h-i686-mingw32/bin/../lib/gcc/nios2-elf/4.7.3/../../../../../H-i686-mingw32/nios2-elf/lib/mno-hw-mul\libm.a(lib_a-w_sqrt.o) (__isnand)
c:/altera/13.1/nios2eds/bin/gnu/h-i686-mingw32/bin/../lib/gcc/nios2-elf/4.7.3/../../../../../H-i686-mingw32/nios2-elf/lib/mno-hw-mul\libm.a(lib_a-s_lib_ver.o)
                              c:/altera/13.1/nios2eds/bin/gnu/h-i686-mingw32/bin/../lib/gcc/nios2-elf/4.7.3/../../../../../H-i686-mingw32/nios2-elf/lib/mno-hw-mul\libm.a(lib_a-w_sqrt.o) (__fdlib_version)
c:/altera/13.1/nios2eds/bin/gnu/h-i686-mingw32/bin/../lib/gcc/nios2-elf/4.7.3/../../../../../H-i686-mingw32/nios2-elf/lib/mno-hw-mul\libm.a(lib_a-s_matherr.o)
                              c:/altera/13.1/nios2eds/bin/gnu/h-i686-mingw32/bin/../lib/gcc/nios2-elf/4.7.3/../../../../../H-i686-mingw32/nios2-elf/lib/mno-hw-mul\libm.a(lib_a-w_sqrt.o) (matherr)
c:/altera/13.1/nios2eds/bin/gnu/h-i686-mingw32/bin/../lib/gcc/nios2-elf/4.7.3/mno-hw-mul\libgcc.a(_addsub_df.o)
                              c:/altera/13.1/nios2eds/bin/gnu/h-i686-mingw32/bin/../lib/gcc/nios2-elf/4.7.3/../../../../../H-i686-mingw32/nios2-elf/lib/mno-hw-mul\libm.a(lib_a-e_sqrt.o) (__adddf3)
c:/altera/13.1/nios2eds/bin/gnu/h-i686-mingw32/bin/../lib/gcc/nios2-elf/4.7.3/mno-hw-mul\libgcc.a(_mul_df.o)
                              c:/altera/13.1/nios2eds/bin/gnu/h-i686-mingw32/bin/../lib/gcc/nios2-elf/4.7.3/../../../../../H-i686-mingw32/nios2-elf/lib/mno-hw-mul\libm.a(lib_a-e_sqrt.o) (__muldf3)
c:/altera/13.1/nios2eds/bin/gnu/h-i686-mingw32/bin/../lib/gcc/nios2-elf/4.7.3/mno-hw-mul\libgcc.a(_div_df.o)
                              c:/altera/13.1/nios2eds/bin/gnu/h-i686-mingw32/bin/../lib/gcc/nios2-elf/4.7.3/../../../../../H-i686-mingw32/nios2-elf/lib/mno-hw-mul\libm.a(lib_a-w_sqrt.o) (__divdf3)
c:/altera/13.1/nios2eds/bin/gnu/h-i686-mingw32/bin/../lib/gcc/nios2-elf/4.7.3/mno-hw-mul\libgcc.a(_lt_df.o)
                              c:/altera/13.1/nios2eds/bin/gnu/h-i686-mingw32/bin/../lib/gcc/nios2-elf/4.7.3/../../../../../H-i686-mingw32/nios2-elf/lib/mno-hw-mul\libm.a(lib_a-w_sqrt.o) (__ltdf2)
c:/altera/13.1/nios2eds/bin/gnu/h-i686-mingw32/bin/../lib/gcc/nios2-elf/4.7.3/mno-hw-mul\libgcc.a(_si_to_df.o)
                              obj/default/geometry.o (__floatsidf)
c:/altera/13.1/nios2eds/bin/gnu/h-i686-mingw32/bin/../lib/gcc/nios2-elf/4.7.3/mno-hw-mul\libgcc.a(_df_to_si.o)
                              obj/default/geometry.o (__fixdfsi)
c:/altera/13.1/nios2eds/bin/gnu/h-i686-mingw32/bin/../lib/gcc/nios2-elf/4.7.3/mno-hw-mul\libgcc.a(_thenan_df.o)
                              c:/altera/13.1/nios2eds/bin/gnu/h-i686-mingw32/bin/../lib/gcc/nios2-elf/4.7.3/mno-hw-mul\libgcc.a(_addsub_df.o) (__thenan_df)
c:/altera/13.1/nios2eds/bin/gnu/h-i686-mingw32/bin/../lib/gcc/nios2-elf/4.7.3/mno-hw-mul\libgcc.a(lib2-divmod.o)
                              obj/default/graphic_lib/simple_text.o (__divsi3)
c:/altera/13.1/nios2eds/bin/gnu/h-i686-mingw32/bin/../lib/gcc/nios2-elf/4.7.3/mno-hw-mul\libgcc.a(lib2-mul.o)
                              obj/default/geometry.o (__mulsi3)
c:/altera/13.1/nios2eds/bin/gnu/h-i686-mingw32/bin/../lib/gcc/nios2-elf/4.7.3/mno-hw-mul\libgcc.a(_muldi3.o)
                              c:/altera/13.1/nios2eds/bin/gnu/h-i686-mingw32/bin/../lib/gcc/nios2-elf/4.7.3/mno-hw-mul\libgcc.a(_mul_df.o) (__muldi3)
c:/altera/13.1/nios2eds/bin/gnu/h-i686-mingw32/bin/../lib/gcc/nios2-elf/4.7.3/mno-hw-mul\libgcc.a(_clzsi2.o)
                              c:/altera/13.1/nios2eds/bin/gnu/h-i686-mingw32/bin/../lib/gcc/nios2-elf/4.7.3/mno-hw-mul\libgcc.a(_si_to_df.o) (__clzsi2)
c:/altera/13.1/nios2eds/bin/gnu/h-i686-mingw32/bin/../lib/gcc/nios2-elf/4.7.3/mno-hw-mul\libgcc.a(_pack_df.o)
                              c:/altera/13.1/nios2eds/bin/gnu/h-i686-mingw32/bin/../lib/gcc/nios2-elf/4.7.3/mno-hw-mul\libgcc.a(_addsub_df.o) (__pack_d)
c:/altera/13.1/nios2eds/bin/gnu/h-i686-mingw32/bin/../lib/gcc/nios2-elf/4.7.3/mno-hw-mul\libgcc.a(_unpack_df.o)
                              c:/altera/13.1/nios2eds/bin/gnu/h-i686-mingw32/bin/../lib/gcc/nios2-elf/4.7.3/mno-hw-mul\libgcc.a(_addsub_df.o) (__unpack_d)
[...]
Memory Configuration

Name             Origin             Length             Attributes
epcs_flash_controller 0x00000000         0x00000800
sram_BEFORE_EXCEPTION 0x00400000         0x00000020
sram             0x00400020         0x001fffe0
reset            0x02000000         0x00000020
cfi_flash        0x02000020         0x007fffe0
sdram            0x08000000         0x08000000
*default*        0x00000000         0xffffffff

Linker script and memory map

LOAD ../painter_bsp//obj/HAL/src/crt0.o
LOAD obj/default/fonts/tahomabold_20.o
LOAD obj/default/fonts/tahomabold_32.o
LOAD obj/default/geometry.o
LOAD obj/default/gesture.o
LOAD obj/default/graphic_lib/simple_graphics.o
LOAD obj/default/graphic_lib/simple_text.o
LOAD obj/default/gui.o
LOAD obj/default/gui_vpg.o
LOAD obj/default/main.o
LOAD obj/default/terasic_lib/I2C.o
LOAD obj/default/terasic_lib/I2C_core.o
LOAD obj/default/terasic_lib/LCD.o
LOAD obj/default/terasic_lib/debug.o
LOAD obj/default/terasic_lib/multi_touch2.o
LOAD obj/default/terasic_lib/queue.o
LOAD obj/default/vip_fr.o
LOAD c:/altera/13.1/nios2eds/bin/gnu/h-i686-mingw32/bin/../lib/gcc/nios2-elf/4.7.3/../../../../../H-i686-mingw32/nios2-elf/lib/mno-hw-mul\libstdc++.a
LOAD c:/altera/13.1/nios2eds/bin/gnu/h-i686-mingw32/bin/../lib/gcc/nios2-elf/4.7.3/../../../../../H-i686-mingw32/nios2-elf/lib/mno-hw-mul\libm.a
LOAD c:/altera/13.1/nios2eds/bin/gnu/h-i686-mingw32/bin/../lib/gcc/nios2-elf/4.7.3/mno-hw-mul\libgcc.a
START GROUP
LOAD c:/altera/13.1/nios2eds/bin/gnu/h-i686-mingw32/bin/../lib/gcc/nios2-elf/4.7.3/../../../../../H-i686-mingw32/nios2-elf/lib/mno-hw-mul\libc.a
LOAD c:/altera/13.1/nios2eds/bin/gnu/h-i686-mingw32/bin/../lib/gcc/nios2-elf/4.7.3/mno-hw-mul\libgcc.a
LOAD ../painter_bsp/\libhal_bsp.a
END GROUP
LOAD c:/altera/13.1/nios2eds/bin/gnu/h-i686-mingw32/bin/../lib/gcc/nios2-elf/4.7.3/mno-hw-mul\libgcc.a
                0x00000000                __alt_mem_epcs_flash_controller = 0x0
                0x00400000                __alt_mem_sram = 0x400000
                0x02000000                __alt_mem_cfi_flash = 0x2000000
                0x08000000                __alt_mem_sdram = 0x8000000

.entry          0x02000000        0x0
 *(.entry)
 .entry         0x02000000        0x0 ../painter_bsp//obj/HAL/src/crt0.o
                0x02000000                __reset

.exceptions     0x00400020      0x198
                0x00400020                PROVIDE (__ram_exceptions_start, ABSOLUTE (.))
                0x00400020                . = ALIGN (0x20)
 *(.irq)
 *(.exceptions.entry.label)
 .exceptions.entry.label
                0x00400020        0x0 ../painter_bsp/\libhal_bsp.a(alt_irq_entry.o)
                0x00400020                alt_irq_entry
 .exceptions.entry.label
                0x00400020        0x0 ../painter_bsp/\libhal_bsp.a(alt_exception_entry.o)
                0x00400020                alt_exception
 *(.exceptions.entry.user)
 *(.exceptions.entry.ecc_fatal)
 *(.exceptions.entry)
 .exceptions.entry
                0x00400020       0x54 ../painter_bsp/\libhal_bsp.a(alt_exception_entry.o)
 *(.exceptions.irqtest.user)
 *(.exceptions.irqtest)
 .exceptions.irqtest
                0x00400074       0x10 ../painter_bsp/\libhal_bsp.a(alt_irq_entry.o)
 *(.exceptions.irqhandler.user)
 *(.exceptions.irqhandler)
 .exceptions.irqhandler
                0x00400084        0x4 ../painter_bsp/\libhal_bsp.a(alt_irq_entry.o)
 *(.exceptions.irqreturn.user)
 *(.exceptions.irqreturn)
 .exceptions.irqreturn
                0x00400088        0x4 ../painter_bsp/\libhal_bsp.a(alt_irq_entry.o)
 *(.exceptions.notirq.label)
 .exceptions.notirq.label
                0x0040008c        0x0 ../painter_bsp/\libhal_bsp.a(alt_irq_entry.o)
 *(.exceptions.notirq.user)
 *(.exceptions.notirq)
 .exceptions.notirq
                0x0040008c        0x8 ../painter_bsp/\libhal_bsp.a(alt_exception_entry.o)
 *(.exceptions.soft.user)
 *(.exceptions.soft)
 *(.exceptions.unknown.user)
 *(.exceptions.unknown)
 .exceptions.unknown
                0x00400094        0x4 ../painter_bsp/\libhal_bsp.a(alt_exception_entry.o)
 *(.exceptions.exit.label)
 .exceptions.exit.label
                0x00400098        0x0 ../painter_bsp/\libhal_bsp.a(alt_irq_entry.o)
 .exceptions.exit.label
                0x00400098        0x0 ../painter_bsp/\libhal_bsp.a(alt_exception_entry.o)
 *(.exceptions.exit.user)
 *(.exceptions.exit)
 .exceptions.exit
                0x00400098       0x54 ../painter_bsp/\libhal_bsp.a(alt_exception_entry.o)
 *(.exceptions)
 .exceptions    0x004000ec       0xcc ../painter_bsp/\libhal_bsp.a(alt_irq_handler.o)
                0x004000ec                alt_irq_handler
                0x004001b8                PROVIDE (__ram_exceptions_end, ABSOLUTE (.))
                0x00400020                PROVIDE (__flash_exceptions_start, LOADADDR (.exceptions))

.text           0x004001b8    0x1a8a4
                0x004001b8                PROVIDE (stext, ABSOLUTE (.))
 *(.interp)
 *(.hash)
 *(.dynsym)
 *(.dynstr)
 *(.gnu.version)
 *(.gnu.version_d)
 *(.gnu.version_r)
 *(.rel.init)
 *(.rela.init)
 *(.rel.text .rel.text.* .rel.gnu.linkonce.t.*)
 *(.rela.text .rela.text.* .rela.gnu.linkonce.t.*)
 *(.rel.fini)
 *(.rela.fini)
 *(.rel.rodata .rel.rodata.* .rel.gnu.linkonce.r.*)
 *(.rela.rodata .rela.rodata.* .rela.gnu.linkonce.r.*)
 *(.rel.data .rel.data.* .rel.gnu.linkonce.d.*)
 *(.rela.data .rela.data.* .rela.gnu.linkonce.d.*)
 *(.rel.tdata .rel.tdata.* .rel.gnu.linkonce.td.*)
 *(.rela.tdata .rela.tdata.* .rela.gnu.linkonce.td.*)
 *(.rel.tbss .rel.tbss.* .rel.gnu.linkonce.tb.*)
 *(.rela.tbss .rela.tbss.* .rela.gnu.linkonce.tb.*)
 *(.rel.ctors)
 *(.rela.ctors)
 *(.rel.dtors)
 *(.rela.dtors)
 *(.rel.got)
 *(.rela.got)
 *(.rel.sdata .rel.sdata.* .rel.gnu.linkonce.s.*)
 *(.rela.sdata .rela.sdata.* .rela.gnu.linkonce.s.*)
 *(.rel.sbss .rel.sbss.* .rel.gnu.linkonce.sb.*)
 *(.rela.sbss .rela.sbss.* .rela.gnu.linkonce.sb.*)
 *(.rel.sdata2 .rel.sdata2.* .rel.gnu.linkonce.s2.*)
 *(.rela.sdata2 .rela.sdata2.* .rela.gnu.linkonce.s2.*)
 *(.rel.sbss2 .rel.sbss2.* .rel.gnu.linkonce.sb2.*)
 *(.rela.sbss2 .rela.sbss2.* .rela.gnu.linkonce.sb2.*)
 *(.rel.bss .rel.bss.* .rel.gnu.linkonce.b.*)
 *(.rela.bss .rela.bss.* .rela.gnu.linkonce.b.*)
 *(.rel.plt)
 *(.rela.plt)
 *(.rel.dyn)
 *(.init)
 *(.plt)
 *(.text .stub .text.* .gnu.linkonce.t.*)
 .text          0x004001b8       0x48 ../painter_bsp//obj/HAL/src/crt0.o
                0x004001b8                _start
 .text          0x00400200        0x0 obj/default/fonts/tahomabold_20.o
 .text          0x00400200        0x0 obj/default/fonts/tahomabold_32.o
 .text          0x00400200      0x400 obj/default/geometry.o
                0x00400200                IsPtInRect
                0x00400284                PtSet
                0x004002c4                RectSet
                0x00400320                RectInflate
                0x004003a8                RectOffset
                0x00400430                RectCopy
                0x00400494                RectWidth
                0x004004c8                RectHeight
                0x004004fc                PtDistance
                0x004005bc                PtCopy
 .text          0x00400600        0x0 obj/default/gesture.o
 .text          0x00400600     0x2e64 obj/default/graphic_lib/simple_graphics.o
                0x00400600                vid_clean_screen
                0x00400658                vid_draw_line
                0x00400714                vid_scroll_string_quit
                0x00400750                vid_scroll_string_init
                0x0040089c                vid_scroll_string
                0x00400c60                vid_move_block
                0x00400d7c                vid_print_string
                0x00400e90                vid_draw_box
                0x00400fcc                vid_print_char
                0x004010b8                vid_set_pixel
                0x00401240                vid_get_pixel
                0x004012c0                vid_paint_block
                0x0040154c                vid_draw_horiz_line
                0x00401838                vid_merge_colors
                0x00401884                vid_color_convert24_16
                0x00401924                vid_color_convert16_24
                0x0040198c                vid_copy_line_to_frame_buffer
                0x00401c60                vid_draw_sloped_line
                0x00401edc                vid_draw_circle
                0x00402048                vid_draw_round_corner_box
                0x00402414                vid_round_corner_points
                0x00402a9c                max3
                0x00402af0                min3
                0x00402b44                max_diff3
                0x00402ba8                vid_put_pixel_in_span_map
                0x00402cb4                vid_bres_scan_edges
                0x00402f14                vid_draw_triangle
                0x0040325c                CopyImage16
                0x00403338                CropImage16
 .text          0x00403464      0xc9c obj/default/graphic_lib/simple_text.o
                0x00403464                vid_print_string_alpha
                0x004036dc                seperate_color_channels
                0x00403830                merge_color_channels
                0x00403988                read_from_frame
                0x00403bb8                alpha_blending
                0x00403e60                vid_print_char_alpha
                0x0040400c                vid_string_pixel_length_alpha
 .text          0x00404100     0x14c8 obj/default/gui.o
                0x00404100                GUI_DeskInit
                0x004042e0                GUI_CheckButton
                0x00404374                GUI_DeskDraw
                0x00404890                IsContinuedPoint
                0x0040494c                GUI_ShowGesture
                0x00404c3c                GUI_TraceGesture
                0x00404c7c                GUI_ClearPaintArea
                0x00404d28                GUI
                0x00405504                GUI_ShowInfo
                0x00405568                GUI_ShowTouchPoint
 .text          0x004055c8      0x87c obj/default/gui_vpg.o
                0x004055c8                ShowInfo
                0x00405628                VPG_XLine
                0x004056e0                VPG_ColorPanel
                0x0040577c                VPG_Grid
                0x00405870                VPG_VGrid
                0x00405950                VPG_HGrid
                0x00405a30                VPG_ColorBar
                0x00405ba4                GUI_ShowPAT
                0x00405d20                GUI_VPG
 .text          0x00405e44      0x100 obj/default/main.o
                0x00405e44                main
 .text          0x00405f44     0x11cc obj/default/terasic_lib/I2C.o
                0x00405f44                my_wait
                0x00405f84                I2C_Write
                0x00406080                I2C_Write16
                0x004061dc                I2C_Read
                0x004062f8                I2C_Read16
                0x00406474                I2C_MultipleRead
                0x004065f4                i2c_start
                0x0040667c                i2c_stop
                0x004066fc                i2c_write
                0x00406838                i2c_read
                0x00406984                I2CL_Write
                0x00406ae0                I2CL_Read
                0x00406c68                I2CL_MultipleRead
                0x00406e48                I2CL_MultipleWrite
                0x00406fe8                I2CL_Read16
                0x0040707c                I2CL_Write16
 .text          0x00407110      0xbc0 obj/default/terasic_lib/I2C_core.o
                0x00407110                Write32_Data
                0x00407168                Read32_Data
                0x004071c0                oc_i2c_init
                0x004072c4                ACK_single_check
                0x0040735c                ACK_check
                0x004073d0                OC_I2C_Write
                0x004075ec                ACK_judge_for_read
                0x00407654                OC_I2C_Read
                0x00407848                OC_I2CL_Write
                0x00407a60                OC_I2CL_Read
 .text          0x00407cd0      0x184 obj/default/terasic_lib/LCD.o
                0x00407cd0                LCD_Open
                0x00407d2c                LCD_TextOut
                0x00407d90                LCD_Clear
                0x00407e18                LCD_Close
 .text          0x00407e54      0x194 obj/default/terasic_lib/debug.o
                0x00407e54                debug_output
                0x00407e84                myprintf
                0x00407ee4                myprintf_hexarray
                0x00407f64                myprintf_dwordarray
 .text          0x00407fe8      0x674 obj/default/terasic_lib/multi_touch2.o
                0x00408394                MTC2_Init
                0x00408488                MTC2_UnInit
                0x004084d0                MTC2_GetStatus
                0x00408628                MTC2_ClearEvent
 .text          0x0040865c      0x2a8 obj/default/terasic_lib/queue.o
                0x0040865c                QUEUE_New
                0x004086cc                QUEUE_Delete
                0x004086fc                QUEUE_IsEmpty
                0x00408744                QUEUE_IsFull
                0x004087a8                QUEUE_Push
                0x00408840                QUEUE_Pop
                0x004088d4                QUEUE_Empty
 .text          0x00408904      0x608 obj/default/vip_fr.o
                0x00408904                VIPFR_Init
                0x004089d0                VIPFR_UnInit
                0x00408a0c                VIPFR_SetFrameSize
                0x00408b1c                VIPFR_Go
                0x00408b5c                VIPFR_GetDrawFrame
                0x00408bb0                VIPFR_ActiveDrawFrame
                0x00408c58                DRAW_EraseScreen
                0x00408cd8                FrameReader_SetFrame0
                0x00408d64                FrameReader_SetFrame1
                0x00408df0                FrameReader_SelectFrame
                0x00408e24                FrameReader_Go
                0x00408e5c                VIPFR_ReserveBackground
 .text          0x00408f0c      0x148 c:/altera/13.1/nios2eds/bin/gnu/h-i686-mingw32/bin/../lib/gcc/nios2-elf/4.7.3/../../../../../H-i686-mingw32/nios2-elf/lib/mno-hw-mul\libm.a(lib_a-w_sqrt.o)
                0x00408f0c                sqrt
 .text          0x00409054      0x2c4 c:/altera/13.1/nios2eds/bin/gnu/h-i686-mingw32/bin/../lib/gcc/nios2-elf/4.7.3/../../../../../H-i686-mingw32/nios2-elf/lib/mno-hw-mul\libm.a(lib_a-e_sqrt.o)
                0x00409054                __ieee754_sqrt
 .text          0x00409318       0x2c c:/altera/13.1/nios2eds/bin/gnu/h-i686-mingw32/bin/../lib/gcc/nios2-elf/4.7.3/../../../../../H-i686-mingw32/nios2-elf/lib/mno-hw-mul\libm.a(lib_a-s_isnand.o)
                0x00409318                __isnand
 .text          0x00409344        0x0 c:/altera/13.1/nios2eds/bin/gnu/h-i686-mingw32/bin/../lib/gcc/nios2-elf/4.7.3/../../../../../H-i686-mingw32/nios2-elf/lib/mno-hw-mul\libm.a(lib_a-s_lib_ver.o)
 .text          0x00409344        0x8 c:/altera/13.1/nios2eds/bin/gnu/h-i686-mingw32/bin/../lib/gcc/nios2-elf/4.7.3/../../../../../H-i686-mingw32/nios2-elf/lib/mno-hw-mul\libm.a(lib_a-s_matherr.o)
                0x00409344                matherr
 .text          0x0040934c      0x408 c:/altera/13.1/nios2eds/bin/gnu/h-i686-mingw32/bin/../lib/gcc/nios2-elf/4.7.3/mno-hw-mul\libgcc.a(_addsub_df.o)
                0x004096a0                __adddf3
                0x004096f4                __subdf3
 .text          0x00409754      0x2e4 c:/altera/13.1/nios2eds/bin/gnu/h-i686-mingw32/bin/../lib/gcc/nios2-elf/4.7.3/mno-hw-mul\libgcc.a(_mul_df.o)
                0x00409754                __muldf3
 .text          0x00409a38      0x1b4 c:/altera/13.1/nios2eds/bin/gnu/h-i686-mingw32/bin/../lib/gcc/nios2-elf/4.7.3/mno-hw-mul\libgcc.a(_div_df.o)
                0x00409a38                __divdf3
 .text          0x00409bec       0x5c c:/altera/13.1/nios2eds/bin/gnu/h-i686-mingw32/bin/../lib/gcc/nios2-elf/4.7.3/mno-hw-mul\libgcc.a(_lt_df.o)
                0x00409bec                __ltdf2
 .text          0x00409c48       0xd4 c:/altera/13.1/nios2eds/bin/gnu/h-i686-mingw32/bin/../lib/gcc/nios2-elf/4.7.3/mno-hw-mul\libgcc.a(_si_to_df.o)
                0x00409c48                __floatsidf
 .text          0x00409d1c       0xd4 c:/altera/13.1/nios2eds/bin/gnu/h-i686-mingw32/bin/../lib/gcc/nios2-elf/4.7.3/mno-hw-mul\libgcc.a(_df_to_si.o)
                0x00409d1c                __fixdfsi
 .text          0x00409df0        0x0 c:/altera/13.1/nios2eds/bin/gnu/h-i686-mingw32/bin/../lib/gcc/nios2-elf/4.7.3/mno-hw-mul\libgcc.a(_thenan_df.o)
 .text          0x00409df0      0x130 c:/altera/13.1/nios2eds/bin/gnu/h-i686-mingw32/bin/../lib/gcc/nios2-elf/4.7.3/mno-hw-mul\libgcc.a(lib2-divmod.o)
                0x00409e64                __divsi3
                0x00409eb4                __modsi3
                0x00409f10                __udivsi3
                0x00409f18                __umodsi3
 .text          0x00409f20       0x28 c:/altera/13.1/nios2eds/bin/gnu/h-i686-mingw32/bin/../lib/gcc/nios2-elf/4.7.3/mno-hw-mul\libgcc.a(lib2-mul.o)
                0x00409f20                __mulsi3
 .text          0x00409f48      0x110 c:/altera/13.1/nios2eds/bin/gnu/h-i686-mingw32/bin/../lib/gcc/nios2-elf/4.7.3/mno-hw-mul\libgcc.a(_muldi3.o)
                0x00409f48                __muldi3
 .text          0x0040a058       0xac c:/altera/13.1/nios2eds/bin/gnu/h-i686-mingw32/bin/../lib/gcc/nios2-elf/4.7.3/mno-hw-mul\libgcc.a(_clzsi2.o)
                0x0040a058                __clzsi2
 .text          0x0040a104      0x224 c:/altera/13.1/nios2eds/bin/gnu/h-i686-mingw32/bin/../lib/gcc/nios2-elf/4.7.3/mno-hw-mul\libgcc.a(_pack_df.o)
                0x0040a104                __pack_d
 .text          0x0040a328      0x104 c:/altera/13.1/nios2eds/bin/gnu/h-i686-mingw32/bin/../lib/gcc/nios2-elf/4.7.3/mno-hw-mul\libgcc.a(_unpack_df.o)
                0x0040a328                __unpack_d
 .text          0x0040a42c       0xd0 c:/altera/13.1/nios2eds/bin/gnu/h-i686-mingw32/bin/../lib/gcc/nios2-elf/4.7.3/mno-hw-mul\libgcc.a(_fpcmp_parts_df.o)
                0x0040a42c                __fpcmp_parts_d
 .text          0x0040a4fc       0x44 c:/altera/13.1/nios2eds/bin/gnu/h-i686-mingw32/bin/../lib/gcc/nios2-elf/4.7.3/mno-hw-mul\libgcc.a(_lshrdi3.o)
                0x0040a4fc                __lshrdi3
 .text          0x0040a540       0x44 c:/altera/13.1/nios2eds/bin/gnu/h-i686-mingw32/bin/../lib/gcc/nios2-elf/4.7.3/mno-hw-mul\libgcc.a(_ashldi3.o)
                0x0040a540                __ashldi3
 .text          0x0040a584        0x0 c:/altera/13.1/nios2eds/bin/gnu/h-i686-mingw32/bin/../lib/gcc/nios2-elf/4.7.3/mno-hw-mul\libgcc.a(_clz.o)
 .text          0x0040a584       0x10 c:/altera/13.1/nios2eds/bin/gnu/h-i686-mingw32/bin/../lib/gcc/nios2-elf/4.7.3/../../../../../H-i686-mingw32/nios2-elf/lib/mno-hw-mul\libc.a(lib_a-errno.o)
                0x0040a584                __errno
 .text          0x0040a594      0x150 c:/altera/13.1/nios2eds/bin/gnu/h-i686-mingw32/bin/../lib/gcc/nios2-elf/4.7.3/../../../../../H-i686-mingw32/nios2-elf/lib/mno-hw-mul\libc.a(lib_a-fclose.o)
                0x0040a594                _fclose_r
                0x0040a6d0                fclose
 .text          0x0040a6e4      0x218 c:/altera/13.1/nios2eds/bin/gnu/h-i686-mingw32/bin/../lib/gcc/nios2-elf/4.7.3/../../../../../H-i686-mingw32/nios2-elf/lib/mno-hw-mul\libc.a(lib_a-fflush.o)
                0x0040a6e4                _fflush_r
                0x0040a8cc                fflush
 .text          0x0040a8fc      0x2ec c:/altera/13.1/nios2eds/bin/gnu/h-i686-mingw32/bin/../lib/gcc/nios2-elf/4.7.3/../../../../../H-i686-mingw32/nios2-elf/lib/mno-hw-mul\libc.a(lib_a-findfp.o)
                0x0040a90c                _cleanup_r
                0x0040a918                __sfmoreglue
                0x0040a990                _cleanup
                0x0040a9a0                __sinit
                0x0040aaac                __sfp
                0x0040aba8                __sfp_lock_acquire
                0x0040abac                __sfp_lock_release
                0x0040abb0                __sinit_lock_acquire
                0x0040abb4                __sinit_lock_release
                0x0040abb8                __fp_lock_all
                0x0040abd0                __fp_unlock_all
 .text          0x0040abe8      0x14c c:/altera/13.1/nios2eds/bin/gnu/h-i686-mingw32/bin/../lib/gcc/nios2-elf/4.7.3/../../../../../H-i686-mingw32/nios2-elf/lib/mno-hw-mul\libc.a(lib_a-fopen.o)
                0x0040abe8                _fopen_r
                0x0040ad18                fopen
 .text          0x0040ad34      0x40c c:/altera/13.1/nios2eds/bin/gnu/h-i686-mingw32/bin/../lib/gcc/nios2-elf/4.7.3/../../../../../H-i686-mingw32/nios2-elf/lib/mno-hw-mul\libc.a(lib_a-freer.o)
                0x0040ad34                _malloc_trim_r
                0x0040ae70                _free_r
 .text          0x0040b140      0x498 c:/altera/13.1/nios2eds/bin/gnu/h-i686-mingw32/bin/../lib/gcc/nios2-elf/4.7.3/../../../../../H-i686-mingw32/nios2-elf/lib/mno-hw-mul\libc.a(lib_a-fseek.o)
                0x0040b140                _fseek_r
                0x0040b5b4                fseek
 .text          0x0040b5d8       0x68 c:/altera/13.1/nios2eds/bin/gnu/h-i686-mingw32/bin/../lib/gcc/nios2-elf/4.7.3/../../../../../H-i686-mingw32/nios2-elf/lib/mno-hw-mul\libc.a(lib_a-fstatr.o)
                0x0040b5d8                _fstat_r
 .text          0x0040b640      0x160 c:/altera/13.1/nios2eds/bin/gnu/h-i686-mingw32/bin/../lib/gcc/nios2-elf/4.7.3/../../../../../H-i686-mingw32/nios2-elf/lib/mno-hw-mul\libc.a(lib_a-fwalk.o)
                0x0040b640                _fwalk
                0x0040b6e8                _fwalk_reent
 .text          0x0040b7a0       0xf0 c:/altera/13.1/nios2eds/bin/gnu/h-i686-mingw32/bin/../lib/gcc/nios2-elf/4.7.3/../../../../../H-i686-mingw32/nios2-elf/lib/mno-hw-mul\libc.a(lib_a-fwrite.o)
                0x0040b7a0                _fwrite_r
                0x0040b850                fwrite
 .text          0x0040b890        0x0 c:/altera/13.1/nios2eds/bin/gnu/h-i686-mingw32/bin/../lib/gcc/nios2-elf/4.7.3/../../../../../H-i686-mingw32/nios2-elf/lib/mno-hw-mul\libc.a(lib_a-impure.o)
 .text          0x0040b890        0x0 c:/altera/13.1/nios2eds/bin/gnu/h-i686-mingw32/bin/../lib/gcc/nios2-elf/4.7.3/../../../../../H-i686-mingw32/nios2-elf/lib/mno-hw-mul\libc.a(lib_a-int_errno.o)
 .text          0x0040b890      0x1a8 c:/altera/13.1/nios2eds/bin/gnu/h-i686-mingw32/bin/../lib/gcc/nios2-elf/4.7.3/../../../../../H-i686-mingw32/nios2-elf/lib/mno-hw-mul\libc.a(lib_a-makebuf.o)
                0x0040b890                __smakebuf_r
 .text          0x0040ba38       0x28 c:/altera/13.1/nios2eds/bin/gnu/h-i686-mingw32/bin/../lib/gcc/nios2-elf/4.7.3/../../../../../H-i686-mingw32/nios2-elf/lib/mno-hw-mul\libc.a(lib_a-malloc.o)
                0x0040ba38                malloc
                0x0040ba4c                free
 .text          0x0040ba60      0x784 c:/altera/13.1/nios2eds/bin/gnu/h-i686-mingw32/bin/../lib/gcc/nios2-elf/4.7.3/../../../../../H-i686-mingw32/nios2-elf/lib/mno-hw-mul\libc.a(lib_a-mallocr.o)
                0x0040ba60                _malloc_r
 .text          0x0040c1e4      0x140 c:/altera/13.1/nios2eds/bin/gnu/h-i686-mingw32/bin/../lib/gcc/nios2-elf/4.7.3/../../../../../H-i686-mingw32/nios2-elf/lib/mno-hw-mul\libc.a(lib_a-memcpy.o)
                0x0040c1e4                memcpy
 .text          0x0040c324       0xdc c:/altera/13.1/nios2eds/bin/gnu/h-i686-mingw32/bin/../lib/gcc/nios2-elf/4.7.3/../../../../../H-i686-mingw32/nios2-elf/lib/mno-hw-mul\libc.a(lib_a-memset.o)
                0x0040c324                memset
 .text          0x0040c400       0x6c c:/altera/13.1/nios2eds/bin/gnu/h-i686-mingw32/bin/../lib/gcc/nios2-elf/4.7.3/../../../../../H-i686-mingw32/nios2-elf/lib/mno-hw-mul\libc.a(lib_a-openr.o)
                0x0040c400                _open_r
 .text          0x0040c46c       0x68 c:/altera/13.1/nios2eds/bin/gnu/h-i686-mingw32/bin/../lib/gcc/nios2-elf/4.7.3/../../../../../H-i686-mingw32/nios2-elf/lib/mno-hw-mul\libc.a(lib_a-printf.o)
                0x0040c46c                _printf_r
                0x0040c498                printf
 .text          0x0040c4d4       0x24 c:/altera/13.1/nios2eds/bin/gnu/h-i686-mingw32/bin/../lib/gcc/nios2-elf/4.7.3/../../../../../H-i686-mingw32/nios2-elf/lib/mno-hw-mul\libc.a(lib_a-putchar.o)
                0x0040c4d4                _putchar_r
                0x0040c4dc                putchar
 .text          0x0040c4f8       0x98 c:/altera/13.1/nios2eds/bin/gnu/h-i686-mingw32/bin/../lib/gcc/nios2-elf/4.7.3/../../../../../H-i686-mingw32/nios2-elf/lib/mno-hw-mul\libc.a(lib_a-puts.o)
                0x0040c4f8                _puts_r
                0x0040c57c                puts
 .text          0x0040c590      0x208 c:/altera/13.1/nios2eds/bin/gnu/h-i686-mingw32/bin/../lib/gcc/nios2-elf/4.7.3/../../../../../H-i686-mingw32/nios2-elf/lib/mno-hw-mul\libc.a(lib_a-refill.o)
                0x0040c5ac                __srefill_r
 .text          0x0040c798       0x64 c:/altera/13.1/nios2eds/bin/gnu/h-i686-mingw32/bin/../lib/gcc/nios2-elf/4.7.3/../../../../../H-i686-mingw32/nios2-elf/lib/mno-hw-mul\libc.a(lib_a-sbrkr.o)
                0x0040c798                _sbrk_r
 .text          0x0040c7fc       0xc4 c:/altera/13.1/nios2eds/bin/gnu/h-i686-mingw32/bin/../lib/gcc/nios2-elf/4.7.3/../../../../../H-i686-mingw32/nios2-elf/lib/mno-hw-mul\libc.a(lib_a-sprintf.o)
                0x0040c7fc                _sprintf_r
                0x0040c854                sprintf
 .text          0x0040c8c0      0x140 c:/altera/13.1/nios2eds/bin/gnu/h-i686-mingw32/bin/../lib/gcc/nios2-elf/4.7.3/../../../../../H-i686-mingw32/nios2-elf/lib/mno-hw-mul\libc.a(lib_a-stdio.o)
                0x0040c8c0                __sread
                0x0040c914                __swrite
                0x0040c99c                __sseek
                0x0040c9f8                __sclose
 .text          0x0040ca00       0x94 c:/altera/13.1/nios2eds/bin/gnu/h-i686-mingw32/bin/../lib/gcc/nios2-elf/4.7.3/../../../../../H-i686-mingw32/nios2-elf/lib/mno-hw-mul\libc.a(lib_a-strcpy.o)
                0x0040ca00                strcpy
 .text          0x0040ca94       0x8c c:/altera/13.1/nios2eds/bin/gnu/h-i686-mingw32/bin/../lib/gcc/nios2-elf/4.7.3/../../../../../H-i686-mingw32/nios2-elf/lib/mno-hw-mul\libc.a(lib_a-strlen.o)
                0x0040ca94                strlen
 .text          0x0040cb20     0x1ed4 c:/altera/13.1/nios2eds/bin/gnu/h-i686-mingw32/bin/../lib/gcc/nios2-elf/4.7.3/../../../../../H-i686-mingw32/nios2-elf/lib/mno-hw-mul\libc.a(lib_a-vfprintf.o)
                0x0040cb54                ___vfprintf_internal_r
                0x0040e9d0                __vfprintf_internal
 .text          0x0040e9f4       0xec c:/altera/13.1/nios2eds/bin/gnu/h-i686-mingw32/bin/../lib/gcc/nios2-elf/4.7.3/../../../../../H-i686-mingw32/nios2-elf/lib/mno-hw-mul\libc.a(lib_a-vsnprintf.o)
                0x0040e9f4                _vsnprintf_r
                0x0040eaa0                vsnprintf
 .text          0x0040eae0       0x6c c:/altera/13.1/nios2eds/bin/gnu/h-i686-mingw32/bin/../lib/gcc/nios2-elf/4.7.3/../../../../../H-i686-mingw32/nios2-elf/lib/mno-hw-mul\libc.a(lib_a-writer.o)
                0x0040eae0                _write_r
 .text          0x0040eb4c      0x174 c:/altera/13.1/nios2eds/bin/gnu/h-i686-mingw32/bin/../lib/gcc/nios2-elf/4.7.3/../../../../../H-i686-mingw32/nios2-elf/lib/mno-hw-mul\libc.a(lib_a-wsetup.o)
                0x0040eb4c                __swsetup_r
 .text          0x0040ecc0       0x64 c:/altera/13.1/nios2eds/bin/gnu/h-i686-mingw32/bin/../lib/gcc/nios2-elf/4.7.3/../../../../../H-i686-mingw32/nios2-elf/lib/mno-hw-mul\libc.a(lib_a-closer.o)
                0x0040ecc0                _close_r
 .text          0x0040ed24     0x1858 c:/altera/13.1/nios2eds/bin/gnu/h-i686-mingw32/bin/../lib/gcc/nios2-elf/4.7.3/../../../../../H-i686-mingw32/nios2-elf/lib/mno-hw-mul\libc.a(lib_a-dtoa.o)
                0x0040ef60                _dtoa_r
 .text          0x0041057c       0x98 c:/altera/13.1/nios2eds/bin/gnu/h-i686-mingw32/bin/../lib/gcc/nios2-elf/4.7.3/../../../../../H-i686-mingw32/nios2-elf/lib/mno-hw-mul\libc.a(lib_a-flags.o)
                0x0041057c                __sflags
 .text          0x00410614      0x4e4 c:/altera/13.1/nios2eds/bin/gnu/h-i686-mingw32/bin/../lib/gcc/nios2-elf/4.7.3/../../../../../H-i686-mingw32/nios2-elf/lib/mno-hw-mul\libc.a(lib_a-fvwrite.o)
                0x00410614                __sfvwrite_r
 .text          0x00410af8       0x64 c:/altera/13.1/nios2eds/bin/gnu/h-i686-mingw32/bin/../lib/gcc/nios2-elf/4.7.3/../../../../../H-i686-mingw32/nios2-elf/lib/mno-hw-mul\libc.a(lib_a-isattyr.o)
                0x00410af8                _isatty_r
 .text          0x00410b5c       0xdc c:/altera/13.1/nios2eds/bin/gnu/h-i686-mingw32/bin/../lib/gcc/nios2-elf/4.7.3/../../../../../H-i686-mingw32/nios2-elf/lib/mno-hw-mul\libc.a(lib_a-locale.o)
                0x00410b5c                _setlocale_r
                0x00410bf8                __locale_charset
                0x00410c04                _localeconv_r
                0x00410c10                setlocale
                0x00410c2c                localeconv
 .text          0x00410c38       0x6c c:/altera/13.1/nios2eds/bin/gnu/h-i686-mingw32/bin/../lib/gcc/nios2-elf/4.7.3/../../../../../H-i686-mingw32/nios2-elf/lib/mno-hw-mul\libc.a(lib_a-lseekr.o)
                0x00410c38                _lseek_r
 .text          0x00410ca4       0xf8 c:/altera/13.1/nios2eds/bin/gnu/h-i686-mingw32/bin/../lib/gcc/nios2-elf/4.7.3/../../../../../H-i686-mingw32/nios2-elf/lib/mno-hw-mul\libc.a(lib_a-memchr.o)
                0x00410ca4                memchr
 .text          0x00410d9c      0x18c c:/altera/13.1/nios2eds/bin/gnu/h-i686-mingw32/bin/../lib/gcc/nios2-elf/4.7.3/../../../../../H-i686-mingw32/nios2-elf/lib/mno-hw-mul\libc.a(lib_a-memmove.o)
                0x00410d9c                memmove
 .text          0x00410f28     0x1050 c:/altera/13.1/nios2eds/bin/gnu/h-i686-mingw32/bin/../lib/gcc/nios2-elf/4.7.3/../../../../../H-i686-mingw32/nios2-elf/lib/mno-hw-mul\libc.a(lib_a-mprec.o)
                0x00410f28                _Balloc
                0x00410fd0                _Bfree
                0x00410ff8                __multadd
                0x0041113c                __s2b
                0x00411240                __hi0bits
                0x004112a8                __lo0bits
                0x00411358                __i2b
                0x00411394                __multiply
                0x004115ec                __pow5mult
                0x00411718                __lshift
                0x00411874                __mcmp
                0x004118cc                __mdiff
                0x00411a74                __ulp
                0x00411ad4                __b2d
                0x00411c1c                __d2b
                0x00411d60                __ratio
                0x00411e04                _mprec_log10
                0x00411e78                __copybits
                0x00411ef4                __any_on
 .text          0x00411f78      0x1ac c:/altera/13.1/nios2eds/bin/gnu/h-i686-mingw32/bin/../lib/gcc/nios2-elf/4.7.3/../../../../../H-i686-mingw32/nios2-elf/lib/mno-hw-mul\libc.a(lib_a-putc.o)
                0x00411f78                _putc_r
                0x00412034                putc
 .text          0x00412124       0x6c c:/altera/13.1/nios2eds/bin/gnu/h-i686-mingw32/bin/../lib/gcc/nios2-elf/4.7.3/../../../../../H-i686-mingw32/nios2-elf/lib/mno-hw-mul\libc.a(lib_a-readr.o)
                0x00412124                _read_r
 .text          0x00412190      0x5fc c:/altera/13.1/nios2eds/bin/gnu/h-i686-mingw32/bin/../lib/gcc/nios2-elf/4.7.3/../../../../../H-i686-mingw32/nios2-elf/lib/mno-hw-mul\libc.a(lib_a-reallocr.o)
                0x00412190                _realloc_r
 .text          0x0041278c       0x38 c:/altera/13.1/nios2eds/bin/gnu/h-i686-mingw32/bin/../lib/gcc/nios2-elf/4.7.3/../../../../../H-i686-mingw32/nios2-elf/lib/mno-hw-mul\libc.a(lib_a-s_isinfd.o)
                0x0041278c                __isinfd
 .text          0x004127c4       0xa4 c:/altera/13.1/nios2eds/bin/gnu/h-i686-mingw32/bin/../lib/gcc/nios2-elf/4.7.3/../../../../../H-i686-mingw32/nios2-elf/lib/mno-hw-mul\libc.a(lib_a-strcmp.o)
                0x004127c4                strcmp
 .text          0x00412868      0x158 c:/altera/13.1/nios2eds/bin/gnu/h-i686-mingw32/bin/../lib/gcc/nios2-elf/4.7.3/../../../../../H-i686-mingw32/nios2-elf/lib/mno-hw-mul\libc.a(lib_a-wbuf.o)
                0x00412868                __swbuf_r
                0x004129a4                __swbuf
 .text          0x004129c0       0xcc c:/altera/13.1/nios2eds/bin/gnu/h-i686-mingw32/bin/../lib/gcc/nios2-elf/4.7.3/../../../../../H-i686-mingw32/nios2-elf/lib/mno-hw-mul\libc.a(lib_a-callocr.o)
                0x004129c0                _calloc_r
 .text          0x00412a8c      0x650 c:/altera/13.1/nios2eds/bin/gnu/h-i686-mingw32/bin/../lib/gcc/nios2-elf/4.7.3/mno-hw-mul\libgcc.a(_udivdi3.o)
                0x00412a8c                __udivdi3
 .text          0x004130dc      0x628 c:/altera/13.1/nios2eds/bin/gnu/h-i686-mingw32/bin/../lib/gcc/nios2-elf/4.7.3/mno-hw-mul\libgcc.a(_umoddi3.o)
                0x004130dc                __umoddi3
 .text          0x00413704       0x5c c:/altera/13.1/nios2eds/bin/gnu/h-i686-mingw32/bin/../lib/gcc/nios2-elf/4.7.3/mno-hw-mul\libgcc.a(_eq_df.o)
                0x00413704                __eqdf2
 .text          0x00413760       0x5c c:/altera/13.1/nios2eds/bin/gnu/h-i686-mingw32/bin/../lib/gcc/nios2-elf/4.7.3/mno-hw-mul\libgcc.a(_ne_df.o)
                0x00413760                __nedf2
 .text          0x004137bc       0x64 c:/altera/13.1/nios2eds/bin/gnu/h-i686-mingw32/bin/../lib/gcc/nios2-elf/4.7.3/mno-hw-mul\libgcc.a(_gt_df.o)
                0x004137bc                __gtdf2
 .text          0x00413820       0x64 c:/altera/13.1/nios2eds/bin/gnu/h-i686-mingw32/bin/../lib/gcc/nios2-elf/4.7.3/mno-hw-mul\libgcc.a(_ge_df.o)
                0x00413820                __gedf2
 .text          0x00413884      0x11c c:/altera/13.1/nios2eds/bin/gnu/h-i686-mingw32/bin/../lib/gcc/nios2-elf/4.7.3/mno-hw-mul\libgcc.a(_usi_to_df.o)
                0x00413884                __floatunsidf
 .text          0x004139a0      0x11c ../painter_bsp/\libhal_bsp.a(alt_close.o)
                0x004139f0                close
 .text          0x00413abc       0x44 ../painter_bsp/\libhal_bsp.a(alt_dcache_flush_all.o)
                0x00413abc                alt_dcache_flush_all
 .text          0x00413b00       0x2c ../painter_bsp/\libhal_bsp.a(alt_dev.o)
 .text          0x00413b2c        0x0 ../painter_bsp/\libhal_bsp.a(alt_errno.o)
 .text          0x00413b2c      0x100 ../painter_bsp/\libhal_bsp.a(alt_fstat.o)
                0x00413b7c                fstat
 .text          0x00413c2c      0x1d8 ../painter_bsp/\libhal_bsp.a(alt_iic.o)
                0x00413c2c                alt_ic_isr_register
                0x00413c7c                alt_ic_irq_enable
                0x00413d18                alt_ic_irq_disable
                0x00413db8                alt_ic_irq_enabled
 .text          0x00413e04       0xf0 ../painter_bsp/\libhal_bsp.a(alt_iic_isr_register.o)
                0x00413e04                alt_iic_isr_register
 .text          0x00413ef4        0x0 ../painter_bsp/\libhal_bsp.a(alt_irq_entry.o)
 .text          0x00413ef4        0x0 ../painter_bsp/\libhal_bsp.a(alt_irq_handler.o)
 .text          0x00413ef4        0x0 ../painter_bsp/\libhal_bsp.a(alt_irq_vars.o)
 .text          0x00413ef4       0xf4 ../painter_bsp/\libhal_bsp.a(alt_isatty.o)
                0x00413f44                isatty
 .text          0x00413fe8      0x124 ../painter_bsp/\libhal_bsp.a(alt_lseek.o)
                0x00414038                lseek
 .text          0x0041410c       0x78 ../painter_bsp/\libhal_bsp.a(alt_main.o)
                0x0041410c                alt_main
 .text          0x00414184       0x40 ../painter_bsp/\libhal_bsp.a(alt_malloc_lock.o)
                0x00414184                __malloc_lock
                0x004141a4                __malloc_unlock
 .text          0x004141c4      0x298 ../painter_bsp/\libhal_bsp.a(alt_open.o)
                0x00414304                open
 .text          0x0041445c      0x144 ../painter_bsp/\libhal_bsp.a(alt_read.o)
                0x004144ac                read
 .text          0x004145a0       0x80 ../painter_bsp/\libhal_bsp.a(alt_release_fd.o)
                0x004145a0                alt_release_fd
 .text          0x00414620       0xb0 ../painter_bsp/\libhal_bsp.a(alt_sbrk.o)
                0x00414620                sbrk
 .text          0x004146d0      0x19c ../painter_bsp/\libhal_bsp.a(alt_tick.o)
                0x004146d0                alt_alarm_stop
                0x00414768                alt_tick
 .text          0x0041486c       0x30 ../painter_bsp/\libhal_bsp.a(alt_usleep.o)
                0x0041486c                usleep
 .text          0x0041489c      0x140 ../painter_bsp/\libhal_bsp.a(alt_write.o)
                0x004148ec                write
 .text          0x004149dc       0xf8 ../painter_bsp/\libhal_bsp.a(alt_sys_init.o)
                0x00414a14                alt_irq_init
                0x00414a48                alt_sys_init
 .text          0x00414ad4      0x898 ../painter_bsp/\libhal_bsp.a(altera_avalon_cfi_flash.o)
                0x00414b0c                alt_flash_cfi_init
                0x00414b9c                alt_flash_cfi_write
                0x00414e48                alt_flash_cfi_get_info
                0x00414ed4                alt_flash_cfi_read
                0x00414f38                alt_write_value_to_flash
                0x00415090                alt_flash_program_block
 .text          0x0041536c     0x1448 ../painter_bsp/\libhal_bsp.a(altera_avalon_cfi_flash_table.o)
                0x0041536c                alt_read_query_entry_8bit
                0x004153a8                alt_read_query_entry_16bit
                0x004153e8                alt_read_query_entry_32bit
                0x00415428                alt_write_flash_command_8bit_device_8bit_mode
                0x0041546c                alt_write_flash_command_16bit_device_8bit_mode
                0x004154e0                alt_write_flash_command_32bit_device_8bit_mode
                0x0041552c                alt_write_flash_command_16bit_device_16bit_mode
                0x00415574                alt_write_flash_command_32bit_device_16bit_mode
                0x004155c0                alt_write_flash_command_32bit_device_32bit_mode
                0x0041560c                alt_write_native_8bit
                0x00415644                alt_write_native_16bit
                0x0041567c                alt_write_native_32bit
                0x004156b0                alt_set_flash_width_func
                0x00415874                alt_set_flash_algorithm_func
                0x00415990                alt_read_cfi_table
                0x00415f70                alt_read_cfi_width
                0x004166e0                alt_check_primary_table
 .text          0x004167b4      0x990 ../painter_bsp/\libhal_bsp.a(altera_avalon_epcs_flash_controller.o)
                0x004167ec                alt_epcs_flash_init
                0x00416bb4                alt_epcs_flash_write
                0x00416e14                alt_epcs_flash_get_info
                0x00416f34                alt_epcs_flash_erase_block
                0x00416fa8                alt_epcs_flash_write_block
                0x004170ac                alt_epcs_flash_read
 .text          0x00417144      0x164 ../painter_bsp/\libhal_bsp.a(altera_avalon_jtag_uart_fd.o)
                0x00417144                altera_avalon_jtag_uart_read_fd
                0x004171a4                altera_avalon_jtag_uart_write_fd
                0x00417204                altera_avalon_jtag_uart_close_fd
                0x00417254                altera_avalon_jtag_uart_ioctl_fd
 .text          0x004172a8      0x3d0 ../painter_bsp/\libhal_bsp.a(altera_avalon_jtag_uart_init.o)
                0x004172a8                altera_avalon_jtag_uart_init
                0x00417610                altera_avalon_jtag_uart_close
 .text          0x00417678       0xf4 ../painter_bsp/\libhal_bsp.a(altera_avalon_jtag_uart_ioctl.o)
                0x00417678                altera_avalon_jtag_uart_ioctl
 .text          0x0041776c      0x218 ../painter_bsp/\libhal_bsp.a(altera_avalon_jtag_uart_read.o)
                0x0041776c                altera_avalon_jtag_uart_read
 .text          0x00417984      0x224 ../painter_bsp/\libhal_bsp.a(altera_avalon_jtag_uart_write.o)
                0x00417984                altera_avalon_jtag_uart_write
 .text          0x00417ba8      0xf58 ../painter_bsp/\libhal_bsp.a(altera_avalon_lcd_16207.o)
                0x004183ec                altera_avalon_lcd_16207_write
                0x004189c8                altera_avalon_lcd_16207_init
 .text          0x00418b00       0x60 ../painter_bsp/\libhal_bsp.a(altera_avalon_lcd_16207_fd.o)
                0x00418b00                altera_avalon_lcd_16207_write_fd
 .text          0x00418b60       0xfc ../painter_bsp/\libhal_bsp.a(altera_avalon_timer_sc.o)
                0x00418bd4                alt_avalon_timer_sc_init
 .text          0x00418c5c      0x624 ../painter_bsp/\libhal_bsp.a(epcs_commands.o)
                0x00418c5c                epcs_read_status_register
                0x00418d28                epcs_sector_erase
                0x00418e20                epcs_read_buffer
                0x00418f14                epcs_write_enable
                0x00418f64                epcs_write_status_register
                0x00418fcc                epcs_write_buffer
                0x004190e8                epcs_read_electronic_signature
                0x00419150                epcs_read_device_id
                0x004191d0                epcs_enter_4_bytes_mode
                0x00419228                epcs_exit_4_bytes_mode
 .text          0x00419280      0x140 ../painter_bsp/\libhal_bsp.a(alt_alarm_start.o)
                0x00419280                alt_alarm_start
 .text          0x004193c0      0x154 ../painter_bsp/\libhal_bsp.a(alt_busy_sleep.o)
                0x004193c0                alt_busy_sleep
 .text          0x00419514       0x74 ../painter_bsp/\libhal_bsp.a(alt_dcache_flush.o)
                0x00419514                alt_dcache_flush
 .text          0x00419588       0xf0 ../painter_bsp/\libhal_bsp.a(alt_dev_llist_insert.o)
                0x004195d8                alt_dev_llist_insert
 .text          0x00419678       0x5c ../painter_bsp/\libhal_bsp.a(alt_do_ctors.o)
                0x00419678                _do_ctors
 .text          0x004196d4       0x5c ../painter_bsp/\libhal_bsp.a(alt_do_dtors.o)
                0x004196d4                _do_dtors
 .text          0x00419730        0x0 ../painter_bsp/\libhal_bsp.a(alt_exception_entry.o)
 .text          0x00419730       0x90 ../painter_bsp/\libhal_bsp.a(alt_find_dev.o)
                0x00419730                alt_find_dev
 .text          0x004197c0      0x114 ../painter_bsp/\libhal_bsp.a(alt_find_file.o)
                0x004197c0                alt_find_file
 .text          0x004198d4       0xb8 ../painter_bsp/\libhal_bsp.a(alt_flash_dev.o)
                0x004198d4                alt_flash_open_dev
                0x0041993c                alt_flash_close_dev
 .text          0x0041998c       0xd4 ../painter_bsp/\libhal_bsp.a(alt_get_fd.o)
                0x0041998c                alt_get_fd
 .text          0x00419a60      0x158 ../painter_bsp/\libhal_bsp.a(alt_io_redirect.o)
                0x00419b40                alt_io_redirect
 .text          0x00419bb8       0x20 ../painter_bsp/\libhal_bsp.a(altera_nios2_qsys_irq.o)
                0x00419bb8                altera_nios2_qsys_irq_init
 .text          0x00419bd8      0x468 ../painter_bsp/\libhal_bsp.a(altera_avalon_cfi_flash_amd.o)
                0x00419bd8                alt_program_amd
                0x00419c40                alt_erase_block_amd
 .text          0x0041a040      0x440 ../painter_bsp/\libhal_bsp.a(altera_avalon_cfi_flash_intel.o)
                0x0041a040                alt_program_intel
                0x0041a0c0                alt_erase_block_intel
 .text          0x0041a480      0x208 ../painter_bsp/\libhal_bsp.a(altera_avalon_spi.o)
                0x0041a480                alt_avalon_spi_command
 .text          0x0041a688       0x14 c:/altera/13.1/nios2eds/bin/gnu/h-i686-mingw32/bin/../lib/gcc/nios2-elf/4.7.3/../../../../../H-i686-mingw32/nios2-elf/lib/mno-hw-mul\libc.a(lib_a-atexit.o)
                0x0041a688                atexit
 .text          0x0041a69c        0x0 c:/altera/13.1/nios2eds/bin/gnu/h-i686-mingw32/bin/../lib/gcc/nios2-elf/4.7.3/../../../../../H-i686-mingw32/nios2-elf/lib/mno-hw-mul\libc.a(lib_a-ctype_.o)
 .text          0x0041a69c       0x38 c:/altera/13.1/nios2eds/bin/gnu/h-i686-mingw32/bin/../lib/gcc/nios2-elf/4.7.3/../../../../../H-i686-mingw32/nios2-elf/lib/mno-hw-mul\libc.a(lib_a-exit.o)
                0x0041a69c                exit
 .text          0x0041a6d4       0x7c c:/altera/13.1/nios2eds/bin/gnu/h-i686-mingw32/bin/../lib/gcc/nios2-elf/4.7.3/../../../../../H-i686-mingw32/nios2-elf/lib/mno-hw-mul\libc.a(lib_a-memcmp.o)
                0x0041a6d4                memcmp
 .text          0x0041a750      0x130 c:/altera/13.1/nios2eds/bin/gnu/h-i686-mingw32/bin/../lib/gcc/nios2-elf/4.7.3/../../../../../H-i686-mingw32/nios2-elf/lib/mno-hw-mul\libc.a(lib_a-__atexit.o)
                0x0041a750                __register_exitproc
 .text          0x0041a880      0x1a0 c:/altera/13.1/nios2eds/bin/gnu/h-i686-mingw32/bin/../lib/gcc/nios2-elf/4.7.3/../../../../../H-i686-mingw32/nios2-elf/lib/mno-hw-mul\libc.a(lib_a-__call_atexit.o)
                0x0041a880                __call_exitprocs
 .text          0x0041aa20       0x3c ../painter_bsp/\libhal_bsp.a(alt_exit.o)
                0x0041aa20                _exit
 *(.gnu.warning.*)
 *(.fini)
                0x0041aa5c                PROVIDE (__etext, ABSOLUTE (.))
                0x0041aa5c                PROVIDE (_etext, ABSOLUTE (.))
                0x0041aa5c                PROVIDE (etext, ABSOLUTE (.))
 *(.eh_frame_hdr)
                0x0041aa5c                . = ALIGN (0x4)
                0x0041aa5c                PROVIDE (__preinit_array_start, ABSOLUTE (.))
 *(.preinit_array)
                0x0041aa5c                PROVIDE (__preinit_array_end, ABSOLUTE (.))
                0x0041aa5c                PROVIDE (__init_array_start, ABSOLUTE (.))
 *(.init_array)
                0x0041aa5c                PROVIDE (__init_array_end, ABSOLUTE (.))
                0x0041aa5c                PROVIDE (__fini_array_start, ABSOLUTE (.))
 *(.fini_array)
                0x0041aa5c                PROVIDE (__fini_array_end, ABSOLUTE (.))
 *(.eh_frame)
 *(.gcc_except_table .gcc_except_table.*)
 *(.dynamic)
                0x0041aa5c                PROVIDE (__CTOR_LIST__, ABSOLUTE (.))
 *(.ctors)
 *(SORT(.ctors.*))
                0x0041aa5c                PROVIDE (__CTOR_END__, ABSOLUTE (.))
                0x0041aa5c                PROVIDE (__DTOR_LIST__, ABSOLUTE (.))
 *(.dtors)
 *(SORT(.dtors.*))
                0x0041aa5c                PROVIDE (__DTOR_END__, ABSOLUTE (.))
 *(.jcr)
                0x0041aa5c                . = ALIGN (0x4)

.rodata         0x0041aa5c    0x5f11c
                0x0041aa5c                PROVIDE (__ram_rodata_start, ABSOLUTE (.))
                0x0041aa5c                . = ALIGN (0x4)
 *(.rodata .rodata.* .gnu.linkonce.r.*)
 .rodata        0x0041aa5c     0x7858 obj/default/fonts/tahomabold_20.o
 .rodata        0x004222b4    0x12520 obj/default/fonts/tahomabold_32.o
 .rodata        0x004347d4    0x448f0 obj/default/gesture.o
                0x004347d4                gesture_bmp
 .rodata        0x004790c4       0x30 obj/default/gui.o
 .rodata        0x004790f4       0x30 obj/default/gui_vpg.o
 .rodata        0x00479124       0x80 obj/default/main.o
 .rodata        0x004791a4      0x1f4 obj/default/terasic_lib/I2C.o
 .rodata        0x00479398      0x184 obj/default/terasic_lib/I2C_core.o
 .rodata        0x0047951c       0x30 obj/default/terasic_lib/LCD.o
 .rodata        0x0047954c       0x10 obj/default/terasic_lib/debug.o
 .rodata        0x0047955c       0x38 obj/default/terasic_lib/multi_touch2.o
 .rodata.str1.4
                0x00479594        0x5 c:/altera/13.1/nios2eds/bin/gnu/h-i686-mingw32/bin/../lib/gcc/nios2-elf/4.7.3/../../../../../H-i686-mingw32/nios2-elf/lib/mno-hw-mul\libm.a(lib_a-w_sqrt.o)
                                  0x8 (size before relaxing)
 *fill*         0x00479599        0x3 
 .rodata        0x0047959c       0x14 c:/altera/13.1/nios2eds/bin/gnu/h-i686-mingw32/bin/../lib/gcc/nios2-elf/4.7.3/mno-hw-mul\libgcc.a(_thenan_df.o)
                0x0047959c                __thenan_df
 .rodata        0x004795b0      0x100 c:/altera/13.1/nios2eds/bin/gnu/h-i686-mingw32/bin/../lib/gcc/nios2-elf/4.7.3/mno-hw-mul\libgcc.a(_clz.o)
                0x004795b0                __clz_tab
 .rodata.str1.4
                0x004796b0        0x2 c:/altera/13.1/nios2eds/bin/gnu/h-i686-mingw32/bin/../lib/gcc/nios2-elf/4.7.3/../../../../../H-i686-mingw32/nios2-elf/lib/mno-hw-mul\libc.a(lib_a-impure.o)
                                  0x4 (size before relaxing)
 *fill*         0x004796b2        0x2 
 .rodata.str1.4
                0x004796b4        0x2 c:/altera/13.1/nios2eds/bin/gnu/h-i686-mingw32/bin/../lib/gcc/nios2-elf/4.7.3/../../../../../H-i686-mingw32/nios2-elf/lib/mno-hw-mul\libc.a(lib_a-puts.o)
                                  0x4 (size before relaxing)
 *fill*         0x004796b6        0x2 
 .rodata.str1.4
                0x004796b8       0x42 c:/altera/13.1/nios2eds/bin/gnu/h-i686-mingw32/bin/../lib/gcc/nios2-elf/4.7.3/../../../../../H-i686-mingw32/nios2-elf/lib/mno-hw-mul\libc.a(lib_a-vfprintf.o)
                                 0x44 (size before relaxing)
 .rodata        0x004796fa       0x20 c:/altera/13.1/nios2eds/bin/gnu/h-i686-mingw32/bin/../lib/gcc/nios2-elf/4.7.3/../../../../../H-i686-mingw32/nios2-elf/lib/mno-hw-mul\libc.a(lib_a-vfprintf.o)
 *fill*         0x0047971a        0x2 
 .rodata.str1.4
                0x0047971c       0x10 c:/altera/13.1/nios2eds/bin/gnu/h-i686-mingw32/bin/../lib/gcc/nios2-elf/4.7.3/../../../../../H-i686-mingw32/nios2-elf/lib/mno-hw-mul\libc.a(lib_a-dtoa.o)
                                 0x14 (size before relaxing)
 .rodata.str1.4
                0x0047972c       0x10 c:/altera/13.1/nios2eds/bin/gnu/h-i686-mingw32/bin/../lib/gcc/nios2-elf/4.7.3/../../../../../H-i686-mingw32/nios2-elf/lib/mno-hw-mul\libc.a(lib_a-locale.o)
                                 0x18 (size before relaxing)
 .rodata        0x0047973c       0x30 c:/altera/13.1/nios2eds/bin/gnu/h-i686-mingw32/bin/../lib/gcc/nios2-elf/4.7.3/../../../../../H-i686-mingw32/nios2-elf/lib/mno-hw-mul\libc.a(lib_a-locale.o)
 .rodata        0x0047976c      0x124 c:/altera/13.1/nios2eds/bin/gnu/h-i686-mingw32/bin/../lib/gcc/nios2-elf/4.7.3/../../../../../H-i686-mingw32/nios2-elf/lib/mno-hw-mul\libc.a(lib_a-mprec.o)
                0x0047976c                __mprec_tinytens
                0x00479794                __mprec_bigtens
                0x004797bc                __mprec_tens
 .rodata        0x00479890        0xc ../painter_bsp/\libhal_bsp.a(alt_dev.o)
 .rodata        0x0047989c       0x10 ../painter_bsp/\libhal_bsp.a(alt_main.o)
 .rodata        0x004798ac       0x48 ../painter_bsp/\libhal_bsp.a(alt_sys_init.o)
 .rodata        0x004798f4      0x281 c:/altera/13.1/nios2eds/bin/gnu/h-i686-mingw32/bin/../lib/gcc/nios2-elf/4.7.3/../../../../../H-i686-mingw32/nios2-elf/lib/mno-hw-mul\libc.a(lib_a-ctype_.o)
                0x004798f4                _ctype_
 *(.rodata1)
                0x00479b78                . = ALIGN (0x4)
 *fill*         0x00479b75        0x3 
                0x00479b78                PROVIDE (__ram_rodata_end, ABSOLUTE (.))
                0x0041aa5c                PROVIDE (__flash_rodata_start, LOADADDR (.rodata))

.rwdata         0x00479b78     0x38f0
                0x00479b78                PROVIDE (__ram_rwdata_start, ABSOLUTE (.))
                0x00479b78                . = ALIGN (0x4)
 *(.got.plt)
 *(.got)
 *(.data1)
 *(.data .data.* .gnu.linkonce.d.*)
 .data          0x00479b78        0x0 ../painter_bsp//obj/HAL/src/crt0.o
 .data          0x00479b78      0xbc0 obj/default/fonts/tahomabold_20.o
                0x00479b78                tahomabold_20
 .data          0x0047a738      0xbc0 obj/default/fonts/tahomabold_32.o
                0x0047a738                tahomabold_32
 .data          0x0047b2f8        0x0 obj/default/geometry.o
 .data          0x0047b2f8        0x0 obj/default/gesture.o
 .data          0x0047b2f8      0x418 obj/default/graphic_lib/simple_graphics.o
                0x0047b2f8                cour10_font_array
 .data          0x0047b710        0x0 obj/default/graphic_lib/simple_text.o
 .data          0x0047b710       0x24 obj/default/gui.o
                0x0047b710                szPallete
 .data          0x0047b734        0x0 obj/default/gui_vpg.o
 .data          0x0047b734        0x0 obj/default/main.o
 .data          0x0047b734        0x0 obj/default/terasic_lib/I2C.o
 .data          0x0047b734        0x0 obj/default/terasic_lib/I2C_core.o
 .data          0x0047b734        0x0 obj/default/terasic_lib/LCD.o
 .data          0x0047b734        0x0 obj/default/terasic_lib/debug.o
 .data          0x0047b734        0x0 obj/default/terasic_lib/multi_touch2.o
 .data          0x0047b734        0x0 obj/default/terasic_lib/queue.o
 .data          0x0047b734        0x0 obj/default/vip_fr.o
 .data          0x0047b734        0x0 c:/altera/13.1/nios2eds/bin/gnu/h-i686-mingw32/bin/../lib/gcc/nios2-elf/4.7.3/../../../../../H-i686-mingw32/nios2-elf/lib/mno-hw-mul\libm.a(lib_a-w_sqrt.o)
 .data          0x0047b734        0x0 c:/altera/13.1/nios2eds/bin/gnu/h-i686-mingw32/bin/../lib/gcc/nios2-elf/4.7.3/../../../../../H-i686-mingw32/nios2-elf/lib/mno-hw-mul\libm.a(lib_a-e_sqrt.o)
 .data          0x0047b734        0x0 c:/altera/13.1/nios2eds/bin/gnu/h-i686-mingw32/bin/../lib/gcc/nios2-elf/4.7.3/../../../../../H-i686-mingw32/nios2-elf/lib/mno-hw-mul\libm.a(lib_a-s_isnand.o)
 .data          0x0047b734        0x0 c:/altera/13.1/nios2eds/bin/gnu/h-i686-mingw32/bin/../lib/gcc/nios2-elf/4.7.3/../../../../../H-i686-mingw32/nios2-elf/lib/mno-hw-mul\libm.a(lib_a-s_lib_ver.o)
 .data          0x0047b734        0x0 c:/altera/13.1/nios2eds/bin/gnu/h-i686-mingw32/bin/../lib/gcc/nios2-elf/4.7.3/../../../../../H-i686-mingw32/nios2-elf/lib/mno-hw-mul\libm.a(lib_a-s_matherr.o)
 .data          0x0047b734        0x0 c:/altera/13.1/nios2eds/bin/gnu/h-i686-mingw32/bin/../lib/gcc/nios2-elf/4.7.3/mno-hw-mul\libgcc.a(_addsub_df.o)
 .data          0x0047b734        0x0 c:/altera/13.1/nios2eds/bin/gnu/h-i686-mingw32/bin/../lib/gcc/nios2-elf/4.7.3/mno-hw-mul\libgcc.a(_mul_df.o)
 .data          0x0047b734        0x0 c:/altera/13.1/nios2eds/bin/gnu/h-i686-mingw32/bin/../lib/gcc/nios2-elf/4.7.3/mno-hw-mul\libgcc.a(_div_df.o)
 .data          0x0047b734        0x0 c:/altera/13.1/nios2eds/bin/gnu/h-i686-mingw32/bin/../lib/gcc/nios2-elf/4.7.3/mno-hw-mul\libgcc.a(_lt_df.o)
 .data          0x0047b734        0x0 c:/altera/13.1/nios2eds/bin/gnu/h-i686-mingw32/bin/../lib/gcc/nios2-elf/4.7.3/mno-hw-mul\libgcc.a(_si_to_df.o)
 .data          0x0047b734        0x0 c:/altera/13.1/nios2eds/bin/gnu/h-i686-mingw32/bin/../lib/gcc/nios2-elf/4.7.3/mno-hw-mul\libgcc.a(_df_to_si.o)
 .data          0x0047b734        0x0 c:/altera/13.1/nios2eds/bin/gnu/h-i686-mingw32/bin/../lib/gcc/nios2-elf/4.7.3/mno-hw-mul\libgcc.a(_thenan_df.o)
 .data          0x0047b734        0x0 c:/altera/13.1/nios2eds/bin/gnu/h-i686-mingw32/bin/../lib/gcc/nios2-elf/4.7.3/mno-hw-mul\libgcc.a(lib2-divmod.o)
 .data          0x0047b734        0x0 c:/altera/13.1/nios2eds/bin/gnu/h-i686-mingw32/bin/../lib/gcc/nios2-elf/4.7.3/mno-hw-mul\libgcc.a(lib2-mul.o)
 .data          0x0047b734        0x0 c:/altera/13.1/nios2eds/bin/gnu/h-i686-mingw32/bin/../lib/gcc/nios2-elf/4.7.3/mno-hw-mul\libgcc.a(_muldi3.o)
 .data          0x0047b734        0x0 c:/altera/13.1/nios2eds/bin/gnu/h-i686-mingw32/bin/../lib/gcc/nios2-elf/4.7.3/mno-hw-mul\libgcc.a(_clzsi2.o)
 .data          0x0047b734        0x0 c:/altera/13.1/nios2eds/bin/gnu/h-i686-mingw32/bin/../lib/gcc/nios2-elf/4.7.3/mno-hw-mul\libgcc.a(_pack_df.o)
 .data          0x0047b734        0x0 c:/altera/13.1/nios2eds/bin/gnu/h-i686-mingw32/bin/../lib/gcc/nios2-elf/4.7.3/mno-hw-mul\libgcc.a(_unpack_df.o)
 .data          0x0047b734        0x0 c:/altera/13.1/nios2eds/bin/gnu/h-i686-mingw32/bin/../lib/gcc/nios2-elf/4.7.3/mno-hw-mul\libgcc.a(_fpcmp_parts_df.o)
 .data          0x0047b734        0x0 c:/altera/13.1/nios2eds/bin/gnu/h-i686-mingw32/bin/../lib/gcc/nios2-elf/4.7.3/mno-hw-mul\libgcc.a(_lshrdi3.o)
 .data          0x0047b734        0x0 c:/altera/13.1/nios2eds/bin/gnu/h-i686-mingw32/bin/../lib/gcc/nios2-elf/4.7.3/mno-hw-mul\libgcc.a(_ashldi3.o)
 .data          0x0047b734        0x0 c:/altera/13.1/nios2eds/bin/gnu/h-i686-mingw32/bin/../lib/gcc/nios2-elf/4.7.3/mno-hw-mul\libgcc.a(_clz.o)
 .data          0x0047b734        0x0 c:/altera/13.1/nios2eds/bin/gnu/h-i686-mingw32/bin/../lib/gcc/nios2-elf/4.7.3/../../../../../H-i686-mingw32/nios2-elf/lib/mno-hw-mul\libc.a(lib_a-errno.o)
 .data          0x0047b734        0x0 c:/altera/13.1/nios2eds/bin/gnu/h-i686-mingw32/bin/../lib/gcc/nios2-elf/4.7.3/../../../../../H-i686-mingw32/nios2-elf/lib/mno-hw-mul\libc.a(lib_a-fclose.o)
 .data          0x0047b734        0x0 c:/altera/13.1/nios2eds/bin/gnu/h-i686-mingw32/bin/../lib/gcc/nios2-elf/4.7.3/../../../../../H-i686-mingw32/nios2-elf/lib/mno-hw-mul\libc.a(lib_a-fflush.o)
 .data          0x0047b734        0x0 c:/altera/13.1/nios2eds/bin/gnu/h-i686-mingw32/bin/../lib/gcc/nios2-elf/4.7.3/../../../../../H-i686-mingw32/nios2-elf/lib/mno-hw-mul\libc.a(lib_a-findfp.o)
 .data          0x0047b734        0x0 c:/altera/13.1/nios2eds/bin/gnu/h-i686-mingw32/bin/../lib/gcc/nios2-elf/4.7.3/../../../../../H-i686-mingw32/nios2-elf/lib/mno-hw-mul\libc.a(lib_a-fopen.o)
 .data          0x0047b734        0x0 c:/altera/13.1/nios2eds/bin/gnu/h-i686-mingw32/bin/../lib/gcc/nios2-elf/4.7.3/../../../../../H-i686-mingw32/nios2-elf/lib/mno-hw-mul\libc.a(lib_a-freer.o)
 .data          0x0047b734        0x0 c:/altera/13.1/nios2eds/bin/gnu/h-i686-mingw32/bin/../lib/gcc/nios2-elf/4.7.3/../../../../../H-i686-mingw32/nios2-elf/lib/mno-hw-mul\libc.a(lib_a-fseek.o)
 .data          0x0047b734        0x0 c:/altera/13.1/nios2eds/bin/gnu/h-i686-mingw32/bin/../lib/gcc/nios2-elf/4.7.3/../../../../../H-i686-mingw32/nios2-elf/lib/mno-hw-mul\libc.a(lib_a-fstatr.o)
 .data          0x0047b734        0x0 c:/altera/13.1/nios2eds/bin/gnu/h-i686-mingw32/bin/../lib/gcc/nios2-elf/4.7.3/../../../../../H-i686-mingw32/nios2-elf/lib/mno-hw-mul\libc.a(lib_a-fwalk.o)
 .data          0x0047b734        0x0 c:/altera/13.1/nios2eds/bin/gnu/h-i686-mingw32/bin/../lib/gcc/nios2-elf/4.7.3/../../../../../H-i686-mingw32/nios2-elf/lib/mno-hw-mul\libc.a(lib_a-fwrite.o)
 .data          0x0047b734      0x400 c:/altera/13.1/nios2eds/bin/gnu/h-i686-mingw32/bin/../lib/gcc/nios2-elf/4.7.3/../../../../../H-i686-mingw32/nios2-elf/lib/mno-hw-mul\libc.a(lib_a-impure.o)
 .data          0x0047bb34        0x0 c:/altera/13.1/nios2eds/bin/gnu/h-i686-mingw32/bin/../lib/gcc/nios2-elf/4.7.3/../../../../../H-i686-mingw32/nios2-elf/lib/mno-hw-mul\libc.a(lib_a-int_errno.o)
 .data          0x0047bb34        0x0 c:/altera/13.1/nios2eds/bin/gnu/h-i686-mingw32/bin/../lib/gcc/nios2-elf/4.7.3/../../../../../H-i686-mingw32/nios2-elf/lib/mno-hw-mul\libc.a(lib_a-makebuf.o)
 .data          0x0047bb34        0x0 c:/altera/13.1/nios2eds/bin/gnu/h-i686-mingw32/bin/../lib/gcc/nios2-elf/4.7.3/../../../../../H-i686-mingw32/nios2-elf/lib/mno-hw-mul\libc.a(lib_a-malloc.o)
 .data          0x0047bb34      0x408 c:/altera/13.1/nios2eds/bin/gnu/h-i686-mingw32/bin/../lib/gcc/nios2-elf/4.7.3/../../../../../H-i686-mingw32/nios2-elf/lib/mno-hw-mul\libc.a(lib_a-mallocr.o)
                0x0047bb34                __malloc_av_
 .data          0x0047bf3c        0x0 c:/altera/13.1/nios2eds/bin/gnu/h-i686-mingw32/bin/../lib/gcc/nios2-elf/4.7.3/../../../../../H-i686-mingw32/nios2-elf/lib/mno-hw-mul\libc.a(lib_a-memcpy.o)
 .data          0x0047bf3c        0x0 c:/altera/13.1/nios2eds/bin/gnu/h-i686-mingw32/bin/../lib/gcc/nios2-elf/4.7.3/../../../../../H-i686-mingw32/nios2-elf/lib/mno-hw-mul\libc.a(lib_a-memset.o)
 .data          0x0047bf3c        0x0 c:/altera/13.1/nios2eds/bin/gnu/h-i686-mingw32/bin/../lib/gcc/nios2-elf/4.7.3/../../../../../H-i686-mingw32/nios2-elf/lib/mno-hw-mul\libc.a(lib_a-openr.o)
 .data          0x0047bf3c        0x0 c:/altera/13.1/nios2eds/bin/gnu/h-i686-mingw32/bin/../lib/gcc/nios2-elf/4.7.3/../../../../../H-i686-mingw32/nios2-elf/lib/mno-hw-mul\libc.a(lib_a-printf.o)
 .data          0x0047bf3c        0x0 c:/altera/13.1/nios2eds/bin/gnu/h-i686-mingw32/bin/../lib/gcc/nios2-elf/4.7.3/../../../../../H-i686-mingw32/nios2-elf/lib/mno-hw-mul\libc.a(lib_a-putchar.o)
 .data          0x0047bf3c        0x0 c:/altera/13.1/nios2eds/bin/gnu/h-i686-mingw32/bin/../lib/gcc/nios2-elf/4.7.3/../../../../../H-i686-mingw32/nios2-elf/lib/mno-hw-mul\libc.a(lib_a-puts.o)
 .data          0x0047bf3c        0x0 c:/altera/13.1/nios2eds/bin/gnu/h-i686-mingw32/bin/../lib/gcc/nios2-elf/4.7.3/../../../../../H-i686-mingw32/nios2-elf/lib/mno-hw-mul\libc.a(lib_a-refill.o)
 .data          0x0047bf3c        0x0 c:/altera/13.1/nios2eds/bin/gnu/h-i686-mingw32/bin/../lib/gcc/nios2-elf/4.7.3/../../../../../H-i686-mingw32/nios2-elf/lib/mno-hw-mul\libc.a(lib_a-sbrkr.o)
 .data          0x0047bf3c        0x0 c:/altera/13.1/nios2eds/bin/gnu/h-i686-mingw32/bin/../lib/gcc/nios2-elf/4.7.3/../../../../../H-i686-mingw32/nios2-elf/lib/mno-hw-mul\libc.a(lib_a-sprintf.o)
 .data          0x0047bf3c        0x0 c:/altera/13.1/nios2eds/bin/gnu/h-i686-mingw32/bin/../lib/gcc/nios2-elf/4.7.3/../../../../../H-i686-mingw32/nios2-elf/lib/mno-hw-mul\libc.a(lib_a-stdio.o)
 .data          0x0047bf3c        0x0 c:/altera/13.1/nios2eds/bin/gnu/h-i686-mingw32/bin/../lib/gcc/nios2-elf/4.7.3/../../../../../H-i686-mingw32/nios2-elf/lib/mno-hw-mul\libc.a(lib_a-strcpy.o)
 .data          0x0047bf3c        0x0 c:/altera/13.1/nios2eds/bin/gnu/h-i686-mingw32/bin/../lib/gcc/nios2-elf/4.7.3/../../../../../H-i686-mingw32/nios2-elf/lib/mno-hw-mul\libc.a(lib_a-strlen.o)
 .data          0x0047bf3c        0x0 c:/altera/13.1/nios2eds/bin/gnu/h-i686-mingw32/bin/../lib/gcc/nios2-elf/4.7.3/../../../../../H-i686-mingw32/nios2-elf/lib/mno-hw-mul\libc.a(lib_a-vfprintf.o)
 .data          0x0047bf3c        0x0 c:/altera/13.1/nios2eds/bin/gnu/h-i686-mingw32/bin/../lib/gcc/nios2-elf/4.7.3/../../../../../H-i686-mingw32/nios2-elf/lib/mno-hw-mul\libc.a(lib_a-vsnprintf.o)
 .data          0x0047bf3c        0x0 c:/altera/13.1/nios2eds/bin/gnu/h-i686-mingw32/bin/../lib/gcc/nios2-elf/4.7.3/../../../../../H-i686-mingw32/nios2-elf/lib/mno-hw-mul\libc.a(lib_a-writer.o)
 .data          0x0047bf3c        0x0 c:/altera/13.1/nios2eds/bin/gnu/h-i686-mingw32/bin/../lib/gcc/nios2-elf/4.7.3/../../../../../H-i686-mingw32/nios2-elf/lib/mno-hw-mul\libc.a(lib_a-wsetup.o)
 .data          0x0047bf3c        0x0 c:/altera/13.1/nios2eds/bin/gnu/h-i686-mingw32/bin/../lib/gcc/nios2-elf/4.7.3/../../../../../H-i686-mingw32/nios2-elf/lib/mno-hw-mul\libc.a(lib_a-closer.o)
 .data          0x0047bf3c        0x0 c:/altera/13.1/nios2eds/bin/gnu/h-i686-mingw32/bin/../lib/gcc/nios2-elf/4.7.3/../../../../../H-i686-mingw32/nios2-elf/lib/mno-hw-mul\libc.a(lib_a-dtoa.o)
 .data          0x0047bf3c        0x0 c:/altera/13.1/nios2eds/bin/gnu/h-i686-mingw32/bin/../lib/gcc/nios2-elf/4.7.3/../../../../../H-i686-mingw32/nios2-elf/lib/mno-hw-mul\libc.a(lib_a-flags.o)
 .data          0x0047bf3c        0x0 c:/altera/13.1/nios2eds/bin/gnu/h-i686-mingw32/bin/../lib/gcc/nios2-elf/4.7.3/../../../../../H-i686-mingw32/nios2-elf/lib/mno-hw-mul\libc.a(lib_a-fvwrite.o)
 .data          0x0047bf3c        0x0 c:/altera/13.1/nios2eds/bin/gnu/h-i686-mingw32/bin/../lib/gcc/nios2-elf/4.7.3/../../../../../H-i686-mingw32/nios2-elf/lib/mno-hw-mul\libc.a(lib_a-isattyr.o)
 .data          0x0047bf3c        0xc c:/altera/13.1/nios2eds/bin/gnu/h-i686-mingw32/bin/../lib/gcc/nios2-elf/4.7.3/../../../../../H-i686-mingw32/nios2-elf/lib/mno-hw-mul\libc.a(lib_a-locale.o)
                0x0047bf3c                __lc_ctype
 .data          0x0047bf48        0x0 c:/altera/13.1/nios2eds/bin/gnu/h-i686-mingw32/bin/../lib/gcc/nios2-elf/4.7.3/../../../../../H-i686-mingw32/nios2-elf/lib/mno-hw-mul\libc.a(lib_a-lseekr.o)
 .data          0x0047bf48        0x0 c:/altera/13.1/nios2eds/bin/gnu/h-i686-mingw32/bin/../lib/gcc/nios2-elf/4.7.3/../../../../../H-i686-mingw32/nios2-elf/lib/mno-hw-mul\libc.a(lib_a-memchr.o)
 .data          0x0047bf48        0x0 c:/altera/13.1/nios2eds/bin/gnu/h-i686-mingw32/bin/../lib/gcc/nios2-elf/4.7.3/../../../../../H-i686-mingw32/nios2-elf/lib/mno-hw-mul\libc.a(lib_a-memmove.o)
 .data          0x0047bf48        0x0 c:/altera/13.1/nios2eds/bin/gnu/h-i686-mingw32/bin/../lib/gcc/nios2-elf/4.7.3/../../../../../H-i686-mingw32/nios2-elf/lib/mno-hw-mul\libc.a(lib_a-mprec.o)
 .data          0x0047bf48        0x0 c:/altera/13.1/nios2eds/bin/gnu/h-i686-mingw32/bin/../lib/gcc/nios2-elf/4.7.3/../../../../../H-i686-mingw32/nios2-elf/lib/mno-hw-mul\libc.a(lib_a-putc.o)
 .data          0x0047bf48        0x0 c:/altera/13.1/nios2eds/bin/gnu/h-i686-mingw32/bin/../lib/gcc/nios2-elf/4.7.3/../../../../../H-i686-mingw32/nios2-elf/lib/mno-hw-mul\libc.a(lib_a-readr.o)
 .data          0x0047bf48        0x0 c:/altera/13.1/nios2eds/bin/gnu/h-i686-mingw32/bin/../lib/gcc/nios2-elf/4.7.3/../../../../../H-i686-mingw32/nios2-elf/lib/mno-hw-mul\libc.a(lib_a-reallocr.o)
 .data          0x0047bf48        0x0 c:/altera/13.1/nios2eds/bin/gnu/h-i686-mingw32/bin/../lib/gcc/nios2-elf/4.7.3/../../../../../H-i686-mingw32/nios2-elf/lib/mno-hw-mul\libc.a(lib_a-s_isinfd.o)
 .data          0x0047bf48        0x0 c:/altera/13.1/nios2eds/bin/gnu/h-i686-mingw32/bin/../lib/gcc/nios2-elf/4.7.3/../../../../../H-i686-mingw32/nios2-elf/lib/mno-hw-mul\libc.a(lib_a-strcmp.o)
 .data          0x0047bf48        0x0 c:/altera/13.1/nios2eds/bin/gnu/h-i686-mingw32/bin/../lib/gcc/nios2-elf/4.7.3/../../../../../H-i686-mingw32/nios2-elf/lib/mno-hw-mul\libc.a(lib_a-wbuf.o)
 .data          0x0047bf48        0x0 c:/altera/13.1/nios2eds/bin/gnu/h-i686-mingw32/bin/../lib/gcc/nios2-elf/4.7.3/../../../../../H-i686-mingw32/nios2-elf/lib/mno-hw-mul\libc.a(lib_a-callocr.o)
 .data          0x0047bf48        0x0 c:/altera/13.1/nios2eds/bin/gnu/h-i686-mingw32/bin/../lib/gcc/nios2-elf/4.7.3/mno-hw-mul\libgcc.a(_udivdi3.o)
 .data          0x0047bf48        0x0 c:/altera/13.1/nios2eds/bin/gnu/h-i686-mingw32/bin/../lib/gcc/nios2-elf/4.7.3/mno-hw-mul\libgcc.a(_umoddi3.o)
 .data          0x0047bf48        0x0 c:/altera/13.1/nios2eds/bin/gnu/h-i686-mingw32/bin/../lib/gcc/nios2-elf/4.7.3/mno-hw-mul\libgcc.a(_eq_df.o)
 .data          0x0047bf48        0x0 c:/altera/13.1/nios2eds/bin/gnu/h-i686-mingw32/bin/../lib/gcc/nios2-elf/4.7.3/mno-hw-mul\libgcc.a(_ne_df.o)
 .data          0x0047bf48        0x0 c:/altera/13.1/nios2eds/bin/gnu/h-i686-mingw32/bin/../lib/gcc/nios2-elf/4.7.3/mno-hw-mul\libgcc.a(_gt_df.o)
 .data          0x0047bf48        0x0 c:/altera/13.1/nios2eds/bin/gnu/h-i686-mingw32/bin/../lib/gcc/nios2-elf/4.7.3/mno-hw-mul\libgcc.a(_ge_df.o)
 .data          0x0047bf48        0x0 c:/altera/13.1/nios2eds/bin/gnu/h-i686-mingw32/bin/../lib/gcc/nios2-elf/4.7.3/mno-hw-mul\libgcc.a(_usi_to_df.o)
 .data          0x0047bf48        0x0 ../painter_bsp/\libhal_bsp.a(alt_close.o)
 .data          0x0047bf48        0x0 ../painter_bsp/\libhal_bsp.a(alt_dcache_flush_all.o)
 .data          0x0047bf48      0x1a8 ../painter_bsp/\libhal_bsp.a(alt_dev.o)
                0x0047bf48                alt_dev_null
                0x0047bf70                alt_fd_list
 .data          0x0047c0f0        0x0 ../painter_bsp/\libhal_bsp.a(alt_errno.o)
 .data          0x0047c0f0        0x0 ../painter_bsp/\libhal_bsp.a(alt_fstat.o)
 .data          0x0047c0f0        0x0 ../painter_bsp/\libhal_bsp.a(alt_iic.o)
 .data          0x0047c0f0        0x0 ../painter_bsp/\libhal_bsp.a(alt_iic_isr_register.o)
 .data          0x0047c0f0        0x0 ../painter_bsp/\libhal_bsp.a(alt_irq_entry.o)
 .data          0x0047c0f0        0x0 ../painter_bsp/\libhal_bsp.a(alt_irq_handler.o)
 .data          0x0047c0f0        0x0 ../painter_bsp/\libhal_bsp.a(alt_irq_vars.o)
 .data          0x0047c0f0        0x0 ../painter_bsp/\libhal_bsp.a(alt_isatty.o)
 .data          0x0047c0f0        0x0 ../painter_bsp/\libhal_bsp.a(alt_lseek.o)
 .data          0x0047c0f0        0x0 ../painter_bsp/\libhal_bsp.a(alt_main.o)
 .data          0x0047c0f0        0x0 ../painter_bsp/\libhal_bsp.a(alt_malloc_lock.o)
 .data          0x0047c0f0        0x0 ../painter_bsp/\libhal_bsp.a(alt_open.o)
 .data          0x0047c0f0        0x0 ../painter_bsp/\libhal_bsp.a(alt_read.o)
 .data          0x0047c0f0        0x0 ../painter_bsp/\libhal_bsp.a(alt_release_fd.o)
 .data          0x0047c0f0        0x0 ../painter_bsp/\libhal_bsp.a(alt_sbrk.o)
 .data          0x0047c0f0        0x0 ../painter_bsp/\libhal_bsp.a(alt_tick.o)
 .data          0x0047c0f0        0x0 ../painter_bsp/\libhal_bsp.a(alt_usleep.o)
 .data          0x0047c0f0        0x0 ../painter_bsp/\libhal_bsp.a(alt_write.o)
 .data          0x0047c0f0     0x1320 ../painter_bsp/\libhal_bsp.a(alt_sys_init.o)
 .data          0x0047d410        0x0 ../painter_bsp/\libhal_bsp.a(altera_avalon_cfi_flash.o)
 .data          0x0047d410        0x0 ../painter_bsp/\libhal_bsp.a(altera_avalon_cfi_flash_table.o)
 .data          0x0047d410        0x0 ../painter_bsp/\libhal_bsp.a(altera_avalon_epcs_flash_controller.o)
 .data          0x0047d410        0x0 ../painter_bsp/\libhal_bsp.a(altera_avalon_jtag_uart_fd.o)
 .data          0x0047d410        0x0 ../painter_bsp/\libhal_bsp.a(altera_avalon_jtag_uart_init.o)
 .data          0x0047d410        0x0 ../painter_bsp/\libhal_bsp.a(altera_avalon_jtag_uart_ioctl.o)
 .data          0x0047d410        0x0 ../painter_bsp/\libhal_bsp.a(altera_avalon_jtag_uart_read.o)
 .data          0x0047d410        0x0 ../painter_bsp/\libhal_bsp.a(altera_avalon_jtag_uart_write.o)
 .data          0x0047d410        0x0 ../painter_bsp/\libhal_bsp.a(altera_avalon_lcd_16207.o)
 .data          0x0047d410        0x0 ../painter_bsp/\libhal_bsp.a(altera_avalon_lcd_16207_fd.o)
 .data          0x0047d410        0x0 ../painter_bsp/\libhal_bsp.a(altera_avalon_timer_sc.o)
 .data          0x0047d410        0x0 ../painter_bsp/\libhal_bsp.a(epcs_commands.o)
 .data          0x0047d410        0x0 ../painter_bsp/\libhal_bsp.a(alt_alarm_start.o)
 .data          0x0047d410        0x0 ../painter_bsp/\libhal_bsp.a(alt_busy_sleep.o)
 .data          0x0047d410        0x0 ../painter_bsp/\libhal_bsp.a(alt_dcache_flush.o)
 .data          0x0047d410        0x0 ../painter_bsp/\libhal_bsp.a(alt_dev_llist_insert.o)
 .data          0x0047d410        0x0 ../painter_bsp/\libhal_bsp.a(alt_do_ctors.o)
 .data          0x0047d410        0x0 ../painter_bsp/\libhal_bsp.a(alt_do_dtors.o)
 .data          0x0047d410        0x0 ../painter_bsp/\libhal_bsp.a(alt_exception_entry.o)
 .data          0x0047d410        0x0 ../painter_bsp/\libhal_bsp.a(alt_find_dev.o)
 .data          0x0047d410        0x0 ../painter_bsp/\libhal_bsp.a(alt_find_file.o)
 .data          0x0047d410        0x0 ../painter_bsp/\libhal_bsp.a(alt_flash_dev.o)
 .data          0x0047d410        0x0 ../painter_bsp/\libhal_bsp.a(alt_get_fd.o)
 .data          0x0047d410        0x0 ../painter_bsp/\libhal_bsp.a(alt_io_redirect.o)
 .data          0x0047d410        0x0 ../painter_bsp/\libhal_bsp.a(altera_nios2_qsys_irq.o)
 .data          0x0047d410        0x0 ../painter_bsp/\libhal_bsp.a(altera_avalon_cfi_flash_amd.o)
 .data          0x0047d410        0x0 ../painter_bsp/\libhal_bsp.a(altera_avalon_cfi_flash_intel.o)
 .data          0x0047d410        0x0 ../painter_bsp/\libhal_bsp.a(altera_avalon_spi.o)
 .data          0x0047d410        0x0 c:/altera/13.1/nios2eds/bin/gnu/h-i686-mingw32/bin/../lib/gcc/nios2-elf/4.7.3/../../../../../H-i686-mingw32/nios2-elf/lib/mno-hw-mul\libc.a(lib_a-atexit.o)
 .data          0x0047d410        0x0 c:/altera/13.1/nios2eds/bin/gnu/h-i686-mingw32/bin/../lib/gcc/nios2-elf/4.7.3/../../../../../H-i686-mingw32/nios2-elf/lib/mno-hw-mul\libc.a(lib_a-ctype_.o)
 .data          0x0047d410        0x0 c:/altera/13.1/nios2eds/bin/gnu/h-i686-mingw32/bin/../lib/gcc/nios2-elf/4.7.3/../../../../../H-i686-mingw32/nios2-elf/lib/mno-hw-mul\libc.a(lib_a-exit.o)
 .data          0x0047d410        0x0 c:/altera/13.1/nios2eds/bin/gnu/h-i686-mingw32/bin/../lib/gcc/nios2-elf/4.7.3/../../../../../H-i686-mingw32/nios2-elf/lib/mno-hw-mul\libc.a(lib_a-memcmp.o)
 .data          0x0047d410        0x0 c:/altera/13.1/nios2eds/bin/gnu/h-i686-mingw32/bin/../lib/gcc/nios2-elf/4.7.3/../../../../../H-i686-mingw32/nios2-elf/lib/mno-hw-mul\libc.a(lib_a-__atexit.o)
 .data          0x0047d410        0x0 c:/altera/13.1/nios2eds/bin/gnu/h-i686-mingw32/bin/../lib/gcc/nios2-elf/4.7.3/../../../../../H-i686-mingw32/nios2-elf/lib/mno-hw-mul\libc.a(lib_a-__call_atexit.o)
 .data          0x0047d410        0x0 ../painter_bsp/\libhal_bsp.a(alt_exit.o)
                0x00485410                _gp = ABSOLUTE ((. + 0x8000))
                0x00485410                PROVIDE (gp, _gp)
 *(.rwdata .rwdata.*)
 *(.sdata .sdata.* .gnu.linkonce.s.*)
 .sdata         0x0047d410        0x4 obj/default/graphic_lib/simple_graphics.o
                0x0047d410                cour10_font
 .sdata         0x0047d414        0x4 obj/default/gui.o
 .sdata         0x0047d418        0x4 c:/altera/13.1/nios2eds/bin/gnu/h-i686-mingw32/bin/../lib/gcc/nios2-elf/4.7.3/../../../../../H-i686-mingw32/nios2-elf/lib/mno-hw-mul\libm.a(lib_a-s_lib_ver.o)
                0x0047d418                __fdlib_version
 .sdata         0x0047d41c        0x8 c:/altera/13.1/nios2eds/bin/gnu/h-i686-mingw32/bin/../lib/gcc/nios2-elf/4.7.3/../../../../../H-i686-mingw32/nios2-elf/lib/mno-hw-mul\libc.a(lib_a-impure.o)
                0x0047d41c                _global_impure_ptr
                0x0047d420                _impure_ptr
 .sdata         0x0047d424        0x8 c:/altera/13.1/nios2eds/bin/gnu/h-i686-mingw32/bin/../lib/gcc/nios2-elf/4.7.3/../../../../../H-i686-mingw32/nios2-elf/lib/mno-hw-mul\libc.a(lib_a-mallocr.o)
                0x0047d424                __malloc_sbrk_base
                0x0047d428                __malloc_trim_threshold
 .sdata         0x0047d42c        0x4 c:/altera/13.1/nios2eds/bin/gnu/h-i686-mingw32/bin/../lib/gcc/nios2-elf/4.7.3/../../../../../H-i686-mingw32/nios2-elf/lib/mno-hw-mul\libc.a(lib_a-locale.o)
                0x0047d42c                __mb_cur_max
 .sdata         0x0047d430       0x14 ../painter_bsp/\libhal_bsp.a(alt_dev.o)
                0x0047d430                alt_fs_list
                0x0047d438                alt_dev_list
                0x0047d440                alt_max_fd
 .sdata         0x0047d444        0x4 ../painter_bsp/\libhal_bsp.a(alt_errno.o)
                0x0047d444                alt_errno
 .sdata         0x0047d448        0x4 ../painter_bsp/\libhal_bsp.a(alt_irq_vars.o)
                0x0047d448                alt_priority_mask
 .sdata         0x0047d44c        0x4 ../painter_bsp/\libhal_bsp.a(alt_sbrk.o)
 .sdata         0x0047d450        0x8 ../painter_bsp/\libhal_bsp.a(alt_tick.o)
                0x0047d450                alt_alarm_list
 .sdata         0x0047d458        0x4 ../painter_bsp/\libhal_bsp.a(altera_avalon_lcd_16207.o)
 .sdata         0x0047d45c        0x8 ../painter_bsp/\libhal_bsp.a(alt_flash_dev.o)
                0x0047d45c                alt_flash_dev_list
 .sdata         0x0047d464        0x4 c:/altera/13.1/nios2eds/bin/gnu/h-i686-mingw32/bin/../lib/gcc/nios2-elf/4.7.3/../../../../../H-i686-mingw32/nios2-elf/lib/mno-hw-mul\libc.a(lib_a-ctype_.o)
                0x0047d464                __ctype_ptr
 *(.sdata2 .sdata2.* .gnu.linkonce.s2.*)
                0x0047d468                . = ALIGN (0x4)
                0x0047d468                _edata = ABSOLUTE (.)
                0x0047d468                PROVIDE (edata, ABSOLUTE (.))
                0x0047d468                PROVIDE (__ram_rwdata_end, ABSOLUTE (.))
                0x00479b78                PROVIDE (__flash_rwdata_start, LOADADDR (.rwdata))

.bss            0x0047d468      0x2f4
                0x0047d468                __bss_start = ABSOLUTE (.)
                0x0047d468                PROVIDE (__sbss_start, ABSOLUTE (.))
                0x0047d468                PROVIDE (___sbss_start, ABSOLUTE (.))
 *(.dynsbss)
 *(.sbss .sbss.* .gnu.linkonce.sb.*)
 .sbss          0x0047d468        0x4 obj/default/gui.o
 .sbss          0x0047d46c        0x4 obj/default/terasic_lib/LCD.o
 .sbss          0x0047d470        0x4 c:/altera/13.1/nios2eds/bin/gnu/h-i686-mingw32/bin/../lib/gcc/nios2-elf/4.7.3/../../../../../H-i686-mingw32/nios2-elf/lib/mno-hw-mul\libc.a(lib_a-int_errno.o)
                0x0047d470                errno
 .sbss          0x0047d474        0xc c:/altera/13.1/nios2eds/bin/gnu/h-i686-mingw32/bin/../lib/gcc/nios2-elf/4.7.3/../../../../../H-i686-mingw32/nios2-elf/lib/mno-hw-mul\libc.a(lib_a-mallocr.o)
                0x0047d474                __malloc_max_total_mem
                0x0047d478                __malloc_max_sbrked_mem
                0x0047d47c                __malloc_top_pad
 .sbss          0x0047d480        0xc c:/altera/13.1/nios2eds/bin/gnu/h-i686-mingw32/bin/../lib/gcc/nios2-elf/4.7.3/../../../../../H-i686-mingw32/nios2-elf/lib/mno-hw-mul\libc.a(lib_a-locale.o)
                0x0047d480                _PathLocale
                0x0047d484                __mlocale_changed
                0x0047d488                __nlocale_changed
 .sbss          0x0047d48c        0x4 ../painter_bsp/\libhal_bsp.a(alt_irq_vars.o)
                0x0047d48c                alt_irq_active
 .sbss          0x0047d490        0xc ../painter_bsp/\libhal_bsp.a(alt_main.o)
                0x0047d490                alt_argc
                0x0047d494                alt_argv
                0x0047d498                alt_envp
 .sbss          0x0047d49c        0x8 ../painter_bsp/\libhal_bsp.a(alt_tick.o)
                0x0047d49c                _alt_tick_rate
                0x0047d4a0                _alt_nticks
 *(.sbss2 .sbss2.* .gnu.linkonce.sb2.*)
 *(.scommon)
                0x0047d4a4                PROVIDE (__sbss_end, ABSOLUTE (.))
                0x0047d4a4                PROVIDE (___sbss_end, ABSOLUTE (.))
 *(.dynbss)
 *(.bss .bss.* .gnu.linkonce.b.*)
 .bss           0x0047d4a4        0x0 ../painter_bsp//obj/HAL/src/crt0.o
 .bss           0x0047d4a4        0x0 obj/default/fonts/tahomabold_20.o
 .bss           0x0047d4a4        0x0 obj/default/fonts/tahomabold_32.o
 .bss           0x0047d4a4        0x0 obj/default/geometry.o
 .bss           0x0047d4a4        0x0 obj/default/gesture.o
 .bss           0x0047d4a4        0x0 obj/default/graphic_lib/simple_graphics.o
 .bss           0x0047d4a4        0x0 obj/default/graphic_lib/simple_text.o
 .bss           0x0047d4a4        0x0 obj/default/gui.o
 .bss           0x0047d4a4        0x0 obj/default/gui_vpg.o
 .bss           0x0047d4a4        0x0 obj/default/main.o
 .bss           0x0047d4a4        0x0 obj/default/terasic_lib/I2C.o
 .bss           0x0047d4a4        0x0 obj/default/terasic_lib/I2C_core.o
 .bss           0x0047d4a4        0x0 obj/default/terasic_lib/LCD.o
 .bss           0x0047d4a4        0x0 obj/default/terasic_lib/debug.o
 .bss           0x0047d4a4        0x0 obj/default/terasic_lib/multi_touch2.o
 .bss           0x0047d4a4        0x0 obj/default/terasic_lib/queue.o
 .bss           0x0047d4a4        0x0 obj/default/vip_fr.o
 .bss           0x0047d4a4        0x0 c:/altera/13.1/nios2eds/bin/gnu/h-i686-mingw32/bin/../lib/gcc/nios2-elf/4.7.3/../../../../../H-i686-mingw32/nios2-elf/lib/mno-hw-mul\libm.a(lib_a-w_sqrt.o)
 .bss           0x0047d4a4        0x0 c:/altera/13.1/nios2eds/bin/gnu/h-i686-mingw32/bin/../lib/gcc/nios2-elf/4.7.3/../../../../../H-i686-mingw32/nios2-elf/lib/mno-hw-mul\libm.a(lib_a-e_sqrt.o)
 .bss           0x0047d4a4        0x0 c:/altera/13.1/nios2eds/bin/gnu/h-i686-mingw32/bin/../lib/gcc/nios2-elf/4.7.3/../../../../../H-i686-mingw32/nios2-elf/lib/mno-hw-mul\libm.a(lib_a-s_isnand.o)
 .bss           0x0047d4a4        0x0 c:/altera/13.1/nios2eds/bin/gnu/h-i686-mingw32/bin/../lib/gcc/nios2-elf/4.7.3/../../../../../H-i686-mingw32/nios2-elf/lib/mno-hw-mul\libm.a(lib_a-s_lib_ver.o)
 .bss           0x0047d4a4        0x0 c:/altera/13.1/nios2eds/bin/gnu/h-i686-mingw32/bin/../lib/gcc/nios2-elf/4.7.3/../../../../../H-i686-mingw32/nios2-elf/lib/mno-hw-mul\libm.a(lib_a-s_matherr.o)
 .bss           0x0047d4a4        0x0 c:/altera/13.1/nios2eds/bin/gnu/h-i686-mingw32/bin/../lib/gcc/nios2-elf/4.7.3/mno-hw-mul\libgcc.a(_addsub_df.o)
 .bss           0x0047d4a4        0x0 c:/altera/13.1/nios2eds/bin/gnu/h-i686-mingw32/bin/../lib/gcc/nios2-elf/4.7.3/mno-hw-mul\libgcc.a(_mul_df.o)
 .bss           0x0047d4a4        0x0 c:/altera/13.1/nios2eds/bin/gnu/h-i686-mingw32/bin/../lib/gcc/nios2-elf/4.7.3/mno-hw-mul\libgcc.a(_div_df.o)
 .bss           0x0047d4a4        0x0 c:/altera/13.1/nios2eds/bin/gnu/h-i686-mingw32/bin/../lib/gcc/nios2-elf/4.7.3/mno-hw-mul\libgcc.a(_lt_df.o)
 .bss           0x0047d4a4        0x0 c:/altera/13.1/nios2eds/bin/gnu/h-i686-mingw32/bin/../lib/gcc/nios2-elf/4.7.3/mno-hw-mul\libgcc.a(_si_to_df.o)
 .bss           0x0047d4a4        0x0 c:/altera/13.1/nios2eds/bin/gnu/h-i686-mingw32/bin/../lib/gcc/nios2-elf/4.7.3/mno-hw-mul\libgcc.a(_df_to_si.o)
 .bss           0x0047d4a4        0x0 c:/altera/13.1/nios2eds/bin/gnu/h-i686-mingw32/bin/../lib/gcc/nios2-elf/4.7.3/mno-hw-mul\libgcc.a(_thenan_df.o)
 .bss           0x0047d4a4        0x0 c:/altera/13.1/nios2eds/bin/gnu/h-i686-mingw32/bin/../lib/gcc/nios2-elf/4.7.3/mno-hw-mul\libgcc.a(lib2-divmod.o)
 .bss           0x0047d4a4        0x0 c:/altera/13.1/nios2eds/bin/gnu/h-i686-mingw32/bin/../lib/gcc/nios2-elf/4.7.3/mno-hw-mul\libgcc.a(lib2-mul.o)
 .bss           0x0047d4a4        0x0 c:/altera/13.1/nios2eds/bin/gnu/h-i686-mingw32/bin/../lib/gcc/nios2-elf/4.7.3/mno-hw-mul\libgcc.a(_muldi3.o)
 .bss           0x0047d4a4        0x0 c:/altera/13.1/nios2eds/bin/gnu/h-i686-mingw32/bin/../lib/gcc/nios2-elf/4.7.3/mno-hw-mul\libgcc.a(_clzsi2.o)
 .bss           0x0047d4a4        0x0 c:/altera/13.1/nios2eds/bin/gnu/h-i686-mingw32/bin/../lib/gcc/nios2-elf/4.7.3/mno-hw-mul\libgcc.a(_pack_df.o)
 .bss           0x0047d4a4        0x0 c:/altera/13.1/nios2eds/bin/gnu/h-i686-mingw32/bin/../lib/gcc/nios2-elf/4.7.3/mno-hw-mul\libgcc.a(_unpack_df.o)
 .bss           0x0047d4a4        0x0 c:/altera/13.1/nios2eds/bin/gnu/h-i686-mingw32/bin/../lib/gcc/nios2-elf/4.7.3/mno-hw-mul\libgcc.a(_fpcmp_parts_df.o)
 .bss           0x0047d4a4        0x0 c:/altera/13.1/nios2eds/bin/gnu/h-i686-mingw32/bin/../lib/gcc/nios2-elf/4.7.3/mno-hw-mul\libgcc.a(_lshrdi3.o)
 .bss           0x0047d4a4        0x0 c:/altera/13.1/nios2eds/bin/gnu/h-i686-mingw32/bin/../lib/gcc/nios2-elf/4.7.3/mno-hw-mul\libgcc.a(_ashldi3.o)
 .bss           0x0047d4a4        0x0 c:/altera/13.1/nios2eds/bin/gnu/h-i686-mingw32/bin/../lib/gcc/nios2-elf/4.7.3/mno-hw-mul\libgcc.a(_clz.o)
 .bss           0x0047d4a4        0x0 c:/altera/13.1/nios2eds/bin/gnu/h-i686-mingw32/bin/../lib/gcc/nios2-elf/4.7.3/../../../../../H-i686-mingw32/nios2-elf/lib/mno-hw-mul\libc.a(lib_a-errno.o)
 .bss           0x0047d4a4        0x0 c:/altera/13.1/nios2eds/bin/gnu/h-i686-mingw32/bin/../lib/gcc/nios2-elf/4.7.3/../../../../../H-i686-mingw32/nios2-elf/lib/mno-hw-mul\libc.a(lib_a-fclose.o)
 .bss           0x0047d4a4        0x0 c:/altera/13.1/nios2eds/bin/gnu/h-i686-mingw32/bin/../lib/gcc/nios2-elf/4.7.3/../../../../../H-i686-mingw32/nios2-elf/lib/mno-hw-mul\libc.a(lib_a-fflush.o)
 .bss           0x0047d4a4        0x0 c:/altera/13.1/nios2eds/bin/gnu/h-i686-mingw32/bin/../lib/gcc/nios2-elf/4.7.3/../../../../../H-i686-mingw32/nios2-elf/lib/mno-hw-mul\libc.a(lib_a-findfp.o)
 .bss           0x0047d4a4        0x0 c:/altera/13.1/nios2eds/bin/gnu/h-i686-mingw32/bin/../lib/gcc/nios2-elf/4.7.3/../../../../../H-i686-mingw32/nios2-elf/lib/mno-hw-mul\libc.a(lib_a-fopen.o)
 .bss           0x0047d4a4        0x0 c:/altera/13.1/nios2eds/bin/gnu/h-i686-mingw32/bin/../lib/gcc/nios2-elf/4.7.3/../../../../../H-i686-mingw32/nios2-elf/lib/mno-hw-mul\libc.a(lib_a-freer.o)
 .bss           0x0047d4a4        0x0 c:/altera/13.1/nios2eds/bin/gnu/h-i686-mingw32/bin/../lib/gcc/nios2-elf/4.7.3/../../../../../H-i686-mingw32/nios2-elf/lib/mno-hw-mul\libc.a(lib_a-fseek.o)
 .bss           0x0047d4a4        0x0 c:/altera/13.1/nios2eds/bin/gnu/h-i686-mingw32/bin/../lib/gcc/nios2-elf/4.7.3/../../../../../H-i686-mingw32/nios2-elf/lib/mno-hw-mul\libc.a(lib_a-fstatr.o)
 .bss           0x0047d4a4        0x0 c:/altera/13.1/nios2eds/bin/gnu/h-i686-mingw32/bin/../lib/gcc/nios2-elf/4.7.3/../../../../../H-i686-mingw32/nios2-elf/lib/mno-hw-mul\libc.a(lib_a-fwalk.o)
 .bss           0x0047d4a4        0x0 c:/altera/13.1/nios2eds/bin/gnu/h-i686-mingw32/bin/../lib/gcc/nios2-elf/4.7.3/../../../../../H-i686-mingw32/nios2-elf/lib/mno-hw-mul\libc.a(lib_a-fwrite.o)
 .bss           0x0047d4a4        0x0 c:/altera/13.1/nios2eds/bin/gnu/h-i686-mingw32/bin/../lib/gcc/nios2-elf/4.7.3/../../../../../H-i686-mingw32/nios2-elf/lib/mno-hw-mul\libc.a(lib_a-impure.o)
 .bss           0x0047d4a4        0x0 c:/altera/13.1/nios2eds/bin/gnu/h-i686-mingw32/bin/../lib/gcc/nios2-elf/4.7.3/../../../../../H-i686-mingw32/nios2-elf/lib/mno-hw-mul\libc.a(lib_a-int_errno.o)
 .bss           0x0047d4a4        0x0 c:/altera/13.1/nios2eds/bin/gnu/h-i686-mingw32/bin/../lib/gcc/nios2-elf/4.7.3/../../../../../H-i686-mingw32/nios2-elf/lib/mno-hw-mul\libc.a(lib_a-makebuf.o)
 .bss           0x0047d4a4        0x0 c:/altera/13.1/nios2eds/bin/gnu/h-i686-mingw32/bin/../lib/gcc/nios2-elf/4.7.3/../../../../../H-i686-mingw32/nios2-elf/lib/mno-hw-mul\libc.a(lib_a-malloc.o)
 .bss           0x0047d4a4       0x28 c:/altera/13.1/nios2eds/bin/gnu/h-i686-mingw32/bin/../lib/gcc/nios2-elf/4.7.3/../../../../../H-i686-mingw32/nios2-elf/lib/mno-hw-mul\libc.a(lib_a-mallocr.o)
                0x0047d4a4                __malloc_current_mallinfo
 .bss           0x0047d4cc        0x0 c:/altera/13.1/nios2eds/bin/gnu/h-i686-mingw32/bin/../lib/gcc/nios2-elf/4.7.3/../../../../../H-i686-mingw32/nios2-elf/lib/mno-hw-mul\libc.a(lib_a-memcpy.o)
 .bss           0x0047d4cc        0x0 c:/altera/13.1/nios2eds/bin/gnu/h-i686-mingw32/bin/../lib/gcc/nios2-elf/4.7.3/../../../../../H-i686-mingw32/nios2-elf/lib/mno-hw-mul\libc.a(lib_a-memset.o)
 .bss           0x0047d4cc        0x0 c:/altera/13.1/nios2eds/bin/gnu/h-i686-mingw32/bin/../lib/gcc/nios2-elf/4.7.3/../../../../../H-i686-mingw32/nios2-elf/lib/mno-hw-mul\libc.a(lib_a-openr.o)
 .bss           0x0047d4cc        0x0 c:/altera/13.1/nios2eds/bin/gnu/h-i686-mingw32/bin/../lib/gcc/nios2-elf/4.7.3/../../../../../H-i686-mingw32/nios2-elf/lib/mno-hw-mul\libc.a(lib_a-printf.o)
 .bss           0x0047d4cc        0x0 c:/altera/13.1/nios2eds/bin/gnu/h-i686-mingw32/bin/../lib/gcc/nios2-elf/4.7.3/../../../../../H-i686-mingw32/nios2-elf/lib/mno-hw-mul\libc.a(lib_a-putchar.o)
 .bss           0x0047d4cc        0x0 c:/altera/13.1/nios2eds/bin/gnu/h-i686-mingw32/bin/../lib/gcc/nios2-elf/4.7.3/../../../../../H-i686-mingw32/nios2-elf/lib/mno-hw-mul\libc.a(lib_a-puts.o)
 .bss           0x0047d4cc        0x0 c:/altera/13.1/nios2eds/bin/gnu/h-i686-mingw32/bin/../lib/gcc/nios2-elf/4.7.3/../../../../../H-i686-mingw32/nios2-elf/lib/mno-hw-mul\libc.a(lib_a-refill.o)
 .bss           0x0047d4cc        0x0 c:/altera/13.1/nios2eds/bin/gnu/h-i686-mingw32/bin/../lib/gcc/nios2-elf/4.7.3/../../../../../H-i686-mingw32/nios2-elf/lib/mno-hw-mul\libc.a(lib_a-sbrkr.o)
 .bss           0x0047d4cc        0x0 c:/altera/13.1/nios2eds/bin/gnu/h-i686-mingw32/bin/../lib/gcc/nios2-elf/4.7.3/../../../../../H-i686-mingw32/nios2-elf/lib/mno-hw-mul\libc.a(lib_a-sprintf.o)
 .bss           0x0047d4cc        0x0 c:/altera/13.1/nios2eds/bin/gnu/h-i686-mingw32/bin/../lib/gcc/nios2-elf/4.7.3/../../../../../H-i686-mingw32/nios2-elf/lib/mno-hw-mul\libc.a(lib_a-stdio.o)
 .bss           0x0047d4cc        0x0 c:/altera/13.1/nios2eds/bin/gnu/h-i686-mingw32/bin/../lib/gcc/nios2-elf/4.7.3/../../../../../H-i686-mingw32/nios2-elf/lib/mno-hw-mul\libc.a(lib_a-strcpy.o)
 .bss           0x0047d4cc        0x0 c:/altera/13.1/nios2eds/bin/gnu/h-i686-mingw32/bin/../lib/gcc/nios2-elf/4.7.3/../../../../../H-i686-mingw32/nios2-elf/lib/mno-hw-mul\libc.a(lib_a-strlen.o)
 .bss           0x0047d4cc        0x0 c:/altera/13.1/nios2eds/bin/gnu/h-i686-mingw32/bin/../lib/gcc/nios2-elf/4.7.3/../../../../../H-i686-mingw32/nios2-elf/lib/mno-hw-mul\libc.a(lib_a-vfprintf.o)
 .bss           0x0047d4cc        0x0 c:/altera/13.1/nios2eds/bin/gnu/h-i686-mingw32/bin/../lib/gcc/nios2-elf/4.7.3/../../../../../H-i686-mingw32/nios2-elf/lib/mno-hw-mul\libc.a(lib_a-vsnprintf.o)
 .bss           0x0047d4cc        0x0 c:/altera/13.1/nios2eds/bin/gnu/h-i686-mingw32/bin/../lib/gcc/nios2-elf/4.7.3/../../../../../H-i686-mingw32/nios2-elf/lib/mno-hw-mul\libc.a(lib_a-writer.o)
 .bss           0x0047d4cc        0x0 c:/altera/13.1/nios2eds/bin/gnu/h-i686-mingw32/bin/../lib/gcc/nios2-elf/4.7.3/../../../../../H-i686-mingw32/nios2-elf/lib/mno-hw-mul\libc.a(lib_a-wsetup.o)
 .bss           0x0047d4cc        0x0 c:/altera/13.1/nios2eds/bin/gnu/h-i686-mingw32/bin/../lib/gcc/nios2-elf/4.7.3/../../../../../H-i686-mingw32/nios2-elf/lib/mno-hw-mul\libc.a(lib_a-closer.o)
 .bss           0x0047d4cc        0x0 c:/altera/13.1/nios2eds/bin/gnu/h-i686-mingw32/bin/../lib/gcc/nios2-elf/4.7.3/../../../../../H-i686-mingw32/nios2-elf/lib/mno-hw-mul\libc.a(lib_a-dtoa.o)
 .bss           0x0047d4cc        0x0 c:/altera/13.1/nios2eds/bin/gnu/h-i686-mingw32/bin/../lib/gcc/nios2-elf/4.7.3/../../../../../H-i686-mingw32/nios2-elf/lib/mno-hw-mul\libc.a(lib_a-flags.o)
 .bss           0x0047d4cc        0x0 c:/altera/13.1/nios2eds/bin/gnu/h-i686-mingw32/bin/../lib/gcc/nios2-elf/4.7.3/../../../../../H-i686-mingw32/nios2-elf/lib/mno-hw-mul\libc.a(lib_a-fvwrite.o)
 .bss           0x0047d4cc        0x0 c:/altera/13.1/nios2eds/bin/gnu/h-i686-mingw32/bin/../lib/gcc/nios2-elf/4.7.3/../../../../../H-i686-mingw32/nios2-elf/lib/mno-hw-mul\libc.a(lib_a-isattyr.o)
 .bss           0x0047d4cc        0x0 c:/altera/13.1/nios2eds/bin/gnu/h-i686-mingw32/bin/../lib/gcc/nios2-elf/4.7.3/../../../../../H-i686-mingw32/nios2-elf/lib/mno-hw-mul\libc.a(lib_a-locale.o)
 .bss           0x0047d4cc        0x0 c:/altera/13.1/nios2eds/bin/gnu/h-i686-mingw32/bin/../lib/gcc/nios2-elf/4.7.3/../../../../../H-i686-mingw32/nios2-elf/lib/mno-hw-mul\libc.a(lib_a-lseekr.o)
 .bss           0x0047d4cc        0x0 c:/altera/13.1/nios2eds/bin/gnu/h-i686-mingw32/bin/../lib/gcc/nios2-elf/4.7.3/../../../../../H-i686-mingw32/nios2-elf/lib/mno-hw-mul\libc.a(lib_a-memchr.o)
 .bss           0x0047d4cc        0x0 c:/altera/13.1/nios2eds/bin/gnu/h-i686-mingw32/bin/../lib/gcc/nios2-elf/4.7.3/../../../../../H-i686-mingw32/nios2-elf/lib/mno-hw-mul\libc.a(lib_a-memmove.o)
 .bss           0x0047d4cc        0x0 c:/altera/13.1/nios2eds/bin/gnu/h-i686-mingw32/bin/../lib/gcc/nios2-elf/4.7.3/../../../../../H-i686-mingw32/nios2-elf/lib/mno-hw-mul\libc.a(lib_a-mprec.o)
 .bss           0x0047d4cc        0x0 c:/altera/13.1/nios2eds/bin/gnu/h-i686-mingw32/bin/../lib/gcc/nios2-elf/4.7.3/../../../../../H-i686-mingw32/nios2-elf/lib/mno-hw-mul\libc.a(lib_a-putc.o)
 .bss           0x0047d4cc        0x0 c:/altera/13.1/nios2eds/bin/gnu/h-i686-mingw32/bin/../lib/gcc/nios2-elf/4.7.3/../../../../../H-i686-mingw32/nios2-elf/lib/mno-hw-mul\libc.a(lib_a-readr.o)
 .bss           0x0047d4cc        0x0 c:/altera/13.1/nios2eds/bin/gnu/h-i686-mingw32/bin/../lib/gcc/nios2-elf/4.7.3/../../../../../H-i686-mingw32/nios2-elf/lib/mno-hw-mul\libc.a(lib_a-reallocr.o)
 .bss           0x0047d4cc        0x0 c:/altera/13.1/nios2eds/bin/gnu/h-i686-mingw32/bin/../lib/gcc/nios2-elf/4.7.3/../../../../../H-i686-mingw32/nios2-elf/lib/mno-hw-mul\libc.a(lib_a-s_isinfd.o)
 .bss           0x0047d4cc        0x0 c:/altera/13.1/nios2eds/bin/gnu/h-i686-mingw32/bin/../lib/gcc/nios2-elf/4.7.3/../../../../../H-i686-mingw32/nios2-elf/lib/mno-hw-mul\libc.a(lib_a-strcmp.o)
 .bss           0x0047d4cc        0x0 c:/altera/13.1/nios2eds/bin/gnu/h-i686-mingw32/bin/../lib/gcc/nios2-elf/4.7.3/../../../../../H-i686-mingw32/nios2-elf/lib/mno-hw-mul\libc.a(lib_a-wbuf.o)
 .bss           0x0047d4cc        0x0 c:/altera/13.1/nios2eds/bin/gnu/h-i686-mingw32/bin/../lib/gcc/nios2-elf/4.7.3/../../../../../H-i686-mingw32/nios2-elf/lib/mno-hw-mul\libc.a(lib_a-callocr.o)
 .bss           0x0047d4cc        0x0 c:/altera/13.1/nios2eds/bin/gnu/h-i686-mingw32/bin/../lib/gcc/nios2-elf/4.7.3/mno-hw-mul\libgcc.a(_udivdi3.o)
 .bss           0x0047d4cc        0x0 c:/altera/13.1/nios2eds/bin/gnu/h-i686-mingw32/bin/../lib/gcc/nios2-elf/4.7.3/mno-hw-mul\libgcc.a(_umoddi3.o)