------------------------------------------------------------
TimeQuest Timing Analyzer Summary
------------------------------------------------------------

Type  : Slow 1200mV 85C Model Setup 'MTL_SOPC_inst|the_altpll_sys|sd1|pll7|clk[0]'
Slack : 1.167
TNS   : 0.000

Type  : Slow 1200mV 85C Model Setup 'MTL_SOPC_inst|the_altpll_sys|sd1|pll7|clk[3]'
Slack : 14.188
TNS   : 0.000

Type  : Slow 1200mV 85C Model Setup 'CLOCK_50'
Slack : 17.801
TNS   : 0.000

Type  : Slow 1200mV 85C Model Setup 'vga_pll_inst|altpll_component|auto_generated|pll1|clk[0]'
Slack : 19.627
TNS   : 0.000

Type  : Slow 1200mV 85C Model Setup 'MTL_SOPC_inst|the_altpll_sys|sd1|pll7|clk[2]'
Slack : 40.247
TNS   : 0.000

Type  : Slow 1200mV 85C Model Setup 'altera_reserved_tck'
Slack : 45.732
TNS   : 0.000

Type  : Slow 1200mV 85C Model Hold 'MTL_SOPC_inst|the_altpll_sys|sd1|pll7|clk[0]'
Slack : 0.257
TNS   : 0.000

Type  : Slow 1200mV 85C Model Hold 'vga_pll_inst|altpll_component|auto_generated|pll1|clk[0]'
Slack : 0.286
TNS   : 0.000

Type  : Slow 1200mV 85C Model Hold 'MTL_SOPC_inst|the_altpll_sys|sd1|pll7|clk[3]'
Slack : 0.381
TNS   : 0.000

Type  : Slow 1200mV 85C Model Hold 'MTL_SOPC_inst|the_altpll_sys|sd1|pll7|clk[2]'
Slack : 0.385
TNS   : 0.000

Type  : Slow 1200mV 85C Model Hold 'altera_reserved_tck'
Slack : 0.403
TNS   : 0.000

Type  : Slow 1200mV 85C Model Hold 'CLOCK_50'
Slack : 0.404
TNS   : 0.000

Type  : Slow 1200mV 85C Model Recovery 'vga_pll_inst|altpll_component|auto_generated|pll1|clk[0]'
Slack : -4.333
TNS   : -420.984

Type  : Slow 1200mV 85C Model Recovery 'MTL_SOPC_inst|the_altpll_sys|sd1|pll7|clk[0]'
Slack : 1.117
TNS   : 0.000

Type  : Slow 1200mV 85C Model Recovery 'MTL_SOPC_inst|the_altpll_sys|sd1|pll7|clk[3]'
Slack : 5.429
TNS   : 0.000

Type  : Slow 1200mV 85C Model Recovery 'MTL_SOPC_inst|the_altpll_sys|sd1|pll7|clk[2]'
Slack : 5.519
TNS   : 0.000

Type  : Slow 1200mV 85C Model Recovery 'CLOCK_50'
Slack : 8.041
TNS   : 0.000

Type  : Slow 1200mV 85C Model Recovery 'altera_reserved_tck'
Slack : 47.977
TNS   : 0.000

Type  : Slow 1200mV 85C Model Removal 'CLOCK_50'
Slack : 0.756
TNS   : 0.000

Type  : Slow 1200mV 85C Model Removal 'vga_pll_inst|altpll_component|auto_generated|pll1|clk[0]'
Slack : 1.050
TNS   : 0.000

Type  : Slow 1200mV 85C Model Removal 'altera_reserved_tck'
Slack : 1.072
TNS   : 0.000

Type  : Slow 1200mV 85C Model Removal 'MTL_SOPC_inst|the_altpll_sys|sd1|pll7|clk[3]'
Slack : 1.745
TNS   : 0.000

Type  : Slow 1200mV 85C Model Removal 'MTL_SOPC_inst|the_altpll_sys|sd1|pll7|clk[0]'
Slack : 2.568
TNS   : 0.000

Type  : Slow 1200mV 85C Model Removal 'MTL_SOPC_inst|the_altpll_sys|sd1|pll7|clk[2]'
Slack : 2.684
TNS   : 0.000

Type  : Slow 1200mV 85C Model Minimum Pulse Width 'MTL_SOPC_inst|the_altpll_sys|sd1|pll7|clk[0]'
Slack : 4.615
TNS   : 0.000

Type  : Slow 1200mV 85C Model Minimum Pulse Width 'CLOCK_50'
Slack : 9.684
TNS   : 0.000

Type  : Slow 1200mV 85C Model Minimum Pulse Width 'MTL_SOPC_inst|the_altpll_sys|sd1|pll7|clk[3]'
Slack : 9.706
TNS   : 0.000

Type  : Slow 1200mV 85C Model Minimum Pulse Width 'CLOCK2_50'
Slack : 9.818
TNS   : 0.000

Type  : Slow 1200mV 85C Model Minimum Pulse Width 'vga_pll_inst|altpll_component|auto_generated|pll1|clk[0]'
Slack : 14.838
TNS   : 0.000

Type  : Slow 1200mV 85C Model Minimum Pulse Width 'CLOCK3_50'
Slack : 16.000
TNS   : 0.000

Type  : Slow 1200mV 85C Model Minimum Pulse Width 'MTL_SOPC_inst|the_altpll_sys|sd1|pll7|clk[2]'
Slack : 24.705
TNS   : 0.000

Type  : Slow 1200mV 85C Model Minimum Pulse Width 'altera_reserved_tck'
Slack : 49.546
TNS   : 0.000

Type  : Slow 1200mV 85C Model Minimum Pulse Width 'MTL_TOUCH_I2C_SCL'
Slack : 12495.790
TNS   : 0.000

Type  : Slow 1200mV 0C Model Setup 'MTL_SOPC_inst|the_altpll_sys|sd1|pll7|clk[0]'
Slack : 1.541
TNS   : 0.000

Type  : Slow 1200mV 0C Model Setup 'MTL_SOPC_inst|the_altpll_sys|sd1|pll7|clk[3]'
Slack : 14.650
TNS   : 0.000

Type  : Slow 1200mV 0C Model Setup 'CLOCK_50'
Slack : 18.009
TNS   : 0.000

Type  : Slow 1200mV 0C Model Setup 'vga_pll_inst|altpll_component|auto_generated|pll1|clk[0]'
Slack : 20.521
TNS   : 0.000

Type  : Slow 1200mV 0C Model Setup 'MTL_SOPC_inst|the_altpll_sys|sd1|pll7|clk[2]'
Slack : 41.009
TNS   : 0.000

Type  : Slow 1200mV 0C Model Setup 'altera_reserved_tck'
Slack : 46.197
TNS   : 0.000

Type  : Slow 1200mV 0C Model Hold 'MTL_SOPC_inst|the_altpll_sys|sd1|pll7|clk[0]'
Slack : 0.258
TNS   : 0.000

Type  : Slow 1200mV 0C Model Hold 'vga_pll_inst|altpll_component|auto_generated|pll1|clk[0]'
Slack : 0.267
TNS   : 0.000

Type  : Slow 1200mV 0C Model Hold 'MTL_SOPC_inst|the_altpll_sys|sd1|pll7|clk[2]'
Slack : 0.336
TNS   : 0.000

Type  : Slow 1200mV 0C Model Hold 'MTL_SOPC_inst|the_altpll_sys|sd1|pll7|clk[3]'
Slack : 0.338
TNS   : 0.000

Type  : Slow 1200mV 0C Model Hold 'altera_reserved_tck'
Slack : 0.355
TNS   : 0.000

Type  : Slow 1200mV 0C Model Hold 'CLOCK_50'
Slack : 0.356
TNS   : 0.000

Type  : Slow 1200mV 0C Model Recovery 'vga_pll_inst|altpll_component|auto_generated|pll1|clk[0]'
Slack : -3.890
TNS   : -377.620

Type  : Slow 1200mV 0C Model Recovery 'MTL_SOPC_inst|the_altpll_sys|sd1|pll7|clk[0]'
Slack : 1.483
TNS   : 0.000

Type  : Slow 1200mV 0C Model Recovery 'MTL_SOPC_inst|the_altpll_sys|sd1|pll7|clk[3]'
Slack : 5.852
TNS   : 0.000

Type  : Slow 1200mV 0C Model Recovery 'MTL_SOPC_inst|the_altpll_sys|sd1|pll7|clk[2]'
Slack : 5.920
TNS   : 0.000

Type  : Slow 1200mV 0C Model Recovery 'CLOCK_50'
Slack : 8.058
TNS   : 0.000

Type  : Slow 1200mV 0C Model Recovery 'altera_reserved_tck'
Slack : 48.275
TNS   : 0.000

Type  : Slow 1200mV 0C Model Removal 'CLOCK_50'
Slack : 0.764
TNS   : 0.000

Type  : Slow 1200mV 0C Model Removal 'vga_pll_inst|altpll_component|auto_generated|pll1|clk[0]'
Slack : 0.959
TNS   : 0.000

Type  : Slow 1200mV 0C Model Removal 'altera_reserved_tck'
Slack : 0.978
TNS   : 0.000

Type  : Slow 1200mV 0C Model Removal 'MTL_SOPC_inst|the_altpll_sys|sd1|pll7|clk[3]'
Slack : 1.581
TNS   : 0.000

Type  : Slow 1200mV 0C Model Removal 'MTL_SOPC_inst|the_altpll_sys|sd1|pll7|clk[0]'
Slack : 2.290
TNS   : 0.000

Type  : Slow 1200mV 0C Model Removal 'MTL_SOPC_inst|the_altpll_sys|sd1|pll7|clk[2]'
Slack : 2.389
TNS   : 0.000

Type  : Slow 1200mV 0C Model Minimum Pulse Width 'MTL_SOPC_inst|the_altpll_sys|sd1|pll7|clk[0]'
Slack : 4.649
TNS   : 0.000

Type  : Slow 1200mV 0C Model Minimum Pulse Width 'CLOCK_50'
Slack : 9.689
TNS   : 0.000

Type  : Slow 1200mV 0C Model Minimum Pulse Width 'MTL_SOPC_inst|the_altpll_sys|sd1|pll7|clk[3]'
Slack : 9.693
TNS   : 0.000

Type  : Slow 1200mV 0C Model Minimum Pulse Width 'CLOCK2_50'
Slack : 9.803
TNS   : 0.000

Type  : Slow 1200mV 0C Model Minimum Pulse Width 'vga_pll_inst|altpll_component|auto_generated|pll1|clk[0]'
Slack : 14.833
TNS   : 0.000

Type  : Slow 1200mV 0C Model Minimum Pulse Width 'CLOCK3_50'
Slack : 16.000
TNS   : 0.000

Type  : Slow 1200mV 0C Model Minimum Pulse Width 'MTL_SOPC_inst|the_altpll_sys|sd1|pll7|clk[2]'
Slack : 24.691
TNS   : 0.000

Type  : Slow 1200mV 0C Model Minimum Pulse Width 'altera_reserved_tck'
Slack : 49.474
TNS   : 0.000

Type  : Slow 1200mV 0C Model Minimum Pulse Width 'MTL_TOUCH_I2C_SCL'
Slack : 12495.790
TNS   : 0.000

Type  : Fast 1200mV 0C Model Setup 'MTL_SOPC_inst|the_altpll_sys|sd1|pll7|clk[0]'
Slack : 3.143
TNS   : 0.000

Type  : Fast 1200mV 0C Model Setup 'MTL_SOPC_inst|the_altpll_sys|sd1|pll7|clk[3]'
Slack : 17.142
TNS   : 0.000

Type  : Fast 1200mV 0C Model Setup 'CLOCK_50'
Slack : 18.941
TNS   : 0.000

Type  : Fast 1200mV 0C Model Setup 'vga_pll_inst|altpll_component|auto_generated|pll1|clk[0]'
Slack : 25.047
TNS   : 0.000

Type  : Fast 1200mV 0C Model Setup 'MTL_SOPC_inst|the_altpll_sys|sd1|pll7|clk[2]'
Slack : 45.138
TNS   : 0.000

Type  : Fast 1200mV 0C Model Setup 'altera_reserved_tck'
Slack : 48.086
TNS   : 0.000

Type  : Fast 1200mV 0C Model Hold 'MTL_SOPC_inst|the_altpll_sys|sd1|pll7|clk[0]'
Slack : 0.079
TNS   : 0.000

Type  : Fast 1200mV 0C Model Hold 'vga_pll_inst|altpll_component|auto_generated|pll1|clk[0]'
Slack : 0.127
TNS   : 0.000

Type  : Fast 1200mV 0C Model Hold 'MTL_SOPC_inst|the_altpll_sys|sd1|pll7|clk[3]'
Slack : 0.153
TNS   : 0.000

Type  : Fast 1200mV 0C Model Hold 'MTL_SOPC_inst|the_altpll_sys|sd1|pll7|clk[2]'
Slack : 0.173
TNS   : 0.000

Type  : Fast 1200mV 0C Model Hold 'altera_reserved_tck'
Slack : 0.180
TNS   : 0.000

Type  : Fast 1200mV 0C Model Hold 'CLOCK_50'
Slack : 0.184
TNS   : 0.000

Type  : Fast 1200mV 0C Model Recovery 'vga_pll_inst|altpll_component|auto_generated|pll1|clk[0]'
Slack : -2.206
TNS   : -219.308

Type  : Fast 1200mV 0C Model Recovery 'MTL_SOPC_inst|the_altpll_sys|sd1|pll7|clk[0]'
Slack : 2.971
TNS   : 0.000

Type  : Fast 1200mV 0C Model Recovery 'MTL_SOPC_inst|the_altpll_sys|sd1|pll7|clk[3]'
Slack : 7.584
TNS   : 0.000

Type  : Fast 1200mV 0C Model Recovery 'MTL_SOPC_inst|the_altpll_sys|sd1|pll7|clk[2]'
Slack : 7.640
TNS   : 0.000

Type  : Fast 1200mV 0C Model Recovery 'CLOCK_50'
Slack : 8.970
TNS   : 0.000

Type  : Fast 1200mV 0C Model Recovery 'altera_reserved_tck'
Slack : 49.303
TNS   : 0.000

Type  : Fast 1200mV 0C Model Removal 'CLOCK_50'
Slack : 0.093
TNS   : 0.000

Type  : Fast 1200mV 0C Model Removal 'vga_pll_inst|altpll_component|auto_generated|pll1|clk[0]'
Slack : 0.499
TNS   : 0.000

Type  : Fast 1200mV 0C Model Removal 'altera_reserved_tck'
Slack : 0.510
TNS   : 0.000

Type  : Fast 1200mV 0C Model Removal 'MTL_SOPC_inst|the_altpll_sys|sd1|pll7|clk[3]'
Slack : 0.814
TNS   : 0.000

Type  : Fast 1200mV 0C Model Removal 'MTL_SOPC_inst|the_altpll_sys|sd1|pll7|clk[0]'
Slack : 1.342
TNS   : 0.000

Type  : Fast 1200mV 0C Model Removal 'MTL_SOPC_inst|the_altpll_sys|sd1|pll7|clk[2]'
Slack : 1.410
TNS   : 0.000

Type  : Fast 1200mV 0C Model Minimum Pulse Width 'MTL_SOPC_inst|the_altpll_sys|sd1|pll7|clk[0]'
Slack : 4.750
TNS   : 0.000

Type  : Fast 1200mV 0C Model Minimum Pulse Width 'CLOCK_50'
Slack : 9.267
TNS   : 0.000

Type  : Fast 1200mV 0C Model Minimum Pulse Width 'CLOCK2_50'
Slack : 9.405
TNS   : 0.000

Type  : Fast 1200mV 0C Model Minimum Pulse Width 'MTL_SOPC_inst|the_altpll_sys|sd1|pll7|clk[3]'
Slack : 9.753
TNS   : 0.000

Type  : Fast 1200mV 0C Model Minimum Pulse Width 'vga_pll_inst|altpll_component|auto_generated|pll1|clk[0]'
Slack : 14.913
TNS   : 0.000

Type  : Fast 1200mV 0C Model Minimum Pulse Width 'CLOCK3_50'
Slack : 16.000
TNS   : 0.000

Type  : Fast 1200mV 0C Model Minimum Pulse Width 'MTL_SOPC_inst|the_altpll_sys|sd1|pll7|clk[2]'
Slack : 24.753
TNS   : 0.000

Type  : Fast 1200mV 0C Model Minimum Pulse Width 'altera_reserved_tck'
Slack : 49.301
TNS   : 0.000

Type  : Fast 1200mV 0C Model Minimum Pulse Width 'MTL_TOUCH_I2C_SCL'
Slack : 12496.000
TNS   : 0.000

------------------------------------------------------------
