Archive member included because of file (symbol)

d:/altera_14.0.2/nios2eds/bin/gnu/h-x86_64-mingw32/bin/../lib/gcc/nios2-elf/4.7.3/../../../../../H-x86_64-mingw32/nios2-elf/lib/mno-hw-mul\libm.a(lib_a-w_sqrt.o)
                              obj/default/geometry.o (sqrt)
d:/altera_14.0.2/nios2eds/bin/gnu/h-x86_64-mingw32/bin/../lib/gcc/nios2-elf/4.7.3/../../../../../H-x86_64-mingw32/nios2-elf/lib/mno-hw-mul\libm.a(lib_a-e_sqrt.o)
                              d:/altera_14.0.2/nios2eds/bin/gnu/h-x86_64-mingw32/bin/../lib/gcc/nios2-elf/4.7.3/../../../../../H-x86_64-mingw32/nios2-elf/lib/mno-hw-mul\libm.a(lib_a-w_sqrt.o) (__ieee754_sqrt)
d:/altera_14.0.2/nios2eds/bin/gnu/h-x86_64-mingw32/bin/../lib/gcc/nios2-elf/4.7.3/../../../../../H-x86_64-mingw32/nios2-elf/lib/mno-hw-mul\libm.a(lib_a-s_isnand.o)
                              d:/altera_14.0.2/nios2eds/bin/gnu/h-x86_64-mingw32/bin/../lib/gcc/nios2-elf/4.7.3/../../../../../H-x86_64-mingw32/nios2-elf/lib/mno-hw-mul\libm.a(lib_a-w_sqrt.o) (__isnand)
d:/altera_14.0.2/nios2eds/bin/gnu/h-x86_64-mingw32/bin/../lib/gcc/nios2-elf/4.7.3/../../../../../H-x86_64-mingw32/nios2-elf/lib/mno-hw-mul\libm.a(lib_a-s_lib_ver.o)
                              d:/altera_14.0.2/nios2eds/bin/gnu/h-x86_64-mingw32/bin/../lib/gcc/nios2-elf/4.7.3/../../../../../H-x86_64-mingw32/nios2-elf/lib/mno-hw-mul\libm.a(lib_a-w_sqrt.o) (__fdlib_version)
d:/altera_14.0.2/nios2eds/bin/gnu/h-x86_64-mingw32/bin/../lib/gcc/nios2-elf/4.7.3/../../../../../H-x86_64-mingw32/nios2-elf/lib/mno-hw-mul\libm.a(lib_a-s_matherr.o)
                              d:/altera_14.0.2/nios2eds/bin/gnu/h-x86_64-mingw32/bin/../lib/gcc/nios2-elf/4.7.3/../../../../../H-x86_64-mingw32/nios2-elf/lib/mno-hw-mul\libm.a(lib_a-w_sqrt.o) (matherr)
d:/altera_14.0.2/nios2eds/bin/gnu/h-x86_64-mingw32/bin/../lib/gcc/nios2-elf/4.7.3/mno-hw-mul\libgcc.a(_addsub_df.o)
                              d:/altera_14.0.2/nios2eds/bin/gnu/h-x86_64-mingw32/bin/../lib/gcc/nios2-elf/4.7.3/../../../../../H-x86_64-mingw32/nios2-elf/lib/mno-hw-mul\libm.a(lib_a-e_sqrt.o) (__adddf3)
d:/altera_14.0.2/nios2eds/bin/gnu/h-x86_64-mingw32/bin/../lib/gcc/nios2-elf/4.7.3/mno-hw-mul\libgcc.a(_mul_df.o)
                              d:/altera_14.0.2/nios2eds/bin/gnu/h-x86_64-mingw32/bin/../lib/gcc/nios2-elf/4.7.3/../../../../../H-x86_64-mingw32/nios2-elf/lib/mno-hw-mul\libm.a(lib_a-e_sqrt.o) (__muldf3)
d:/altera_14.0.2/nios2eds/bin/gnu/h-x86_64-mingw32/bin/../lib/gcc/nios2-elf/4.7.3/mno-hw-mul\libgcc.a(_div_df.o)
                              d:/altera_14.0.2/nios2eds/bin/gnu/h-x86_64-mingw32/bin/../lib/gcc/nios2-elf/4.7.3/../../../../../H-x86_64-mingw32/nios2-elf/lib/mno-hw-mul\libm.a(lib_a-w_sqrt.o) (__divdf3)
d:/altera_14.0.2/nios2eds/bin/gnu/h-x86_64-mingw32/bin/../lib/gcc/nios2-elf/4.7.3/mno-hw-mul\libgcc.a(_lt_df.o)
                              d:/altera_14.0.2/nios2eds/bin/gnu/h-x86_64-mingw32/bin/../lib/gcc/nios2-elf/4.7.3/../../../../../H-x86_64-mingw32/nios2-elf/lib/mno-hw-mul\libm.a(lib_a-w_sqrt.o) (__ltdf2)
d:/altera_14.0.2/nios2eds/bin/gnu/h-x86_64-mingw32/bin/../lib/gcc/nios2-elf/4.7.3/mno-hw-mul\libgcc.a(_si_to_df.o)
                              obj/default/geometry.o (__floatsidf)
d:/altera_14.0.2/nios2eds/bin/gnu/h-x86_64-mingw32/bin/../lib/gcc/nios2-elf/4.7.3/mno-hw-mul\libgcc.a(_df_to_si.o)
                              obj/default/geometry.o (__fixdfsi)
d:/altera_14.0.2/nios2eds/bin/gnu/h-x86_64-mingw32/bin/../lib/gcc/nios2-elf/4.7.3/mno-hw-mul\libgcc.a(_thenan_df.o)
                              d:/altera_14.0.2/nios2eds/bin/gnu/h-x86_64-mingw32/bin/../lib/gcc/nios2-elf/4.7.3/mno-hw-mul\libgcc.a(_addsub_df.o) (__thenan_df)
d:/altera_14.0.2/nios2eds/bin/gnu/h-x86_64-mingw32/bin/../lib/gcc/nios2-elf/4.7.3/mno-hw-mul\libgcc.a(lib2-divmod.o)
                              obj/default/graphic_lib/simple_text.o (__divsi3)
d:/altera_14.0.2/nios2eds/bin/gnu/h-x86_64-mingw32/bin/../lib/gcc/nios2-elf/4.7.3/mno-hw-mul\libgcc.a(lib2-mul.o)
                              obj/default/geometry.o (__mulsi3)
d:/altera_14.0.2/nios2eds/bin/gnu/h-x86_64-mingw32/bin/../lib/gcc/nios2-elf/4.7.3/mno-hw-mul\libgcc.a(_muldi3.o)
                              d:/altera_14.0.2/nios2eds/bin/gnu/h-x86_64-mingw32/bin/../lib/gcc/nios2-elf/4.7.3/mno-hw-mul\libgcc.a(_mul_df.o) (__muldi3)
d:/altera_14.0.2/nios2eds/bin/gnu/h-x86_64-mingw32/bin/../lib/gcc/nios2-elf/4.7.3/mno-hw-mul\libgcc.a(_clzsi2.o)
                              d:/altera_14.0.2/nios2eds/bin/gnu/h-x86_64-mingw32/bin/../lib/gcc/nios2-elf/4.7.3/mno-hw-mul\libgcc.a(_si_to_df.o) (__clzsi2)
d:/altera_14.0.2/nios2eds/bin/gnu/h-x86_64-mingw32/bin/../lib/gcc/nios2-elf/4.7.3/mno-hw-mul\libgcc.a(_pack_df.o)
                              d:/altera_14.0.2/nios2eds/bin/gnu/h-x86_64-mingw32/bin/../lib/gcc/nios2-elf/4.7.3/mno-hw-mul\libgcc.a(_addsub_df.o) (__pack_d)
d:/altera_14.0.2/nios2eds/bin/gnu/h-x86_64-mingw32/bin/../lib/gcc/nios2-elf/4.7.3/mno-hw-mul\libgcc.a(_unpack_df.o)
[...]
Memory Configuration

Name             Origin             Length             Attributes
sdram_BEFORE_EXCEPTION 0x0000000004000000 0x0000000000000020
sdram            0x0000000004000020 0x0000000003ffffe0
reset            0x0000000009001000 0x0000000000000020
epcs_flash_controller_0 0x0000000009001020 0x00000000000007e0
*default*        0x0000000000000000 0xffffffffffffffff

Linker script and memory map

LOAD ../painter_bsp//obj/HAL/src/crt0.o
LOAD obj/default/fonts/tahomabold_20.o
LOAD obj/default/fonts/tahomabold_32.o
LOAD obj/default/geometry.o
LOAD obj/default/gesture.o
LOAD obj/default/graphic_lib/simple_graphics.o
LOAD obj/default/graphic_lib/simple_text.o
LOAD obj/default/gui.o
LOAD obj/default/gui_vpg.o
LOAD obj/default/main.o
LOAD obj/default/terasic_lib/I2C.o
LOAD obj/default/terasic_lib/I2C_core.o
LOAD obj/default/terasic_lib/debug.o
LOAD obj/default/terasic_lib/multi_touch2.o
LOAD obj/default/terasic_lib/queue.o
LOAD obj/default/vip_fr.o
LOAD d:/altera_14.0.2/nios2eds/bin/gnu/h-x86_64-mingw32/bin/../lib/gcc/nios2-elf/4.7.3/../../../../../H-x86_64-mingw32/nios2-elf/lib/mno-hw-mul\libstdc++.a
LOAD d:/altera_14.0.2/nios2eds/bin/gnu/h-x86_64-mingw32/bin/../lib/gcc/nios2-elf/4.7.3/../../../../../H-x86_64-mingw32/nios2-elf/lib/mno-hw-mul\libm.a
LOAD d:/altera_14.0.2/nios2eds/bin/gnu/h-x86_64-mingw32/bin/../lib/gcc/nios2-elf/4.7.3/mno-hw-mul\libgcc.a
START GROUP
LOAD d:/altera_14.0.2/nios2eds/bin/gnu/h-x86_64-mingw32/bin/../lib/gcc/nios2-elf/4.7.3/../../../../../H-x86_64-mingw32/nios2-elf/lib/mno-hw-mul\libc.a
LOAD d:/altera_14.0.2/nios2eds/bin/gnu/h-x86_64-mingw32/bin/../lib/gcc/nios2-elf/4.7.3/mno-hw-mul\libgcc.a
LOAD ../painter_bsp/\libhal_bsp.a
END GROUP
LOAD d:/altera_14.0.2/nios2eds/bin/gnu/h-x86_64-mingw32/bin/../lib/gcc/nios2-elf/4.7.3/mno-hw-mul\libgcc.a
                0x0000000004000000                __alt_mem_sdram = 0x4000000
                0x0000000009001000                __alt_mem_epcs_flash_controller_0 = 0x9001000

.entry          0x0000000009001000        0x0
 *(.entry)
 .entry         0x0000000009001000        0x0 ../painter_bsp//obj/HAL/src/crt0.o
                0x0000000009001000                __reset

.exceptions     0x0000000004000020      0x198
                0x0000000004000020                PROVIDE (__ram_exceptions_start, ABSOLUTE (.))
                0x0000000004000020                . = ALIGN (0x20)
 *(.irq)
 *(.exceptions.entry.label)
 .exceptions.entry.label
                0x0000000004000020        0x0 ../painter_bsp/\libhal_bsp.a(alt_irq_entry.o)
                0x0000000004000020                alt_irq_entry
 .exceptions.entry.label
                0x0000000004000020        0x0 ../painter_bsp/\libhal_bsp.a(alt_exception_entry.o)
                0x0000000004000020                alt_exception
 *(.exceptions.entry.user)
 *(.exceptions.entry.ecc_fatal)
 *(.exceptions.entry)
 .exceptions.entry
                0x0000000004000020       0x54 ../painter_bsp/\libhal_bsp.a(alt_exception_entry.o)
 *(.exceptions.irqtest.user)
 *(.exceptions.irqtest)
 .exceptions.irqtest
                0x0000000004000074       0x10 ../painter_bsp/\libhal_bsp.a(alt_irq_entry.o)
 *(.exceptions.irqhandler.user)
 *(.exceptions.irqhandler)
 .exceptions.irqhandler
                0x0000000004000084        0x4 ../painter_bsp/\libhal_bsp.a(alt_irq_entry.o)
 *(.exceptions.irqreturn.user)
 *(.exceptions.irqreturn)
 .exceptions.irqreturn
                0x0000000004000088        0x4 ../painter_bsp/\libhal_bsp.a(alt_irq_entry.o)
 *(.exceptions.notirq.label)
 .exceptions.notirq.label
                0x000000000400008c        0x0 ../painter_bsp/\libhal_bsp.a(alt_irq_entry.o)
 *(.exceptions.notirq.user)
 *(.exceptions.notirq)
 .exceptions.notirq
                0x000000000400008c        0x8 ../painter_bsp/\libhal_bsp.a(alt_exception_entry.o)
 *(.exceptions.soft.user)
 *(.exceptions.soft)
 *(.exceptions.unknown.user)
 *(.exceptions.unknown)
 .exceptions.unknown
                0x0000000004000094        0x4 ../painter_bsp/\libhal_bsp.a(alt_exception_entry.o)
 *(.exceptions.exit.label)
 .exceptions.exit.label
                0x0000000004000098        0x0 ../painter_bsp/\libhal_bsp.a(alt_irq_entry.o)
 .exceptions.exit.label
                0x0000000004000098        0x0 ../painter_bsp/\libhal_bsp.a(alt_exception_entry.o)
 *(.exceptions.exit.user)
 *(.exceptions.exit)
 .exceptions.exit
                0x0000000004000098       0x54 ../painter_bsp/\libhal_bsp.a(alt_exception_entry.o)
 *(.exceptions)
 .exceptions    0x00000000040000ec       0xcc ../painter_bsp/\libhal_bsp.a(alt_irq_handler.o)
                0x00000000040000ec                alt_irq_handler
                0x00000000040001b8                PROVIDE (__ram_exceptions_end, ABSOLUTE (.))
                0x0000000004000020                PROVIDE (__flash_exceptions_start, LOADADDR (.exceptions))

.text           0x00000000040001b8    0x167a0
                0x00000000040001b8                PROVIDE (stext, ABSOLUTE (.))
 *(.interp)
 *(.hash)
 *(.dynsym)
 *(.dynstr)
 *(.gnu.version)
 *(.gnu.version_d)
 *(.gnu.version_r)
 *(.rel.init)
 *(.rela.init)
 *(.rel.text .rel.text.* .rel.gnu.linkonce.t.*)
 *(.rela.text .rela.text.* .rela.gnu.linkonce.t.*)
 *(.rel.fini)
 *(.rela.fini)
 *(.rel.rodata .rel.rodata.* .rel.gnu.linkonce.r.*)
 *(.rela.rodata .rela.rodata.* .rela.gnu.linkonce.r.*)
 *(.rel.data .rel.data.* .rel.gnu.linkonce.d.*)
 *(.rela.data .rela.data.* .rela.gnu.linkonce.d.*)
 *(.rel.tdata .rel.tdata.* .rel.gnu.linkonce.td.*)
 *(.rela.tdata .rela.tdata.* .rela.gnu.linkonce.td.*)
 *(.rel.tbss .rel.tbss.* .rel.gnu.linkonce.tb.*)
 *(.rela.tbss .rela.tbss.* .rela.gnu.linkonce.tb.*)
 *(.rel.ctors)
 *(.rela.ctors)
 *(.rel.dtors)
 *(.rela.dtors)
 *(.rel.got)
 *(.rela.got)
 *(.rel.sdata .rel.sdata.* .rel.gnu.linkonce.s.*)
 *(.rela.sdata .rela.sdata.* .rela.gnu.linkonce.s.*)
 *(.rel.sbss .rel.sbss.* .rel.gnu.linkonce.sb.*)
 *(.rela.sbss .rela.sbss.* .rela.gnu.linkonce.sb.*)
 *(.rel.sdata2 .rel.sdata2.* .rel.gnu.linkonce.s2.*)
 *(.rela.sdata2 .rela.sdata2.* .rela.gnu.linkonce.s2.*)
 *(.rel.sbss2 .rel.sbss2.* .rel.gnu.linkonce.sb2.*)
 *(.rela.sbss2 .rela.sbss2.* .rela.gnu.linkonce.sb2.*)
 *(.rel.bss .rel.bss.* .rel.gnu.linkonce.b.*)
 *(.rela.bss .rela.bss.* .rela.gnu.linkonce.b.*)
 *(.rel.plt)
 *(.rela.plt)
 *(.rel.dyn)
 *(.init)
 *(.plt)
 *(.text .stub .text.* .gnu.linkonce.t.*)
 .text          0x00000000040001b8       0x48 ../painter_bsp//obj/HAL/src/crt0.o
                0x00000000040001b8                _start
 .text          0x0000000004000200        0x0 obj/default/fonts/tahomabold_20.o
 .text          0x0000000004000200        0x0 obj/default/fonts/tahomabold_32.o
 .text          0x0000000004000200      0x400 obj/default/geometry.o
                0x0000000004000200                IsPtInRect
                0x0000000004000284                PtSet
                0x00000000040002c4                RectSet
                0x0000000004000320                RectInflate
                0x00000000040003a8                RectOffset
                0x0000000004000430                RectCopy
                0x0000000004000494                RectWidth
                0x00000000040004c8                RectHeight
                0x00000000040004fc                PtDistance
                0x00000000040005bc                PtCopy
 .text          0x0000000004000600        0x0 obj/default/gesture.o
 .text          0x0000000004000600     0x2ec8 obj/default/graphic_lib/simple_graphics.o
                0x0000000004000600                vid_clean_screen
                0x0000000004000660                vid_draw_line
                0x000000000400072c                vid_scroll_string_quit
                0x000000000400076c                vid_scroll_string_init
                0x00000000040008c0                vid_scroll_string
                0x0000000004000c50                vid_move_block
                0x0000000004000d6c                vid_print_string
                0x0000000004000e74                vid_draw_box
                0x0000000004000fc4                vid_print_char
                0x00000000040010bc                vid_set_pixel
                0x0000000004001248                vid_get_pixel
                0x00000000040012c4                vid_paint_block
                0x0000000004001524                vid_draw_horiz_line
                0x0000000004001820                vid_merge_colors
                0x000000000400186c                vid_color_convert24_16
                0x000000000400190c                vid_color_convert16_24
                0x0000000004001978                vid_copy_line_to_frame_buffer
                0x0000000004001c38                vid_draw_sloped_line
                0x0000000004001e9c                vid_draw_circle
                0x0000000004001fdc                vid_draw_round_corner_box
                0x0000000004002398                vid_round_corner_points
                0x0000000004002af0                max3
                0x0000000004002b44                min3
                0x0000000004002b98                max_diff3
                0x0000000004002bfc                vid_put_pixel_in_span_map
                0x0000000004002cec                vid_bres_scan_edges
                0x0000000004002f24                vid_draw_triangle
                0x00000000040032b8                CopyImage16
                0x0000000004003394                CropImage16
 .text          0x00000000040034c8      0xc7c obj/default/graphic_lib/simple_text.o
                0x00000000040034c8                vid_print_string_alpha
                0x0000000004003724                seperate_color_channels
                0x0000000004003878                merge_color_channels
                0x00000000040039c0                read_from_frame
                0x0000000004003c0c                alpha_blending
                0x0000000004003ea4                vid_print_char_alpha
                0x0000000004004064                vid_string_pixel_length_alpha
 .text          0x0000000004004144     0x165c obj/default/gui.o
                0x0000000004004144                GUI_DeskInit
                0x0000000004004344                GUI_CheckButton
                0x00000000040043d8                GUI_DeskDraw
                0x0000000004004980                IsContinuedPoint
                0x0000000004004a0c                GUI_ShowGesture
                0x0000000004004d14                GUI_TraceGesture
                0x0000000004004d5c                GUI_ClearPaintArea
                0x0000000004004e20                GUI
                0x00000000040056d4                GUI_ShowInfo
                0x0000000004005740                GUI_ShowTouchPoint
 .text          0x00000000040057a0      0x8c8 obj/default/gui_vpg.o
                0x00000000040057a0                ShowInfo
                0x0000000004005800                VPG_XLine
                0x00000000040058b8                VPG_ColorPanel
                0x000000000400595c                VPG_Grid
                0x0000000004005a68                VPG_VGrid
                0x0000000004005b5c                VPG_HGrid
                0x0000000004005c50                VPG_ColorBar
                0x0000000004005db4                GUI_ShowPAT
                0x0000000004005f34                GUI_VPG
 .text          0x0000000004006068       0xcc obj/default/main.o
                0x0000000004006068                main
 .text          0x0000000004006134     0x1128 obj/default/terasic_lib/I2C.o
                0x0000000004006134                my_wait
                0x0000000004006174                I2C_Write
                0x0000000004006270                I2C_Write16
                0x00000000040063b0                I2C_Read
                0x00000000040064c8                I2C_Read16
                0x0000000004006640                I2C_MultipleRead
                0x00000000040067bc                i2c_start
                0x0000000004006840                i2c_stop
                0x00000000040068b8                i2c_write
                0x00000000040069fc                i2c_read
                0x0000000004006b4c                I2CL_Write
                0x0000000004006c8c                I2CL_Read
                0x0000000004006df4                I2CL_MultipleRead
                0x0000000004006fb4                I2CL_MultipleWrite
                0x0000000004007130                I2CL_Read16
                0x00000000040071d0                I2CL_Write16
 .text          0x000000000400725c      0xa98 obj/default/terasic_lib/I2C_core.o
                0x000000000400725c                Write32_Data
                0x00000000040072b0                Read32_Data
                0x0000000004007308                oc_i2c_init
                0x00000000040073fc                ACK_single_check
                0x0000000004007488                ACK_check
                0x00000000040074f0                OC_I2C_Write
                0x00000000040076ec                ACK_judge_for_read
                0x0000000004007750                OC_I2C_Read
                0x0000000004007900                OC_I2CL_Write
                0x0000000004007ad8                OC_I2CL_Read
 .text          0x0000000004007cf4      0x1b0 obj/default/terasic_lib/debug.o
                0x0000000004007cf4                debug_output
                0x0000000004007d24                myprintf
                0x0000000004007d90                myprintf_hexarray
                0x0000000004007e18                myprintf_dwordarray
 .text          0x0000000004007ea4      0x6a8 obj/default/terasic_lib/multi_touch2.o
                0x0000000004008278                MTC2_Init
                0x000000000400836c                MTC2_UnInit
                0x00000000040083b4                MTC2_GetStatus
                0x0000000004008514                MTC2_ClearEvent
 .text          0x000000000400854c      0x298 obj/default/terasic_lib/queue.o
                0x000000000400854c                QUEUE_New
                0x00000000040085bc                QUEUE_Delete
                0x00000000040085ec                QUEUE_IsEmpty
                0x000000000400862c                QUEUE_IsFull
                0x0000000004008690                QUEUE_Push
                0x0000000004008724                QUEUE_Pop
                0x00000000040087b4                QUEUE_Empty
 .text          0x00000000040087e4      0x5f0 obj/default/vip_fr.o
                0x00000000040087e4                VIPFR_Init
                0x00000000040088bc                VIPFR_UnInit
                0x00000000040088f4                VIPFR_SetFrameSize
                0x00000000040089fc                VIPFR_Go
                0x0000000004008a38                VIPFR_GetDrawFrame
                0x0000000004008a7c                VIPFR_ActiveDrawFrame
                0x0000000004008b04                DRAW_EraseScreen
                0x0000000004008b94                FrameReader_SetFrame0
                0x0000000004008c20                FrameReader_SetFrame1
                0x0000000004008cac                FrameReader_SelectFrame
                0x0000000004008ce4                FrameReader_Go
                0x0000000004008d1c                VIPFR_ReserveBackground
 .text          0x0000000004008dd4      0x148 d:/altera_14.0.2/nios2eds/bin/gnu/h-x86_64-mingw32/bin/../lib/gcc/nios2-elf/4.7.3/../../../../../H-x86_64-mingw32/nios2-elf/lib/mno-hw-mul\libm.a(lib_a-w_sqrt.o)
                0x0000000004008dd4                sqrt
 .text          0x0000000004008f1c      0x2c4 d:/altera_14.0.2/nios2eds/bin/gnu/h-x86_64-mingw32/bin/../lib/gcc/nios2-elf/4.7.3/../../../../../H-x86_64-mingw32/nios2-elf/lib/mno-hw-mul\libm.a(lib_a-e_sqrt.o)
                0x0000000004008f1c                __ieee754_sqrt
 .text          0x00000000040091e0       0x2c d:/altera_14.0.2/nios2eds/bin/gnu/h-x86_64-mingw32/bin/../lib/gcc/nios2-elf/4.7.3/../../../../../H-x86_64-mingw32/nios2-elf/lib/mno-hw-mul\libm.a(lib_a-s_isnand.o)
                0x00000000040091e0                __isnand
 .text          0x000000000400920c        0x0 d:/altera_14.0.2/nios2eds/bin/gnu/h-x86_64-mingw32/bin/../lib/gcc/nios2-elf/4.7.3/../../../../../H-x86_64-mingw32/nios2-elf/lib/mno-hw-mul\libm.a(lib_a-s_lib_ver.o)
 .text          0x000000000400920c        0x8 d:/altera_14.0.2/nios2eds/bin/gnu/h-x86_64-mingw32/bin/../lib/gcc/nios2-elf/4.7.3/../../../../../H-x86_64-mingw32/nios2-elf/lib/mno-hw-mul\libm.a(lib_a-s_matherr.o)
                0x000000000400920c                matherr
 .text          0x0000000004009214      0x408 d:/altera_14.0.2/nios2eds/bin/gnu/h-x86_64-mingw32/bin/../lib/gcc/nios2-elf/4.7.3/mno-hw-mul\libgcc.a(_addsub_df.o)
                0x0000000004009568                __adddf3
                0x00000000040095bc                __subdf3
 .text          0x000000000400961c      0x2e4 d:/altera_14.0.2/nios2eds/bin/gnu/h-x86_64-mingw32/bin/../lib/gcc/nios2-elf/4.7.3/mno-hw-mul\libgcc.a(_mul_df.o)
                0x000000000400961c                __muldf3
 .text          0x0000000004009900      0x1b4 d:/altera_14.0.2/nios2eds/bin/gnu/h-x86_64-mingw32/bin/../lib/gcc/nios2-elf/4.7.3/mno-hw-mul\libgcc.a(_div_df.o)
                0x0000000004009900                __divdf3
 .text          0x0000000004009ab4       0x5c d:/altera_14.0.2/nios2eds/bin/gnu/h-x86_64-mingw32/bin/../lib/gcc/nios2-elf/4.7.3/mno-hw-mul\libgcc.a(_lt_df.o)
                0x0000000004009ab4                __ltdf2
 .text          0x0000000004009b10       0xd4 d:/altera_14.0.2/nios2eds/bin/gnu/h-x86_64-mingw32/bin/../lib/gcc/nios2-elf/4.7.3/mno-hw-mul\libgcc.a(_si_to_df.o)
                0x0000000004009b10                __floatsidf
 .text          0x0000000004009be4       0xc4 d:/altera_14.0.2/nios2eds/bin/gnu/h-x86_64-mingw32/bin/../lib/gcc/nios2-elf/4.7.3/mno-hw-mul\libgcc.a(_df_to_si.o)
                0x0000000004009be4                __fixdfsi
 .text          0x0000000004009ca8        0x0 d:/altera_14.0.2/nios2eds/bin/gnu/h-x86_64-mingw32/bin/../lib/gcc/nios2-elf/4.7.3/mno-hw-mul\libgcc.a(_thenan_df.o)
 .text          0x0000000004009ca8      0x130 d:/altera_14.0.2/nios2eds/bin/gnu/h-x86_64-mingw32/bin/../lib/gcc/nios2-elf/4.7.3/mno-hw-mul\libgcc.a(lib2-divmod.o)
                0x0000000004009d1c                __divsi3
                0x0000000004009d6c                __modsi3
                0x0000000004009dc8                __udivsi3
                0x0000000004009dd0                __umodsi3
 .text          0x0000000004009dd8       0x28 d:/altera_14.0.2/nios2eds/bin/gnu/h-x86_64-mingw32/bin/../lib/gcc/nios2-elf/4.7.3/mno-hw-mul\libgcc.a(lib2-mul.o)
                0x0000000004009dd8                __mulsi3
 .text          0x0000000004009e00      0x110 d:/altera_14.0.2/nios2eds/bin/gnu/h-x86_64-mingw32/bin/../lib/gcc/nios2-elf/4.7.3/mno-hw-mul\libgcc.a(_muldi3.o)
                0x0000000004009e00                __muldi3
 .text          0x0000000004009f10       0xac d:/altera_14.0.2/nios2eds/bin/gnu/h-x86_64-mingw32/bin/../lib/gcc/nios2-elf/4.7.3/mno-hw-mul\libgcc.a(_clzsi2.o)
                0x0000000004009f10                __clzsi2
 .text          0x0000000004009fbc      0x224 d:/altera_14.0.2/nios2eds/bin/gnu/h-x86_64-mingw32/bin/../lib/gcc/nios2-elf/4.7.3/mno-hw-mul\libgcc.a(_pack_df.o)
                0x0000000004009fbc                __pack_d
 .text          0x000000000400a1e0      0x104 d:/altera_14.0.2/nios2eds/bin/gnu/h-x86_64-mingw32/bin/../lib/gcc/nios2-elf/4.7.3/mno-hw-mul\libgcc.a(_unpack_df.o)
                0x000000000400a1e0                __unpack_d
 .text          0x000000000400a2e4       0xd0 d:/altera_14.0.2/nios2eds/bin/gnu/h-x86_64-mingw32/bin/../lib/gcc/nios2-elf/4.7.3/mno-hw-mul\libgcc.a(_fpcmp_parts_df.o)
                0x000000000400a2e4                __fpcmp_parts_d
 .text          0x000000000400a3b4       0x44 d:/altera_14.0.2/nios2eds/bin/gnu/h-x86_64-mingw32/bin/../lib/gcc/nios2-elf/4.7.3/mno-hw-mul\libgcc.a(_lshrdi3.o)
                0x000000000400a3b4                __lshrdi3
 .text          0x000000000400a3f8       0x44 d:/altera_14.0.2/nios2eds/bin/gnu/h-x86_64-mingw32/bin/../lib/gcc/nios2-elf/4.7.3/mno-hw-mul\libgcc.a(_ashldi3.o)
                0x000000000400a3f8                __ashldi3
 .text          0x000000000400a43c        0x0 d:/altera_14.0.2/nios2eds/bin/gnu/h-x86_64-mingw32/bin/../lib/gcc/nios2-elf/4.7.3/mno-hw-mul\libgcc.a(_clz.o)
 .text          0x000000000400a43c       0x10 d:/altera_14.0.2/nios2eds/bin/gnu/h-x86_64-mingw32/bin/../lib/gcc/nios2-elf/4.7.3/../../../../../H-x86_64-mingw32/nios2-elf/lib/mno-hw-mul\libc.a(lib_a-errno.o)
                0x000000000400a43c                __errno
 .text          0x000000000400a44c        0x0 d:/altera_14.0.2/nios2eds/bin/gnu/h-x86_64-mingw32/bin/../lib/gcc/nios2-elf/4.7.3/../../../../../H-x86_64-mingw32/nios2-elf/lib/mno-hw-mul\libc.a(lib_a-impure.o)
 .text          0x000000000400a44c       0x28 d:/altera_14.0.2/nios2eds/bin/gnu/h-x86_64-mingw32/bin/../lib/gcc/nios2-elf/4.7.3/../../../../../H-x86_64-mingw32/nios2-elf/lib/mno-hw-mul\libc.a(lib_a-malloc.o)
                0x000000000400a44c                malloc
                0x000000000400a460                free
 .text          0x000000000400a474      0x784 d:/altera_14.0.2/nios2eds/bin/gnu/h-x86_64-mingw32/bin/../lib/gcc/nios2-elf/4.7.3/../../../../../H-x86_64-mingw32/nios2-elf/lib/mno-hw-mul\libc.a(lib_a-mallocr.o)
                0x000000000400a474                _malloc_r
 .text          0x000000000400abf8      0x140 d:/altera_14.0.2/nios2eds/bin/gnu/h-x86_64-mingw32/bin/../lib/gcc/nios2-elf/4.7.3/../../../../../H-x86_64-mingw32/nios2-elf/lib/mno-hw-mul\libc.a(lib_a-memcpy.o)
                0x000000000400abf8                memcpy
 .text          0x000000000400ad38       0xdc d:/altera_14.0.2/nios2eds/bin/gnu/h-x86_64-mingw32/bin/../lib/gcc/nios2-elf/4.7.3/../../../../../H-x86_64-mingw32/nios2-elf/lib/mno-hw-mul\libc.a(lib_a-memset.o)
                0x000000000400ad38                memset
 .text          0x000000000400ae14       0x68 d:/altera_14.0.2/nios2eds/bin/gnu/h-x86_64-mingw32/bin/../lib/gcc/nios2-elf/4.7.3/../../../../../H-x86_64-mingw32/nios2-elf/lib/mno-hw-mul\libc.a(lib_a-printf.o)
                0x000000000400ae14                _printf_r
                0x000000000400ae40                printf
 .text          0x000000000400ae7c       0x24 d:/altera_14.0.2/nios2eds/bin/gnu/h-x86_64-mingw32/bin/../lib/gcc/nios2-elf/4.7.3/../../../../../H-x86_64-mingw32/nios2-elf/lib/mno-hw-mul\libc.a(lib_a-putchar.o)
                0x000000000400ae7c                _putchar_r
                0x000000000400ae84                putchar
 .text          0x000000000400aea0       0x98 d:/altera_14.0.2/nios2eds/bin/gnu/h-x86_64-mingw32/bin/../lib/gcc/nios2-elf/4.7.3/../../../../../H-x86_64-mingw32/nios2-elf/lib/mno-hw-mul\libc.a(lib_a-puts.o)
                0x000000000400aea0                _puts_r
                0x000000000400af24                puts
 .text          0x000000000400af38       0x64 d:/altera_14.0.2/nios2eds/bin/gnu/h-x86_64-mingw32/bin/../lib/gcc/nios2-elf/4.7.3/../../../../../H-x86_64-mingw32/nios2-elf/lib/mno-hw-mul\libc.a(lib_a-sbrkr.o)
                0x000000000400af38                _sbrk_r
 .text          0x000000000400af9c       0xc4 d:/altera_14.0.2/nios2eds/bin/gnu/h-x86_64-mingw32/bin/../lib/gcc/nios2-elf/4.7.3/../../../../../H-x86_64-mingw32/nios2-elf/lib/mno-hw-mul\libc.a(lib_a-sprintf.o)
                0x000000000400af9c                _sprintf_r
                0x000000000400aff4                sprintf
 .text          0x000000000400b060       0x94 d:/altera_14.0.2/nios2eds/bin/gnu/h-x86_64-mingw32/bin/../lib/gcc/nios2-elf/4.7.3/../../../../../H-x86_64-mingw32/nios2-elf/lib/mno-hw-mul\libc.a(lib_a-strcpy.o)
                0x000000000400b060                strcpy
 .text          0x000000000400b0f4       0x8c d:/altera_14.0.2/nios2eds/bin/gnu/h-x86_64-mingw32/bin/../lib/gcc/nios2-elf/4.7.3/../../../../../H-x86_64-mingw32/nios2-elf/lib/mno-hw-mul\libc.a(lib_a-strlen.o)
                0x000000000400b0f4                strlen
 .text          0x000000000400b180     0x1ed4 d:/altera_14.0.2/nios2eds/bin/gnu/h-x86_64-mingw32/bin/../lib/gcc/nios2-elf/4.7.3/../../../../../H-x86_64-mingw32/nios2-elf/lib/mno-hw-mul\libc.a(lib_a-vfprintf.o)
                0x000000000400b1b4                ___vfprintf_internal_r
                0x000000000400d030                __vfprintf_internal
 .text          0x000000000400d054       0xec d:/altera_14.0.2/nios2eds/bin/gnu/h-x86_64-mingw32/bin/../lib/gcc/nios2-elf/4.7.3/../../../../../H-x86_64-mingw32/nios2-elf/lib/mno-hw-mul\libc.a(lib_a-vsnprintf.o)
                0x000000000400d054                _vsnprintf_r
                0x000000000400d100                vsnprintf
 .text          0x000000000400d140      0x174 d:/altera_14.0.2/nios2eds/bin/gnu/h-x86_64-mingw32/bin/../lib/gcc/nios2-elf/4.7.3/../../../../../H-x86_64-mingw32/nios2-elf/lib/mno-hw-mul\libc.a(lib_a-wsetup.o)
                0x000000000400d140                __swsetup_r
 .text          0x000000000400d2b4     0x1858 d:/altera_14.0.2/nios2eds/bin/gnu/h-x86_64-mingw32/bin/../lib/gcc/nios2-elf/4.7.3/../../../../../H-x86_64-mingw32/nios2-elf/lib/mno-hw-mul\libc.a(lib_a-dtoa.o)
                0x000000000400d4f0                _dtoa_r
 .text          0x000000000400eb0c      0x218 d:/altera_14.0.2/nios2eds/bin/gnu/h-x86_64-mingw32/bin/../lib/gcc/nios2-elf/4.7.3/../../../../../H-x86_64-mingw32/nios2-elf/lib/mno-hw-mul\libc.a(lib_a-fflush.o)
                0x000000000400eb0c                _fflush_r
                0x000000000400ecf4                fflush
 .text          0x000000000400ed24      0x2ec d:/altera_14.0.2/nios2eds/bin/gnu/h-x86_64-mingw32/bin/../lib/gcc/nios2-elf/4.7.3/../../../../../H-x86_64-mingw32/nios2-elf/lib/mno-hw-mul\libc.a(lib_a-findfp.o)
                0x000000000400ed34                _cleanup_r
                0x000000000400ed40                __sfmoreglue
                0x000000000400edb8                _cleanup
                0x000000000400edc8                __sinit
                0x000000000400eed4                __sfp
                0x000000000400efd0                __sfp_lock_acquire
                0x000000000400efd4                __sfp_lock_release
                0x000000000400efd8                __sinit_lock_acquire
                0x000000000400efdc                __sinit_lock_release
                0x000000000400efe0                __fp_lock_all
                0x000000000400eff8                __fp_unlock_all
 .text          0x000000000400f010      0x40c d:/altera_14.0.2/nios2eds/bin/gnu/h-x86_64-mingw32/bin/../lib/gcc/nios2-elf/4.7.3/../../../../../H-x86_64-mingw32/nios2-elf/lib/mno-hw-mul\libc.a(lib_a-freer.o)
                0x000000000400f010                _malloc_trim_r
                0x000000000400f14c                _free_r
 .text          0x000000000400f41c      0x4e4 d:/altera_14.0.2/nios2eds/bin/gnu/h-x86_64-mingw32/bin/../lib/gcc/nios2-elf/4.7.3/../../../../../H-x86_64-mingw32/nios2-elf/lib/mno-hw-mul\libc.a(lib_a-fvwrite.o)
                0x000000000400f41c                __sfvwrite_r
 .text          0x000000000400f900      0x160 d:/altera_14.0.2/nios2eds/bin/gnu/h-x86_64-mingw32/bin/../lib/gcc/nios2-elf/4.7.3/../../../../../H-x86_64-mingw32/nios2-elf/lib/mno-hw-mul\libc.a(lib_a-fwalk.o)
                0x000000000400f900                _fwalk
                0x000000000400f9a8                _fwalk_reent
 .text          0x000000000400fa60        0x0 d:/altera_14.0.2/nios2eds/bin/gnu/h-x86_64-mingw32/bin/../lib/gcc/nios2-elf/4.7.3/../../../../../H-x86_64-mingw32/nios2-elf/lib/mno-hw-mul\libc.a(lib_a-int_errno.o)
 .text          0x000000000400fa60       0xdc d:/altera_14.0.2/nios2eds/bin/gnu/h-x86_64-mingw32/bin/../lib/gcc/nios2-elf/4.7.3/../../../../../H-x86_64-mingw32/nios2-elf/lib/mno-hw-mul\libc.a(lib_a-locale.o)
                0x000000000400fa60                _setlocale_r
                0x000000000400fafc                __locale_charset
                0x000000000400fb08                _localeconv_r
                0x000000000400fb14                setlocale
                0x000000000400fb30                localeconv
 .text          0x000000000400fb3c      0x1a8 d:/altera_14.0.2/nios2eds/bin/gnu/h-x86_64-mingw32/bin/../lib/gcc/nios2-elf/4.7.3/../../../../../H-x86_64-mingw32/nios2-elf/lib/mno-hw-mul\libc.a(lib_a-makebuf.o)
                0x000000000400fb3c                __smakebuf_r
 .text          0x000000000400fce4       0xf8 d:/altera_14.0.2/nios2eds/bin/gnu/h-x86_64-mingw32/bin/../lib/gcc/nios2-elf/4.7.3/../../../../../H-x86_64-mingw32/nios2-elf/lib/mno-hw-mul\libc.a(lib_a-memchr.o)
                0x000000000400fce4                memchr
 .text          0x000000000400fddc      0x18c d:/altera_14.0.2/nios2eds/bin/gnu/h-x86_64-mingw32/bin/../lib/gcc/nios2-elf/4.7.3/../../../../../H-x86_64-mingw32/nios2-elf/lib/mno-hw-mul\libc.a(lib_a-memmove.o)
                0x000000000400fddc                memmove
 .text          0x000000000400ff68     0x1050 d:/altera_14.0.2/nios2eds/bin/gnu/h-x86_64-mingw32/bin/../lib/gcc/nios2-elf/4.7.3/../../../../../H-x86_64-mingw32/nios2-elf/lib/mno-hw-mul\libc.a(lib_a-mprec.o)
                0x000000000400ff68                _Balloc
                0x0000000004010010                _Bfree
                0x0000000004010038                __multadd
                0x000000000401017c                __s2b
                0x0000000004010280                __hi0bits
                0x00000000040102e8                __lo0bits
                0x0000000004010398                __i2b
                0x00000000040103d4                __multiply
                0x000000000401062c                __pow5mult
                0x0000000004010758                __lshift
                0x00000000040108b4                __mcmp
                0x000000000401090c                __mdiff
                0x0000000004010ab4                __ulp
                0x0000000004010b14                __b2d
                0x0000000004010c5c                __d2b
                0x0000000004010da0                __ratio
                0x0000000004010e44                _mprec_log10
                0x0000000004010eb8                __copybits
                0x0000000004010f34                __any_on
 .text          0x0000000004010fb8      0x1ac d:/altera_14.0.2/nios2eds/bin/gnu/h-x86_64-mingw32/bin/../lib/gcc/nios2-elf/4.7.3/../../../../../H-x86_64-mingw32/nios2-elf/lib/mno-hw-mul\libc.a(lib_a-putc.o)
                0x0000000004010fb8                _putc_r
                0x0000000004011074                putc
 .text          0x0000000004011164      0x5fc d:/altera_14.0.2/nios2eds/bin/gnu/h-x86_64-mingw32/bin/../lib/gcc/nios2-elf/4.7.3/../../../../../H-x86_64-mingw32/nios2-elf/lib/mno-hw-mul\libc.a(lib_a-reallocr.o)
                0x0000000004011164                _realloc_r
 .text          0x0000000004011760       0x38 d:/altera_14.0.2/nios2eds/bin/gnu/h-x86_64-mingw32/bin/../lib/gcc/nios2-elf/4.7.3/../../../../../H-x86_64-mingw32/nios2-elf/lib/mno-hw-mul\libc.a(lib_a-s_isinfd.o)
                0x0000000004011760                __isinfd
 .text          0x0000000004011798      0x140 d:/altera_14.0.2/nios2eds/bin/gnu/h-x86_64-mingw32/bin/../lib/gcc/nios2-elf/4.7.3/../../../../../H-x86_64-mingw32/nios2-elf/lib/mno-hw-mul\libc.a(lib_a-stdio.o)
                0x0000000004011798                __sread
                0x00000000040117ec                __swrite
                0x0000000004011874                __sseek
                0x00000000040118d0                __sclose
 .text          0x00000000040118d8       0xa4 d:/altera_14.0.2/nios2eds/bin/gnu/h-x86_64-mingw32/bin/../lib/gcc/nios2-elf/4.7.3/../../../../../H-x86_64-mingw32/nios2-elf/lib/mno-hw-mul\libc.a(lib_a-strcmp.o)
                0x00000000040118d8                strcmp
 .text          0x000000000401197c      0x158 d:/altera_14.0.2/nios2eds/bin/gnu/h-x86_64-mingw32/bin/../lib/gcc/nios2-elf/4.7.3/../../../../../H-x86_64-mingw32/nios2-elf/lib/mno-hw-mul\libc.a(lib_a-wbuf.o)
                0x000000000401197c                __swbuf_r
                0x0000000004011ab8                __swbuf
 .text          0x0000000004011ad4       0x6c d:/altera_14.0.2/nios2eds/bin/gnu/h-x86_64-mingw32/bin/../lib/gcc/nios2-elf/4.7.3/../../../../../H-x86_64-mingw32/nios2-elf/lib/mno-hw-mul\libc.a(lib_a-writer.o)
                0x0000000004011ad4                _write_r
 .text          0x0000000004011b40       0xcc d:/altera_14.0.2/nios2eds/bin/gnu/h-x86_64-mingw32/bin/../lib/gcc/nios2-elf/4.7.3/../../../../../H-x86_64-mingw32/nios2-elf/lib/mno-hw-mul\libc.a(lib_a-callocr.o)
                0x0000000004011b40                _calloc_r
 .text          0x0000000004011c0c       0x64 d:/altera_14.0.2/nios2eds/bin/gnu/h-x86_64-mingw32/bin/../lib/gcc/nios2-elf/4.7.3/../../../../../H-x86_64-mingw32/nios2-elf/lib/mno-hw-mul\libc.a(lib_a-closer.o)
                0x0000000004011c0c                _close_r
 .text          0x0000000004011c70      0x150 d:/altera_14.0.2/nios2eds/bin/gnu/h-x86_64-mingw32/bin/../lib/gcc/nios2-elf/4.7.3/../../../../../H-x86_64-mingw32/nios2-elf/lib/mno-hw-mul\libc.a(lib_a-fclose.o)
                0x0000000004011c70                _fclose_r
                0x0000000004011dac                fclose
 .text          0x0000000004011dc0       0x68 d:/altera_14.0.2/nios2eds/bin/gnu/h-x86_64-mingw32/bin/../lib/gcc/nios2-elf/4.7.3/../../../../../H-x86_64-mingw32/nios2-elf/lib/mno-hw-mul\libc.a(lib_a-fstatr.o)
                0x0000000004011dc0                _fstat_r
 .text          0x0000000004011e28       0x64 d:/altera_14.0.2/nios2eds/bin/gnu/h-x86_64-mingw32/bin/../lib/gcc/nios2-elf/4.7.3/../../../../../H-x86_64-mingw32/nios2-elf/lib/mno-hw-mul\libc.a(lib_a-isattyr.o)
                0x0000000004011e28                _isatty_r
 .text          0x0000000004011e8c       0x6c d:/altera_14.0.2/nios2eds/bin/gnu/h-x86_64-mingw32/bin/../lib/gcc/nios2-elf/4.7.3/../../../../../H-x86_64-mingw32/nios2-elf/lib/mno-hw-mul\libc.a(lib_a-lseekr.o)
                0x0000000004011e8c                _lseek_r
 .text          0x0000000004011ef8       0x6c d:/altera_14.0.2/nios2eds/bin/gnu/h-x86_64-mingw32/bin/../lib/gcc/nios2-elf/4.7.3/../../../../../H-x86_64-mingw32/nios2-elf/lib/mno-hw-mul\libc.a(lib_a-readr.o)
                0x0000000004011ef8                _read_r
 .text          0x0000000004011f64      0x650 d:/altera_14.0.2/nios2eds/bin/gnu/h-x86_64-mingw32/bin/../lib/gcc/nios2-elf/4.7.3/mno-hw-mul\libgcc.a(_udivdi3.o)
                0x0000000004011f64                __udivdi3
 .text          0x00000000040125b4      0x628 d:/altera_14.0.2/nios2eds/bin/gnu/h-x86_64-mingw32/bin/../lib/gcc/nios2-elf/4.7.3/mno-hw-mul\libgcc.a(_umoddi3.o)
                0x00000000040125b4                __umoddi3
 .text          0x0000000004012bdc       0x5c d:/altera_14.0.2/nios2eds/bin/gnu/h-x86_64-mingw32/bin/../lib/gcc/nios2-elf/4.7.3/mno-hw-mul\libgcc.a(_eq_df.o)
                0x0000000004012bdc                __eqdf2
 .text          0x0000000004012c38       0x5c d:/altera_14.0.2/nios2eds/bin/gnu/h-x86_64-mingw32/bin/../lib/gcc/nios2-elf/4.7.3/mno-hw-mul\libgcc.a(_ne_df.o)
                0x0000000004012c38                __nedf2
 .text          0x0000000004012c94       0x64 d:/altera_14.0.2/nios2eds/bin/gnu/h-x86_64-mingw32/bin/../lib/gcc/nios2-elf/4.7.3/mno-hw-mul\libgcc.a(_gt_df.o)
                0x0000000004012c94                __gtdf2
 .text          0x0000000004012cf8       0x64 d:/altera_14.0.2/nios2eds/bin/gnu/h-x86_64-mingw32/bin/../lib/gcc/nios2-elf/4.7.3/mno-hw-mul\libgcc.a(_ge_df.o)
                0x0000000004012cf8                __gedf2
 .text          0x0000000004012d5c      0x11c d:/altera_14.0.2/nios2eds/bin/gnu/h-x86_64-mingw32/bin/../lib/gcc/nios2-elf/4.7.3/mno-hw-mul\libgcc.a(_usi_to_df.o)
                0x0000000004012d5c                __floatunsidf
 .text          0x0000000004012e78      0x11c ../painter_bsp/\libhal_bsp.a(alt_close.o)
                0x0000000004012ec8                close
 .text          0x0000000004012f94       0x44 ../painter_bsp/\libhal_bsp.a(alt_dcache_flush_all.o)
                0x0000000004012f94                alt_dcache_flush_all
 .text          0x0000000004012fd8       0x2c ../painter_bsp/\libhal_bsp.a(alt_dev.o)
 .text          0x0000000004013004        0x0 ../painter_bsp/\libhal_bsp.a(alt_errno.o)
 .text          0x0000000004013004      0x100 ../painter_bsp/\libhal_bsp.a(alt_fstat.o)
                0x0000000004013054                fstat
 .text          0x0000000004013104      0x1d8 ../painter_bsp/\libhal_bsp.a(alt_iic.o)
                0x0000000004013104                alt_ic_isr_register
                0x0000000004013154                alt_ic_irq_enable
                0x00000000040131f0                alt_ic_irq_disable
                0x0000000004013290                alt_ic_irq_enabled
 .text          0x00000000040132dc       0xf0 ../painter_bsp/\libhal_bsp.a(alt_iic_isr_register.o)
                0x00000000040132dc                alt_iic_isr_register
 .text          0x00000000040133cc        0x0 ../painter_bsp/\libhal_bsp.a(alt_irq_entry.o)
 .text          0x00000000040133cc        0x0 ../painter_bsp/\libhal_bsp.a(alt_irq_handler.o)
 .text          0x00000000040133cc        0x0 ../painter_bsp/\libhal_bsp.a(alt_irq_vars.o)
 .text          0x00000000040133cc       0xf4 ../painter_bsp/\libhal_bsp.a(alt_isatty.o)
                0x000000000401341c                isatty
 .text          0x00000000040134c0      0x124 ../painter_bsp/\libhal_bsp.a(alt_lseek.o)
                0x0000000004013510                lseek
 .text          0x00000000040135e4       0x78 ../painter_bsp/\libhal_bsp.a(alt_main.o)
                0x00000000040135e4                alt_main
 .text          0x000000000401365c       0x40 ../painter_bsp/\libhal_bsp.a(alt_malloc_lock.o)
                0x000000000401365c                __malloc_lock
                0x000000000401367c                __malloc_unlock
 .text          0x000000000401369c      0x144 ../painter_bsp/\libhal_bsp.a(alt_read.o)
                0x00000000040136ec                read
 .text          0x00000000040137e0       0x80 ../painter_bsp/\libhal_bsp.a(alt_release_fd.o)
                0x00000000040137e0                alt_release_fd
 .text          0x0000000004013860       0xb0 ../painter_bsp/\libhal_bsp.a(alt_sbrk.o)
                0x0000000004013860                sbrk
 .text          0x0000000004013910      0x19c ../painter_bsp/\libhal_bsp.a(alt_tick.o)
                0x0000000004013910                alt_alarm_stop
                0x00000000040139a8                alt_tick
 .text          0x0000000004013aac       0x30 ../painter_bsp/\libhal_bsp.a(alt_usleep.o)
                0x0000000004013aac                usleep
 .text          0x0000000004013adc      0x140 ../painter_bsp/\libhal_bsp.a(alt_write.o)
                0x0000000004013b2c                write
 .text          0x0000000004013c1c       0xd4 ../painter_bsp/\libhal_bsp.a(alt_sys_init.o)
                0x0000000004013c54                alt_irq_init
                0x0000000004013c88                alt_sys_init
 .text          0x0000000004013cf0      0x990 ../painter_bsp/\libhal_bsp.a(altera_avalon_epcs_flash_controller.o)
                0x0000000004013d28                alt_epcs_flash_init
                0x00000000040140f0                alt_epcs_flash_write
                0x0000000004014350                alt_epcs_flash_get_info
                0x0000000004014470                alt_epcs_flash_erase_block
                0x00000000040144e4                alt_epcs_flash_write_block
                0x00000000040145e8                alt_epcs_flash_read
 .text          0x0000000004014680      0x164 ../painter_bsp/\libhal_bsp.a(altera_avalon_jtag_uart_fd.o)
                0x0000000004014680                altera_avalon_jtag_uart_read_fd
                0x00000000040146e0                altera_avalon_jtag_uart_write_fd
                0x0000000004014740                altera_avalon_jtag_uart_close_fd
                0x0000000004014790                altera_avalon_jtag_uart_ioctl_fd
 .text          0x00000000040147e4      0x3d0 ../painter_bsp/\libhal_bsp.a(altera_avalon_jtag_uart_init.o)
                0x00000000040147e4                altera_avalon_jtag_uart_init
                0x0000000004014b4c                altera_avalon_jtag_uart_close
 .text          0x0000000004014bb4       0xf4 ../painter_bsp/\libhal_bsp.a(altera_avalon_jtag_uart_ioctl.o)
                0x0000000004014bb4                altera_avalon_jtag_uart_ioctl
 .text          0x0000000004014ca8      0x218 ../painter_bsp/\libhal_bsp.a(altera_avalon_jtag_uart_read.o)
                0x0000000004014ca8                altera_avalon_jtag_uart_read
 .text          0x0000000004014ec0      0x220 ../painter_bsp/\libhal_bsp.a(altera_avalon_jtag_uart_write.o)
                0x0000000004014ec0                altera_avalon_jtag_uart_write
 .text          0x00000000040150e0       0xfc ../painter_bsp/\libhal_bsp.a(altera_avalon_timer_sc.o)
                0x0000000004015154                alt_avalon_timer_sc_init
 .text          0x00000000040151dc      0x624 ../painter_bsp/\libhal_bsp.a(epcs_commands.o)
                0x00000000040151dc                epcs_read_status_register
                0x00000000040152a8                epcs_sector_erase
                0x00000000040153a0                epcs_read_buffer
                0x0000000004015494                epcs_write_enable
                0x00000000040154e4                epcs_write_status_register
                0x000000000401554c                epcs_write_buffer
                0x0000000004015668                epcs_read_electronic_signature
                0x00000000040156d0                epcs_read_device_id
                0x0000000004015750                epcs_enter_4_bytes_mode
                0x00000000040157a8                epcs_exit_4_bytes_mode
 .text          0x0000000004015800      0x140 ../painter_bsp/\libhal_bsp.a(alt_alarm_start.o)
                0x0000000004015800                alt_alarm_start
 .text          0x0000000004015940      0x154 ../painter_bsp/\libhal_bsp.a(alt_busy_sleep.o)
                0x0000000004015940                alt_busy_sleep
 .text          0x0000000004015a94       0xf0 ../painter_bsp/\libhal_bsp.a(alt_dev_llist_insert.o)
                0x0000000004015ae4                alt_dev_llist_insert
 .text          0x0000000004015b84       0x5c ../painter_bsp/\libhal_bsp.a(alt_do_ctors.o)
                0x0000000004015b84                _do_ctors
 .text          0x0000000004015be0       0x5c ../painter_bsp/\libhal_bsp.a(alt_do_dtors.o)
                0x0000000004015be0                _do_dtors
 .text          0x0000000004015c3c        0x0 ../painter_bsp/\libhal_bsp.a(alt_exception_entry.o)
 .text          0x0000000004015c3c       0xb8 ../painter_bsp/\libhal_bsp.a(alt_flash_dev.o)
                0x0000000004015c3c                alt_flash_open_dev
                0x0000000004015ca4                alt_flash_close_dev
 .text          0x0000000004015cf4      0x158 ../painter_bsp/\libhal_bsp.a(alt_io_redirect.o)
                0x0000000004015dd4                alt_io_redirect
 .text          0x0000000004015e4c      0x298 ../painter_bsp/\libhal_bsp.a(alt_open.o)
                0x0000000004015f8c                open
 .text          0x00000000040160e4       0x20 ../painter_bsp/\libhal_bsp.a(altera_nios2_qsys_irq.o)
                0x00000000040160e4                altera_nios2_qsys_irq_init
 .text          0x0000000004016104      0x208 ../painter_bsp/\libhal_bsp.a(altera_avalon_spi.o)
                0x0000000004016104                alt_avalon_spi_command
 .text          0x000000000401630c       0x90 ../painter_bsp/\libhal_bsp.a(alt_find_dev.o)
                0x000000000401630c                alt_find_dev
 .text          0x000000000401639c      0x114 ../painter_bsp/\libhal_bsp.a(alt_find_file.o)
                0x000000000401639c                alt_find_file
 .text          0x00000000040164b0       0xd4 ../painter_bsp/\libhal_bsp.a(alt_get_fd.o)
                0x00000000040164b0                alt_get_fd
 .text          0x0000000004016584       0x14 d:/altera_14.0.2/nios2eds/bin/gnu/h-x86_64-mingw32/bin/../lib/gcc/nios2-elf/4.7.3/../../../../../H-x86_64-mingw32/nios2-elf/lib/mno-hw-mul\libc.a(lib_a-atexit.o)
                0x0000000004016584                atexit
 .text          0x0000000004016598       0x38 d:/altera_14.0.2/nios2eds/bin/gnu/h-x86_64-mingw32/bin/../lib/gcc/nios2-elf/4.7.3/../../../../../H-x86_64-mingw32/nios2-elf/lib/mno-hw-mul\libc.a(lib_a-exit.o)
                0x0000000004016598                exit
 .text          0x00000000040165d0       0x7c d:/altera_14.0.2/nios2eds/bin/gnu/h-x86_64-mingw32/bin/../lib/gcc/nios2-elf/4.7.3/../../../../../H-x86_64-mingw32/nios2-elf/lib/mno-hw-mul\libc.a(lib_a-memcmp.o)
                0x00000000040165d0                memcmp
 .text          0x000000000401664c      0x130 d:/altera_14.0.2/nios2eds/bin/gnu/h-x86_64-mingw32/bin/../lib/gcc/nios2-elf/4.7.3/../../../../../H-x86_64-mingw32/nios2-elf/lib/mno-hw-mul\libc.a(lib_a-__atexit.o)
                0x000000000401664c                __register_exitproc
 .text          0x000000000401677c      0x1a0 d:/altera_14.0.2/nios2eds/bin/gnu/h-x86_64-mingw32/bin/../lib/gcc/nios2-elf/4.7.3/../../../../../H-x86_64-mingw32/nios2-elf/lib/mno-hw-mul\libc.a(lib_a-__call_atexit.o)
                0x000000000401677c                __call_exitprocs
 .text          0x000000000401691c       0x3c ../painter_bsp/\libhal_bsp.a(alt_exit.o)
                0x000000000401691c                _exit
 *(.gnu.warning.*)
 *(.fini)
                0x0000000004016958                PROVIDE (__etext, ABSOLUTE (.))
                0x0000000004016958                PROVIDE (_etext, ABSOLUTE (.))
                0x0000000004016958                PROVIDE (etext, ABSOLUTE (.))
 *(.eh_frame_hdr)
                0x0000000004016958                . = ALIGN (0x4)
                0x0000000004016958                PROVIDE (__preinit_array_start, ABSOLUTE (.))
 *(.preinit_array)
                0x0000000004016958                PROVIDE (__preinit_array_end, ABSOLUTE (.))
                0x0000000004016958                PROVIDE (__init_array_start, ABSOLUTE (.))
 *(.init_array)
                0x0000000004016958                PROVIDE (__init_array_end, ABSOLUTE (.))
                0x0000000004016958                PROVIDE (__fini_array_start, ABSOLUTE (.))
 *(.fini_array)
                0x0000000004016958                PROVIDE (__fini_array_end, ABSOLUTE (.))
 *(.eh_frame)
 *(.gcc_except_table .gcc_except_table.*)
 *(.dynamic)
                0x0000000004016958                PROVIDE (__CTOR_LIST__, ABSOLUTE (.))
 *(.ctors)
 *(SORT(.ctors.*))
                0x0000000004016958                PROVIDE (__CTOR_END__, ABSOLUTE (.))
                0x0000000004016958                PROVIDE (__DTOR_LIST__, ABSOLUTE (.))
 *(.dtors)
 *(SORT(.dtors.*))
                0x0000000004016958                PROVIDE (__DTOR_END__, ABSOLUTE (.))
 *(.jcr)
                0x0000000004016958                . = ALIGN (0x4)

.rodata         0x0000000004016958    0x5edbc
                0x0000000004016958                PROVIDE (__ram_rodata_start, ABSOLUTE (.))
                0x0000000004016958                . = ALIGN (0x4)
 *(.rodata .rodata.* .gnu.linkonce.r.*)
 .rodata        0x0000000004016958     0x77f2 obj/default/fonts/tahomabold_20.o
 .rodata        0x000000000401e14a    0x12520 obj/default/fonts/tahomabold_32.o
 *fill*         0x000000000403066a        0x2 
 .rodata        0x000000000403066c    0x448f0 obj/default/gesture.o
                0x000000000403066c                gesture_bmp
 .rodata        0x0000000004074f5c       0x30 obj/default/gui.o
 .rodata        0x0000000004074f8c       0x30 obj/default/gui_vpg.o
 .rodata        0x0000000004074fbc       0x50 obj/default/main.o
 .rodata        0x000000000407500c      0x1f4 obj/default/terasic_lib/I2C.o
 .rodata        0x0000000004075200      0x184 obj/default/terasic_lib/I2C_core.o
 .rodata        0x0000000004075384       0x10 obj/default/terasic_lib/debug.o
 .rodata        0x0000000004075394       0x38 obj/default/terasic_lib/multi_touch2.o
 .rodata.str1.4
                0x00000000040753cc        0x5 d:/altera_14.0.2/nios2eds/bin/gnu/h-x86_64-mingw32/bin/../lib/gcc/nios2-elf/4.7.3/../../../../../H-x86_64-mingw32/nios2-elf/lib/mno-hw-mul\libm.a(lib_a-w_sqrt.o)
                                          0x8 (size before relaxing)
 *fill*         0x00000000040753d1        0x3 
 .rodata        0x00000000040753d4       0x14 d:/altera_14.0.2/nios2eds/bin/gnu/h-x86_64-mingw32/bin/../lib/gcc/nios2-elf/4.7.3/mno-hw-mul\libgcc.a(_thenan_df.o)
                0x00000000040753d4                __thenan_df
 .rodata        0x00000000040753e8      0x100 d:/altera_14.0.2/nios2eds/bin/gnu/h-x86_64-mingw32/bin/../lib/gcc/nios2-elf/4.7.3/mno-hw-mul\libgcc.a(_clz.o)
                0x00000000040753e8                __clz_tab
 .rodata.str1.4
                0x00000000040754e8        0x2 d:/altera_14.0.2/nios2eds/bin/gnu/h-x86_64-mingw32/bin/../lib/gcc/nios2-elf/4.7.3/../../../../../H-x86_64-mingw32/nios2-elf/lib/mno-hw-mul\libc.a(lib_a-impure.o)
                                          0x4 (size before relaxing)
 *fill*         0x00000000040754ea        0x2 
 .rodata.str1.4
                0x00000000040754ec        0x2 d:/altera_14.0.2/nios2eds/bin/gnu/h-x86_64-mingw32/bin/../lib/gcc/nios2-elf/4.7.3/../../../../../H-x86_64-mingw32/nios2-elf/lib/mno-hw-mul\libc.a(lib_a-puts.o)
                                          0x4 (size before relaxing)
 *fill*         0x00000000040754ee        0x2 
 .rodata.str1.4
                0x00000000040754f0       0x42 d:/altera_14.0.2/nios2eds/bin/gnu/h-x86_64-mingw32/bin/../lib/gcc/nios2-elf/4.7.3/../../../../../H-x86_64-mingw32/nios2-elf/lib/mno-hw-mul\libc.a(lib_a-vfprintf.o)
                                         0x44 (size before relaxing)
 .rodata        0x0000000004075532       0x20 d:/altera_14.0.2/nios2eds/bin/gnu/h-x86_64-mingw32/bin/../lib/gcc/nios2-elf/4.7.3/../../../../../H-x86_64-mingw32/nios2-elf/lib/mno-hw-mul\libc.a(lib_a-vfprintf.o)
 *fill*         0x0000000004075552        0x2 
 .rodata.str1.4
                0x0000000004075554       0x10 d:/altera_14.0.2/nios2eds/bin/gnu/h-x86_64-mingw32/bin/../lib/gcc/nios2-elf/4.7.3/../../../../../H-x86_64-mingw32/nios2-elf/lib/mno-hw-mul\libc.a(lib_a-dtoa.o)
                                         0x14 (size before relaxing)
 .rodata.str1.4
                0x0000000004075564       0x10 d:/altera_14.0.2/nios2eds/bin/gnu/h-x86_64-mingw32/bin/../lib/gcc/nios2-elf/4.7.3/../../../../../H-x86_64-mingw32/nios2-elf/lib/mno-hw-mul\libc.a(lib_a-locale.o)
                                         0x18 (size before relaxing)
 .rodata        0x0000000004075574       0x30 d:/altera_14.0.2/nios2eds/bin/gnu/h-x86_64-mingw32/bin/../lib/gcc/nios2-elf/4.7.3/../../../../../H-x86_64-mingw32/nios2-elf/lib/mno-hw-mul\libc.a(lib_a-locale.o)
 .rodata        0x00000000040755a4      0x124 d:/altera_14.0.2/nios2eds/bin/gnu/h-x86_64-mingw32/bin/../lib/gcc/nios2-elf/4.7.3/../../../../../H-x86_64-mingw32/nios2-elf/lib/mno-hw-mul\libc.a(lib_a-mprec.o)
                0x00000000040755a4                __mprec_tinytens
                0x00000000040755cc                __mprec_bigtens
                0x00000000040755f4                __mprec_tens
 .rodata        0x00000000040756c8        0xc ../painter_bsp/\libhal_bsp.a(alt_dev.o)
 .rodata        0x00000000040756d4       0x10 ../painter_bsp/\libhal_bsp.a(alt_main.o)
 .rodata        0x00000000040756e4       0x30 ../painter_bsp/\libhal_bsp.a(alt_sys_init.o)
 *(.rodata1)
                0x0000000004075714                . = ALIGN (0x4)
                0x0000000004075714                PROVIDE (__ram_rodata_end, ABSOLUTE (.))
                0x0000000004016958                PROVIDE (__flash_rodata_start, LOADADDR (.rodata))

.rwdata         0x0000000004075714     0x36f0
                0x0000000004075714                PROVIDE (__ram_rwdata_start, ABSOLUTE (.))
                0x0000000004075714                . = ALIGN (0x4)
 *(.got.plt)
 *(.got)
 *(.data1)
 *(.data .data.* .gnu.linkonce.d.*)
 .data          0x0000000004075714        0x0 ../painter_bsp//obj/HAL/src/crt0.o
 .data          0x0000000004075714      0xbc0 obj/default/fonts/tahomabold_20.o
                0x0000000004075714                tahomabold_20
 .data          0x00000000040762d4      0xbc0 obj/default/fonts/tahomabold_32.o
                0x00000000040762d4                tahomabold_32
 .data          0x0000000004076e94        0x0 obj/default/geometry.o
 .data          0x0000000004076e94        0x0 obj/default/gesture.o
 .data          0x0000000004076e94      0x415 obj/default/graphic_lib/simple_graphics.o
                0x0000000004076e94                cour10_font_array
 .data          0x00000000040772a9        0x0 obj/default/graphic_lib/simple_text.o
 *fill*         0x00000000040772a9        0x3 
 .data          0x00000000040772ac       0x24 obj/default/gui.o
                0x00000000040772ac                szPallete
 .data          0x00000000040772d0        0x0 obj/default/gui_vpg.o
 .data          0x00000000040772d0        0x0 obj/default/main.o
 .data          0x00000000040772d0        0x0 obj/default/terasic_lib/I2C.o
 .data          0x00000000040772d0        0x0 obj/default/terasic_lib/I2C_core.o
 .data          0x00000000040772d0        0x0 obj/default/terasic_lib/debug.o
 .data          0x00000000040772d0        0x0 obj/default/terasic_lib/multi_touch2.o
 .data          0x00000000040772d0        0x0 obj/default/terasic_lib/queue.o
 .data          0x00000000040772d0        0x0 obj/default/vip_fr.o
 .data          0x00000000040772d0        0x0 d:/altera_14.0.2/nios2eds/bin/gnu/h-x86_64-mingw32/bin/../lib/gcc/nios2-elf/4.7.3/../../../../../H-x86_64-mingw32/nios2-elf/lib/mno-hw-mul\libm.a(lib_a-w_sqrt.o)
 .data          0x00000000040772d0        0x0 d:/altera_14.0.2/nios2eds/bin/gnu/h-x86_64-mingw32/bin/../lib/gcc/nios2-elf/4.7.3/../../../../../H-x86_64-mingw32/nios2-elf/lib/mno-hw-mul\libm.a(lib_a-e_sqrt.o)
 .data          0x00000000040772d0        0x0 d:/altera_14.0.2/nios2eds/bin/gnu/h-x86_64-mingw32/bin/../lib/gcc/nios2-elf/4.7.3/../../../../../H-x86_64-mingw32/nios2-elf/lib/mno-hw-mul\libm.a(lib_a-s_isnand.o)
 .data          0x00000000040772d0        0x0 d:/altera_14.0.2/nios2eds/bin/gnu/h-x86_64-mingw32/bin/../lib/gcc/nios2-elf/4.7.3/../../../../../H-x86_64-mingw32/nios2-elf/lib/mno-hw-mul\libm.a(lib_a-s_lib_ver.o)
 .data          0x00000000040772d0        0x0 d:/altera_14.0.2/nios2eds/bin/gnu/h-x86_64-mingw32/bin/../lib/gcc/nios2-elf/4.7.3/../../../../../H-x86_64-mingw32/nios2-elf/lib/mno-hw-mul\libm.a(lib_a-s_matherr.o)
 .data          0x00000000040772d0        0x0 d:/altera_14.0.2/nios2eds/bin/gnu/h-x86_64-mingw32/bin/../lib/gcc/nios2-elf/4.7.3/mno-hw-mul\libgcc.a(_addsub_df.o)
 .data          0x00000000040772d0        0x0 d:/altera_14.0.2/nios2eds/bin/gnu/h-x86_64-mingw32/bin/../lib/gcc/nios2-elf/4.7.3/mno-hw-mul\libgcc.a(_mul_df.o)
 .data          0x00000000040772d0        0x0 d:/altera_14.0.2/nios2eds/bin/gnu/h-x86_64-mingw32/bin/../lib/gcc/nios2-elf/4.7.3/mno-hw-mul\libgcc.a(_div_df.o)
 .data          0x00000000040772d0        0x0 d:/altera_14.0.2/nios2eds/bin/gnu/h-x86_64-mingw32/bin/../lib/gcc/nios2-elf/4.7.3/mno-hw-mul\libgcc.a(_lt_df.o)
 .data          0x00000000040772d0        0x0 d:/altera_14.0.2/nios2eds/bin/gnu/h-x86_64-mingw32/bin/../lib/gcc/nios2-elf/4.7.3/mno-hw-mul\libgcc.a(_si_to_df.o)
 .data          0x00000000040772d0        0x0 d:/altera_14.0.2/nios2eds/bin/gnu/h-x86_64-mingw32/bin/../lib/gcc/nios2-elf/4.7.3/mno-hw-mul\libgcc.a(_df_to_si.o)
 .data          0x00000000040772d0        0x0 d:/altera_14.0.2/nios2eds/bin/gnu/h-x86_64-mingw32/bin/../lib/gcc/nios2-elf/4.7.3/mno-hw-mul\libgcc.a(_thenan_df.o)
 .data          0x00000000040772d0        0x0 d:/altera_14.0.2/nios2eds/bin/gnu/h-x86_64-mingw32/bin/../lib/gcc/nios2-elf/4.7.3/mno-hw-mul\libgcc.a(lib2-divmod.o)
 .data          0x00000000040772d0        0x0 d:/altera_14.0.2/nios2eds/bin/gnu/h-x86_64-mingw32/bin/../lib/gcc/nios2-elf/4.7.3/mno-hw-mul\libgcc.a(lib2-mul.o)
 .data          0x00000000040772d0        0x0 d:/altera_14.0.2/nios2eds/bin/gnu/h-x86_64-mingw32/bin/../lib/gcc/nios2-elf/4.7.3/mno-hw-mul\libgcc.a(_muldi3.o)
 .data          0x00000000040772d0        0x0 d:/altera_14.0.2/nios2eds/bin/gnu/h-x86_64-mingw32/bin/../lib/gcc/nios2-elf/4.7.3/mno-hw-mul\libgcc.a(_clzsi2.o)
 .data          0x00000000040772d0        0x0 d:/altera_14.0.2/nios2eds/bin/gnu/h-x86_64-mingw32/bin/../lib/gcc/nios2-elf/4.7.3/mno-hw-mul\libgcc.a(_pack_df.o)
 .data          0x00000000040772d0        0x0 d:/altera_14.0.2/nios2eds/bin/gnu/h-x86_64-mingw32/bin/../lib/gcc/nios2-elf/4.7.3/mno-hw-mul\libgcc.a(_unpack_df.o)
 .data          0x00000000040772d0        0x0 d:/altera_14.0.2/nios2eds/bin/gnu/h-x86_64-mingw32/bin/../lib/gcc/nios2-elf/4.7.3/mno-hw-mul\libgcc.a(_fpcmp_parts_df.o)
 .data          0x00000000040772d0        0x0 d:/altera_14.0.2/nios2eds/bin/gnu/h-x86_64-mingw32/bin/../lib/gcc/nios2-elf/4.7.3/mno-hw-mul\libgcc.a(_lshrdi3.o)
 .data          0x00000000040772d0        0x0 d:/altera_14.0.2/nios2eds/bin/gnu/h-x86_64-mingw32/bin/../lib/gcc/nios2-elf/4.7.3/mno-hw-mul\libgcc.a(_ashldi3.o)
 .data          0x00000000040772d0        0x0 d:/altera_14.0.2/nios2eds/bin/gnu/h-x86_64-mingw32/bin/../lib/gcc/nios2-elf/4.7.3/mno-hw-mul\libgcc.a(_clz.o)
 .data          0x00000000040772d0        0x0 d:/altera_14.0.2/nios2eds/bin/gnu/h-x86_64-mingw32/bin/../lib/gcc/nios2-elf/4.7.3/../../../../../H-x86_64-mingw32/nios2-elf/lib/mno-hw-mul\libc.a(lib_a-errno.o)
 .data          0x00000000040772d0      0x400 d:/altera_14.0.2/nios2eds/bin/gnu/h-x86_64-mingw32/bin/../lib/gcc/nios2-elf/4.7.3/../../../../../H-x86_64-mingw32/nios2-elf/lib/mno-hw-mul\libc.a(lib_a-impure.o)
 .data          0x00000000040776d0        0x0 d:/altera_14.0.2/nios2eds/bin/gnu/h-x86_64-mingw32/bin/../lib/gcc/nios2-elf/4.7.3/../../../../../H-x86_64-mingw32/nios2-elf/lib/mno-hw-mul\libc.a(lib_a-malloc.o)
 .data          0x00000000040776d0      0x408 d:/altera_14.0.2/nios2eds/bin/gnu/h-x86_64-mingw32/bin/../lib/gcc/nios2-elf/4.7.3/../../../../../H-x86_64-mingw32/nios2-elf/lib/mno-hw-mul\libc.a(lib_a-mallocr.o)
                0x00000000040776d0                __malloc_av_
 .data          0x0000000004077ad8        0x0 d:/altera_14.0.2/nios2eds/bin/gnu/h-x86_64-mingw32/bin/../lib/gcc/nios2-elf/4.7.3/../../../../../H-x86_64-mingw32/nios2-elf/lib/mno-hw-mul\libc.a(lib_a-memcpy.o)
 .data          0x0000000004077ad8        0x0 d:/altera_14.0.2/nios2eds/bin/gnu/h-x86_64-mingw32/bin/../lib/gcc/nios2-elf/4.7.3/../../../../../H-x86_64-mingw32/nios2-elf/lib/mno-hw-mul\libc.a(lib_a-memset.o)
 .data          0x0000000004077ad8        0x0 d:/altera_14.0.2/nios2eds/bin/gnu/h-x86_64-mingw32/bin/../lib/gcc/nios2-elf/4.7.3/../../../../../H-x86_64-mingw32/nios2-elf/lib/mno-hw-mul\libc.a(lib_a-printf.o)
 .data          0x0000000004077ad8        0x0 d:/altera_14.0.2/nios2eds/bin/gnu/h-x86_64-mingw32/bin/../lib/gcc/nios2-elf/4.7.3/../../../../../H-x86_64-mingw32/nios2-elf/lib/mno-hw-mul\libc.a(lib_a-putchar.o)
 .data          0x0000000004077ad8        0x0 d:/altera_14.0.2/nios2eds/bin/gnu/h-x86_64-mingw32/bin/../lib/gcc/nios2-elf/4.7.3/../../../../../H-x86_64-mingw32/nios2-elf/lib/mno-hw-mul\libc.a(lib_a-puts.o)
 .data          0x0000000004077ad8        0x0 d:/altera_14.0.2/nios2eds/bin/gnu/h-x86_64-mingw32/bin/../lib/gcc/nios2-elf/4.7.3/../../../../../H-x86_64-mingw32/nios2-elf/lib/mno-hw-mul\libc.a(lib_a-sbrkr.o)
 .data          0x0000000004077ad8        0x0 d:/altera_14.0.2/nios2eds/bin/gnu/h-x86_64-mingw32/bin/../lib/gcc/nios2-elf/4.7.3/../../../../../H-x86_64-mingw32/nios2-elf/lib/mno-hw-mul\libc.a(lib_a-sprintf.o)
 .data          0x0000000004077ad8        0x0 d:/altera_14.0.2/nios2eds/bin/gnu/h-x86_64-mingw32/bin/../lib/gcc/nios2-elf/4.7.3/../../../../../H-x86_64-mingw32/nios2-elf/lib/mno-hw-mul\libc.a(lib_a-strcpy.o)
 .data          0x0000000004077ad8        0x0 d:/altera_14.0.2/nios2eds/bin/gnu/h-x86_64-mingw32/bin/../lib/gcc/nios2-elf/4.7.3/../../../../../H-x86_64-mingw32/nios2-elf/lib/mno-hw-mul\libc.a(lib_a-strlen.o)
 .data          0x0000000004077ad8        0x0 d:/altera_14.0.2/nios2eds/bin/gnu/h-x86_64-mingw32/bin/../lib/gcc/nios2-elf/4.7.3/../../../../../H-x86_64-mingw32/nios2-elf/lib/mno-hw-mul\libc.a(lib_a-vfprintf.o)
 .data          0x0000000004077ad8        0x0 d:/altera_14.0.2/nios2eds/bin/gnu/h-x86_64-mingw32/bin/../lib/gcc/nios2-elf/4.7.3/../../../../../H-x86_64-mingw32/nios2-elf/lib/mno-hw-mul\libc.a(lib_a-vsnprintf.o)
 .data          0x0000000004077ad8        0x0 d:/altera_14.0.2/nios2eds/bin/gnu/h-x86_64-mingw32/bin/../lib/gcc/nios2-elf/4.7.3/../../../../../H-x86_64-mingw32/nios2-elf/lib/mno-hw-mul\libc.a(lib_a-wsetup.o)
 .data          0x0000000004077ad8        0x0 d:/altera_14.0.2/nios2eds/bin/gnu/h-x86_64-mingw32/bin/../lib/gcc/nios2-elf/4.7.3/../../../../../H-x86_64-mingw32/nios2-elf/lib/mno-hw-mul\libc.a(lib_a-dtoa.o)
 .data          0x0000000004077ad8        0x0 d:/altera_14.0.2/nios2eds/bin/gnu/h-x86_64-mingw32/bin/../lib/gcc/nios2-elf/4.7.3/../../../../../H-x86_64-mingw32/nios2-elf/lib/mno-hw-mul\libc.a(lib_a-fflush.o)
 .data          0x0000000004077ad8        0x0 d:/altera_14.0.2/nios2eds/bin/gnu/h-x86_64-mingw32/bin/../lib/gcc/nios2-elf/4.7.3/../../../../../H-x86_64-mingw32/nios2-elf/lib/mno-hw-mul\libc.a(lib_a-findfp.o)
 .data          0x0000000004077ad8        0x0 d:/altera_14.0.2/nios2eds/bin/gnu/h-x86_64-mingw32/bin/../lib/gcc/nios2-elf/4.7.3/../../../../../H-x86_64-mingw32/nios2-elf/lib/mno-hw-mul\libc.a(lib_a-freer.o)
 .data          0x0000000004077ad8        0x0 d:/altera_14.0.2/nios2eds/bin/gnu/h-x86_64-mingw32/bin/../lib/gcc/nios2-elf/4.7.3/../../../../../H-x86_64-mingw32/nios2-elf/lib/mno-hw-mul\libc.a(lib_a-fvwrite.o)
 .data          0x0000000004077ad8        0x0 d:/altera_14.0.2/nios2eds/bin/gnu/h-x86_64-mingw32/bin/../lib/gcc/nios2-elf/4.7.3/../../../../../H-x86_64-mingw32/nios2-elf/lib/mno-hw-mul\libc.a(lib_a-fwalk.o)
 .data          0x0000000004077ad8        0x0 d:/altera_14.0.2/nios2eds/bin/gnu/h-x86_64-mingw32/bin/../lib/gcc/nios2-elf/4.7.3/../../../../../H-x86_64-mingw32/nios2-elf/lib/mno-hw-mul\libc.a(lib_a-int_errno.o)
 .data          0x0000000004077ad8        0xc d:/altera_14.0.2/nios2eds/bin/gnu/h-x86_64-mingw32/bin/../lib/gcc/nios2-elf/4.7.3/../../../../../H-x86_64-mingw32/nios2-elf/lib/mno-hw-mul\libc.a(lib_a-locale.o)
                0x0000000004077ad8                __lc_ctype
 .data          0x0000000004077ae4        0x0 d:/altera_14.0.2/nios2eds/bin/gnu/h-x86_64-mingw32/bin/../lib/gcc/nios2-elf/4.7.3/../../../../../H-x86_64-mingw32/nios2-elf/lib/mno-hw-mul\libc.a(lib_a-makebuf.o)
 .data          0x0000000004077ae4        0x0 d:/altera_14.0.2/nios2eds/bin/gnu/h-x86_64-mingw32/bin/../lib/gcc/nios2-elf/4.7.3/../../../../../H-x86_64-mingw32/nios2-elf/lib/mno-hw-mul\libc.a(lib_a-memchr.o)
 .data          0x0000000004077ae4        0x0 d:/altera_14.0.2/nios2eds/bin/gnu/h-x86_64-mingw32/bin/../lib/gcc/nios2-elf/4.7.3/../../../../../H-x86_64-mingw32/nios2-elf/lib/mno-hw-mul\libc.a(lib_a-memmove.o)
 .data          0x0000000004077ae4        0x0 d:/altera_14.0.2/nios2eds/bin/gnu/h-x86_64-mingw32/bin/../lib/gcc/nios2-elf/4.7.3/../../../../../H-x86_64-mingw32/nios2-elf/lib/mno-hw-mul\libc.a(lib_a-mprec.o)
 .data          0x0000000004077ae4        0x0 d:/altera_14.0.2/nios2eds/bin/gnu/h-x86_64-mingw32/bin/../lib/gcc/nios2-elf/4.7.3/../../../../../H-x86_64-mingw32/nios2-elf/lib/mno-hw-mul\libc.a(lib_a-putc.o)
 .data          0x0000000004077ae4        0x0 d:/altera_14.0.2/nios2eds/bin/gnu/h-x86_64-mingw32/bin/../lib/gcc/nios2-elf/4.7.3/../../../../../H-x86_64-mingw32/nios2-elf/lib/mno-hw-mul\libc.a(lib_a-reallocr.o)
 .data          0x0000000004077ae4        0x0 d:/altera_14.0.2/nios2eds/bin/gnu/h-x86_64-mingw32/bin/../lib/gcc/nios2-elf/4.7.3/../../../../../H-x86_64-mingw32/nios2-elf/lib/mno-hw-mul\libc.a(lib_a-s_isinfd.o)
 .data          0x0000000004077ae4        0x0 d:/altera_14.0.2/nios2eds/bin/gnu/h-x86_64-mingw32/bin/../lib/gcc/nios2-elf/4.7.3/../../../../../H-x86_64-mingw32/nios2-elf/lib/mno-hw-mul\libc.a(lib_a-stdio.o)
 .data          0x0000000004077ae4        0x0 d:/altera_14.0.2/nios2eds/bin/gnu/h-x86_64-mingw32/bin/../lib/gcc/nios2-elf/4.7.3/../../../../../H-x86_64-mingw32/nios2-elf/lib/mno-hw-mul\libc.a(lib_a-strcmp.o)
 .data          0x0000000004077ae4        0x0 d:/altera_14.0.2/nios2eds/bin/gnu/h-x86_64-mingw32/bin/../lib/gcc/nios2-elf/4.7.3/../../../../../H-x86_64-mingw32/nios2-elf/lib/mno-hw-mul\libc.a(lib_a-wbuf.o)
 .data          0x0000000004077ae4        0x0 d:/altera_14.0.2/nios2eds/bin/gnu/h-x86_64-mingw32/bin/../lib/gcc/nios2-elf/4.7.3/../../../../../H-x86_64-mingw32/nios2-elf/lib/mno-hw-mul\libc.a(lib_a-writer.o)
 .data          0x0000000004077ae4        0x0 d:/altera_14.0.2/nios2eds/bin/gnu/h-x86_64-mingw32/bin/../lib/gcc/nios2-elf/4.7.3/../../../../../H-x86_64-mingw32/nios2-elf/lib/mno-hw-mul\libc.a(lib_a-callocr.o)
 .data          0x0000000004077ae4        0x0 d:/altera_14.0.2/nios2eds/bin/gnu/h-x86_64-mingw32/bin/../lib/gcc/nios2-elf/4.7.3/../../../../../H-x86_64-mingw32/nios2-elf/lib/mno-hw-mul\libc.a(lib_a-closer.o)
 .data          0x0000000004077ae4        0x0 d:/altera_14.0.2/nios2eds/bin/gnu/h-x86_64-mingw32/bin/../lib/gcc/nios2-elf/4.7.3/../../../../../H-x86_64-mingw32/nios2-elf/lib/mno-hw-mul\libc.a(lib_a-fclose.o)
 .data          0x0000000004077ae4        0x0 d:/altera_14.0.2/nios2eds/bin/gnu/h-x86_64-mingw32/bin/../lib/gcc/nios2-elf/4.7.3/../../../../../H-x86_64-mingw32/nios2-elf/lib/mno-hw-mul\libc.a(lib_a-fstatr.o)
 .data          0x0000000004077ae4        0x0 d:/altera_14.0.2/nios2eds/bin/gnu/h-x86_64-mingw32/bin/../lib/gcc/nios2-elf/4.7.3/../../../../../H-x86_64-mingw32/nios2-elf/lib/mno-hw-mul\libc.a(lib_a-isattyr.o)
 .data          0x0000000004077ae4        0x0 d:/altera_14.0.2/nios2eds/bin/gnu/h-x86_64-mingw32/bin/../lib/gcc/nios2-elf/4.7.3/../../../../../H-x86_64-mingw32/nios2-elf/lib/mno-hw-mul\libc.a(lib_a-lseekr.o)
 .data          0x0000000004077ae4        0x0 d:/altera_14.0.2/nios2eds/bin/gnu/h-x86_64-mingw32/bin/../lib/gcc/nios2-elf/4.7.3/../../../../../H-x86_64-mingw32/nios2-elf/lib/mno-hw-mul\libc.a(lib_a-readr.o)
 .data          0x0000000004077ae4        0x0 d:/altera_14.0.2/nios2eds/bin/gnu/h-x86_64-mingw32/bin/../lib/gcc/nios2-elf/4.7.3/mno-hw-mul\libgcc.a(_udivdi3.o)
 .data          0x0000000004077ae4        0x0 d:/altera_14.0.2/nios2eds/bin/gnu/h-x86_64-mingw32/bin/../lib/gcc/nios2-elf/4.7.3/mno-hw-mul\libgcc.a(_umoddi3.o)
 .data          0x0000000004077ae4        0x0 d:/altera_14.0.2/nios2eds/bin/gnu/h-x86_64-mingw32/bin/../lib/gcc/nios2-elf/4.7.3/mno-hw-mul\libgcc.a(_eq_df.o)
 .data          0x0000000004077ae4        0x0 d:/altera_14.0.2/nios2eds/bin/gnu/h-x86_64-mingw32/bin/../lib/gcc/nios2-elf/4.7.3/mno-hw-mul\libgcc.a(_ne_df.o)
 .data          0x0000000004077ae4        0x0 d:/altera_14.0.2/nios2eds/bin/gnu/h-x86_64-mingw32/bin/../lib/gcc/nios2-elf/4.7.3/mno-hw-mul\libgcc.a(_gt_df.o)
 .data          0x0000000004077ae4        0x0 d:/altera_14.0.2/nios2eds/bin/gnu/h-x86_64-mingw32/bin/../lib/gcc/nios2-elf/4.7.3/mno-hw-mul\libgcc.a(_ge_df.o)
 .data          0x0000000004077ae4        0x0 d:/altera_14.0.2/nios2eds/bin/gnu/h-x86_64-mingw32/bin/../lib/gcc/nios2-elf/4.7.3/mno-hw-mul\libgcc.a(_usi_to_df.o)
 .data          0x0000000004077ae4        0x0 ../painter_bsp/\libhal_bsp.a(alt_close.o)
 .data          0x0000000004077ae4        0x0 ../painter_bsp/\libhal_bsp.a(alt_dcache_flush_all.o)
 .data          0x0000000004077ae4      0x1a8 ../painter_bsp/\libhal_bsp.a(alt_dev.o)
                0x0000000004077ae4                alt_dev_null
                0x0000000004077b0c                alt_fd_list
 .data          0x0000000004077c8c        0x0 ../painter_bsp/\libhal_bsp.a(alt_errno.o)
 .data          0x0000000004077c8c        0x0 ../painter_bsp/\libhal_bsp.a(alt_fstat.o)
 .data          0x0000000004077c8c        0x0 ../painter_bsp/\libhal_bsp.a(alt_iic.o)
 .data          0x0000000004077c8c        0x0 ../painter_bsp/\libhal_bsp.a(alt_iic_isr_register.o)
 .data          0x0000000004077c8c        0x0 ../painter_bsp/\libhal_bsp.a(alt_irq_entry.o)
 .data          0x0000000004077c8c        0x0 ../painter_bsp/\libhal_bsp.a(alt_irq_handler.o)
 .data          0x0000000004077c8c        0x0 ../painter_bsp/\libhal_bsp.a(alt_irq_vars.o)
 .data          0x0000000004077c8c        0x0 ../painter_bsp/\libhal_bsp.a(alt_isatty.o)
 .data          0x0000000004077c8c        0x0 ../painter_bsp/\libhal_bsp.a(alt_lseek.o)
 .data          0x0000000004077c8c        0x0 ../painter_bsp/\libhal_bsp.a(alt_main.o)
 .data          0x0000000004077c8c        0x0 ../painter_bsp/\libhal_bsp.a(alt_malloc_lock.o)
 .data          0x0000000004077c8c        0x0 ../painter_bsp/\libhal_bsp.a(alt_read.o)
 .data          0x0000000004077c8c        0x0 ../painter_bsp/\libhal_bsp.a(alt_release_fd.o)
 .data          0x0000000004077c8c        0x0 ../painter_bsp/\libhal_bsp.a(alt_sbrk.o)
 .data          0x0000000004077c8c        0x0 ../painter_bsp/\libhal_bsp.a(alt_tick.o)
 .data          0x0000000004077c8c        0x0 ../painter_bsp/\libhal_bsp.a(alt_usleep.o)
 .data          0x0000000004077c8c        0x0 ../painter_bsp/\libhal_bsp.a(alt_write.o)
 .data          0x0000000004077c8c     0x1128 ../painter_bsp/\libhal_bsp.a(alt_sys_init.o)
 .data          0x0000000004078db4        0x0 ../painter_bsp/\libhal_bsp.a(altera_avalon_epcs_flash_controller.o)
 .data          0x0000000004078db4        0x0 ../painter_bsp/\libhal_bsp.a(altera_avalon_jtag_uart_fd.o)
 .data          0x0000000004078db4        0x0 ../painter_bsp/\libhal_bsp.a(altera_avalon_jtag_uart_init.o)
 .data          0x0000000004078db4        0x0 ../painter_bsp/\libhal_bsp.a(altera_avalon_jtag_uart_ioctl.o)
 .data          0x0000000004078db4        0x0 ../painter_bsp/\libhal_bsp.a(altera_avalon_jtag_uart_read.o)
 .data          0x0000000004078db4        0x0 ../painter_bsp/\libhal_bsp.a(altera_avalon_jtag_uart_write.o)
 .data          0x0000000004078db4        0x0 ../painter_bsp/\libhal_bsp.a(altera_avalon_timer_sc.o)
 .data          0x0000000004078db4        0x0 ../painter_bsp/\libhal_bsp.a(epcs_commands.o)
 .data          0x0000000004078db4        0x0 ../painter_bsp/\libhal_bsp.a(alt_alarm_start.o)
 .data          0x0000000004078db4        0x0 ../painter_bsp/\libhal_bsp.a(alt_busy_sleep.o)
 .data          0x0000000004078db4        0x0 ../painter_bsp/\libhal_bsp.a(alt_dev_llist_insert.o)
 .data          0x0000000004078db4        0x0 ../painter_bsp/\libhal_bsp.a(alt_do_ctors.o)
 .data          0x0000000004078db4        0x0 ../painter_bsp/\libhal_bsp.a(alt_do_dtors.o)
 .data          0x0000000004078db4        0x0 ../painter_bsp/\libhal_bsp.a(alt_exception_entry.o)
 .data          0x0000000004078db4        0x0 ../painter_bsp/\libhal_bsp.a(alt_flash_dev.o)
 .data          0x0000000004078db4        0x0 ../painter_bsp/\libhal_bsp.a(alt_io_redirect.o)
 .data          0x0000000004078db4        0x0 ../painter_bsp/\libhal_bsp.a(alt_open.o)
 .data          0x0000000004078db4        0x0 ../painter_bsp/\libhal_bsp.a(altera_nios2_qsys_irq.o)
 .data          0x0000000004078db4        0x0 ../painter_bsp/\libhal_bsp.a(altera_avalon_spi.o)
 .data          0x0000000004078db4        0x0 ../painter_bsp/\libhal_bsp.a(alt_find_dev.o)
 .data          0x0000000004078db4        0x0 ../painter_bsp/\libhal_bsp.a(alt_find_file.o)
 .data          0x0000000004078db4        0x0 ../painter_bsp/\libhal_bsp.a(alt_get_fd.o)
 .data          0x0000000004078db4        0x0 d:/altera_14.0.2/nios2eds/bin/gnu/h-x86_64-mingw32/bin/../lib/gcc/nios2-elf/4.7.3/../../../../../H-x86_64-mingw32/nios2-elf/lib/mno-hw-mul\libc.a(lib_a-atexit.o)
 .data          0x0000000004078db4        0x0 d:/altera_14.0.2/nios2eds/bin/gnu/h-x86_64-mingw32/bin/../lib/gcc/nios2-elf/4.7.3/../../../../../H-x86_64-mingw32/nios2-elf/lib/mno-hw-mul\libc.a(lib_a-exit.o)
 .data          0x0000000004078db4        0x0 d:/altera_14.0.2/nios2eds/bin/gnu/h-x86_64-mingw32/bin/../lib/gcc/nios2-elf/4.7.3/../../../../../H-x86_64-mingw32/nios2-elf/lib/mno-hw-mul\libc.a(lib_a-memcmp.o)
 .data          0x0000000004078db4        0x0 d:/altera_14.0.2/nios2eds/bin/gnu/h-x86_64-mingw32/bin/../lib/gcc/nios2-elf/4.7.3/../../../../../H-x86_64-mingw32/nios2-elf/lib/mno-hw-mul\libc.a(lib_a-__atexit.o)
 .data          0x0000000004078db4        0x0 d:/altera_14.0.2/nios2eds/bin/gnu/h-x86_64-mingw32/bin/../lib/gcc/nios2-elf/4.7.3/../../../../../H-x86_64-mingw32/nios2-elf/lib/mno-hw-mul\libc.a(lib_a-__call_atexit.o)
 .data          0x0000000004078db4        0x0 ../painter_bsp/\libhal_bsp.a(alt_exit.o)
                0x0000000004080db4                _gp = ABSOLUTE ((. + 0x8000))
                0x0000000004080db4                PROVIDE (gp, _gp)
 *(.rwdata .rwdata.*)
 *(.sdata .sdata.* .gnu.linkonce.s.*)
 .sdata         0x0000000004078db4        0x4 obj/default/graphic_lib/simple_graphics.o
                0x0000000004078db4                cour10_font
 .sdata         0x0000000004078db8        0x4 obj/default/gui.o
 .sdata         0x0000000004078dbc        0x4 d:/altera_14.0.2/nios2eds/bin/gnu/h-x86_64-mingw32/bin/../lib/gcc/nios2-elf/4.7.3/../../../../../H-x86_64-mingw32/nios2-elf/lib/mno-hw-mul\libm.a(lib_a-s_lib_ver.o)
                0x0000000004078dbc                __fdlib_version
 .sdata         0x0000000004078dc0        0x8 d:/altera_14.0.2/nios2eds/bin/gnu/h-x86_64-mingw32/bin/../lib/gcc/nios2-elf/4.7.3/../../../../../H-x86_64-mingw32/nios2-elf/lib/mno-hw-mul\libc.a(lib_a-impure.o)
                0x0000000004078dc0                _global_impure_ptr
                0x0000000004078dc4                _impure_ptr
 .sdata         0x0000000004078dc8        0x8 d:/altera_14.0.2/nios2eds/bin/gnu/h-x86_64-mingw32/bin/../lib/gcc/nios2-elf/4.7.3/../../../../../H-x86_64-mingw32/nios2-elf/lib/mno-hw-mul\libc.a(lib_a-mallocr.o)
                0x0000000004078dc8                __malloc_sbrk_base
                0x0000000004078dcc                __malloc_trim_threshold
 .sdata         0x0000000004078dd0        0x4 d:/altera_14.0.2/nios2eds/bin/gnu/h-x86_64-mingw32/bin/../lib/gcc/nios2-elf/4.7.3/../../../../../H-x86_64-mingw32/nios2-elf/lib/mno-hw-mul\libc.a(lib_a-locale.o)
                0x0000000004078dd0                __mb_cur_max
 .sdata         0x0000000004078dd4       0x14 ../painter_bsp/\libhal_bsp.a(alt_dev.o)
                0x0000000004078dd4                alt_fs_list
                0x0000000004078ddc                alt_dev_list
                0x0000000004078de4                alt_max_fd
 .sdata         0x0000000004078de8        0x4 ../painter_bsp/\libhal_bsp.a(alt_errno.o)
                0x0000000004078de8                alt_errno
 .sdata         0x0000000004078dec        0x4 ../painter_bsp/\libhal_bsp.a(alt_irq_vars.o)
                0x0000000004078dec                alt_priority_mask
 .sdata         0x0000000004078df0        0x4 ../painter_bsp/\libhal_bsp.a(alt_sbrk.o)
 .sdata         0x0000000004078df4        0x8 ../painter_bsp/\libhal_bsp.a(alt_tick.o)
                0x0000000004078df4                alt_alarm_list
 .sdata         0x0000000004078dfc        0x8 ../painter_bsp/\libhal_bsp.a(alt_flash_dev.o)
                0x0000000004078dfc                alt_flash_dev_list
 *(.sdata2 .sdata2.* .gnu.linkonce.s2.*)
                0x0000000004078e04                . = ALIGN (0x4)
                0x0000000004078e04                _edata = ABSOLUTE (.)
                0x0000000004078e04                PROVIDE (edata, ABSOLUTE (.))
                0x0000000004078e04                PROVIDE (__ram_rwdata_end, ABSOLUTE (.))
                0x0000000004075714                PROVIDE (__flash_rwdata_start, LOADADDR (.rwdata))

.bss            0x0000000004078e04      0x2f0
                0x0000000004078e04                __bss_start = ABSOLUTE (.)
                0x0000000004078e04                PROVIDE (__sbss_start, ABSOLUTE (.))
                0x0000000004078e04                PROVIDE (___sbss_start, ABSOLUTE (.))
 *(.dynsbss)
 *(.sbss .sbss.* .gnu.linkonce.sb.*)
 .sbss          0x0000000004078e04        0x4 obj/default/gui.o
 .sbss          0x0000000004078e08        0xc d:/altera_14.0.2/nios2eds/bin/gnu/h-x86_64-mingw32/bin/../lib/gcc/nios2-elf/4.7.3/../../../../../H-x86_64-mingw32/nios2-elf/lib/mno-hw-mul\libc.a(lib_a-mallocr.o)
                0x0000000004078e08                __malloc_max_total_mem
                0x0000000004078e0c                __malloc_max_sbrked_mem
                0x0000000004078e10                __malloc_top_pad
 .sbss          0x0000000004078e14        0x4 d:/altera_14.0.2/nios2eds/bin/gnu/h-x86_64-mingw32/bin/../lib/gcc/nios2-elf/4.7.3/../../../../../H-x86_64-mingw32/nios2-elf/lib/mno-hw-mul\libc.a(lib_a-int_errno.o)
                0x0000000004078e14                errno
 .sbss          0x0000000004078e18        0xc d:/altera_14.0.2/nios2eds/bin/gnu/h-x86_64-mingw32/bin/../lib/gcc/nios2-elf/4.7.3/../../../../../H-x86_64-mingw32/nios2-elf/lib/mno-hw-mul\libc.a(lib_a-locale.o)
                0x0000000004078e18                _PathLocale
                0x0000000004078e1c                __mlocale_changed
                0x0000000004078e20                __nlocale_changed
 .sbss          0x0000000004078e24        0x4 ../painter_bsp/\libhal_bsp.a(alt_irq_vars.o)
                0x0000000004078e24                alt_irq_active
 .sbss          0x0000000004078e28        0xc ../painter_bsp/\libhal_bsp.a(alt_main.o)
                0x0000000004078e28                alt_argc
                0x0000000004078e2c                alt_argv
                0x0000000004078e30                alt_envp
 .sbss          0x0000000004078e34        0x8 ../painter_bsp/\libhal_bsp.a(alt_tick.o)
                0x0000000004078e34                _alt_tick_rate
                0x0000000004078e38                _alt_nticks
 *(.sbss2 .sbss2.* .gnu.linkonce.sb2.*)
 *(.scommon)
                0x0000000004078e3c                PROVIDE (__sbss_end, ABSOLUTE (.))
                0x0000000004078e3c                PROVIDE (___sbss_end, ABSOLUTE (.))
 *(.dynbss)
 *(.bss .bss.* .gnu.linkonce.b.*)
 .bss           0x0000000004078e3c        0x0 ../painter_bsp//obj/HAL/src/crt0.o
 .bss           0x0000000004078e3c        0x0 obj/default/fonts/tahomabold_20.o
 .bss           0x0000000004078e3c        0x0 obj/default/fonts/tahomabold_32.o
 .bss           0x0000000004078e3c        0x0 obj/default/geometry.o
 .bss           0x0000000004078e3c        0x0 obj/default/gesture.o
 .bss           0x0000000004078e3c        0x0 obj/default/graphic_lib/simple_graphics.o
 .bss           0x0000000004078e3c        0x0 obj/default/graphic_lib/simple_text.o
 .bss           0x0000000004078e3c        0x0 obj/default/gui.o
 .bss           0x0000000004078e3c        0x0 obj/default/gui_vpg.o
 .bss           0x0000000004078e3c        0x0 obj/default/main.o
 .bss           0x0000000004078e3c        0x0 obj/default/terasic_lib/I2C.o
 .bss           0x0000000004078e3c        0x0 obj/default/terasic_lib/I2C_core.o
 .bss           0x0000000004078e3c        0x0 obj/default/terasic_lib/debug.o
 .bss           0x0000000004078e3c        0x0 obj/default/terasic_lib/multi_touch2.o
 .bss           0x0000000004078e3c        0x0 obj/default/terasic_lib/queue.o
 .bss           0x0000000004078e3c        0x0 obj/default/vip_fr.o
 .bss           0x0000000004078e3c        0x0 d:/altera_14.0.2/nios2eds/bin/gnu/h-x86_64-mingw32/bin/../lib/gcc/nios2-elf/4.7.3/../../../../../H-x86_64-mingw32/nios2-elf/lib/mno-hw-mul\libm.a(lib_a-w_sqrt.o)
 .bss           0x0000000004078e3c        0x0 d:/altera_14.0.2/nios2eds/bin/gnu/h-x86_64-mingw32/bin/../lib/gcc/nios2-elf/4.7.3/../../../../../H-x86_64-mingw32/nios2-elf/lib/mno-hw-mul\libm.a(lib_a-e_sqrt.o)
 .bss           0x0000000004078e3c        0x0 d:/altera_14.0.2/nios2eds/bin/gnu/h-x86_64-mingw32/bin/../lib/gcc/nios2-elf/4.7.3/../../../../../H-x86_64-mingw32/nios2-elf/lib/mno-hw-mul\libm.a(lib_a-s_isnand.o)
 .bss           0x0000000004078e3c        0x0 d:/altera_14.0.2/nios2eds/bin/gnu/h-x86_64-mingw32/bin/../lib/gcc/nios2-elf/4.7.3/../../../../../H-x86_64-mingw32/nios2-elf/lib/mno-hw-mul\libm.a(lib_a-s_lib_ver.o)
 .bss           0x0000000004078e3c        0x0 d:/altera_14.0.2/nios2eds/bin/gnu/h-x86_64-mingw32/bin/../lib/gcc/nios2-elf/4.7.3/../../../../../H-x86_64-mingw32/nios2-elf/lib/mno-hw-mul\libm.a(lib_a-s_matherr.o)
 .bss           0x0000000004078e3c        0x0 d:/altera_14.0.2/nios2eds/bin/gnu/h-x86_64-mingw32/bin/../lib/gcc/nios2-elf/4.7.3/mno-hw-mul\libgcc.a(_addsub_df.o)
 .bss           0x0000000004078e3c        0x0 d:/altera_14.0.2/nios2eds/bin/gnu/h-x86_64-mingw32/bin/../lib/gcc/nios2-elf/4.7.3/mno-hw-mul\libgcc.a(_mul_df.o)
 .bss           0x0000000004078e3c        0x0 d:/altera_14.0.2/nios2eds/bin/gnu/h-x86_64-mingw32/bin/../lib/gcc/nios2-elf/4.7.3/mno-hw-mul\libgcc.a(_div_df.o)
 .bss           0x0000000004078e3c        0x0 d:/altera_14.0.2/nios2eds/bin/gnu/h-x86_64-mingw32/bin/../lib/gcc/nios2-elf/4.7.3/mno-hw-mul\libgcc.a(_lt_df.o)
 .bss           0x0000000004078e3c        0x0 d:/altera_14.0.2/nios2eds/bin/gnu/h-x86_64-mingw32/bin/../lib/gcc/nios2-elf/4.7.3/mno-hw-mul\libgcc.a(_si_to_df.o)
 .bss           0x0000000004078e3c        0x0 d:/altera_14.0.2/nios2eds/bin/gnu/h-x86_64-mingw32/bin/../lib/gcc/nios2-elf/4.7.3/mno-hw-mul\libgcc.a(_df_to_si.o)
 .bss           0x0000000004078e3c        0x0 d:/altera_14.0.2/nios2eds/bin/gnu/h-x86_64-mingw32/bin/../lib/gcc/nios2-elf/4.7.3/mno-hw-mul\libgcc.a(_thenan_df.o)
 .bss           0x0000000004078e3c        0x0 d:/altera_14.0.2/nios2eds/bin/gnu/h-x86_64-mingw32/bin/../lib/gcc/nios2-elf/4.7.3/mno-hw-mul\libgcc.a(lib2-divmod.o)
 .bss           0x0000000004078e3c        0x0 d:/altera_14.0.2/nios2eds/bin/gnu/h-x86_64-mingw32/bin/../lib/gcc/nios2-elf/4.7.3/mno-hw-mul\libgcc.a(lib2-mul.o)
 .bss           0x0000000004078e3c        0x0 d:/altera_14.0.2/nios2eds/bin/gnu/h-x86_64-mingw32/bin/../lib/gcc/nios2-elf/4.7.3/mno-hw-mul\libgcc.a(_muldi3.o)
 .bss           0x0000000004078e3c        0x0 d:/altera_14.0.2/nios2eds/bin/gnu/h-x86_64-mingw32/bin/../lib/gcc/nios2-elf/4.7.3/mno-hw-mul\libgcc.a(_clzsi2.o)
 .bss           0x0000000004078e3c        0x0 d:/altera_14.0.2/nios2eds/bin/gnu/h-x86_64-mingw32/bin/../lib/gcc/nios2-elf/4.7.3/mno-hw-mul\libgcc.a(_pack_df.o)
 .bss           0x0000000004078e3c        0x0 d:/altera_14.0.2/nios2eds/bin/gnu/h-x86_64-mingw32/bin/../lib/gcc/nios2-elf/4.7.3/mno-hw-mul\libgcc.a(_unpack_df.o)
 .bss           0x0000000004078e3c        0x0 d:/altera_14.0.2/nios2eds/bin/gnu/h-x86_64-mingw32/bin/../lib/gcc/nios2-elf/4.7.3/mno-hw-mul\libgcc.a(_fpcmp_parts_df.o)
 .bss           0x0000000004078e3c        0x0 d:/altera_14.0.2/nios2eds/bin/gnu/h-x86_64-mingw32/bin/../lib/gcc/nios2-elf/4.7.3/mno-hw-mul\libgcc.a(_lshrdi3.o)
 .bss           0x0000000004078e3c        0x0 d:/altera_14.0.2/nios2eds/bin/gnu/h-x86_64-mingw32/bin/../lib/gcc/nios2-elf/4.7.3/mno-hw-mul\libgcc.a(_ashldi3.o)
 .bss           0x0000000004078e3c        0x0 d:/altera_14.0.2/nios2eds/bin/gnu/h-x86_64-mingw32/bin/../lib/gcc/nios2-elf/4.7.3/mno-hw-mul\libgcc.a(_clz.o)
 .bss           0x0000000004078e3c        0x0 d:/altera_14.0.2/nios2eds/bin/gnu/h-x86_64-mingw32/bin/../lib/gcc/nios2-elf/4.7.3/../../../../../H-x86_64-mingw32/nios2-elf/lib/mno-hw-mul\libc.a(lib_a-errno.o)
 .bss           0x0000000004078e3c        0x0 d:/altera_14.0.2/nios2eds/bin/gnu/h-x86_64-mingw32/bin/../lib/gcc/nios2-elf/4.7.3/../../../../../H-x86_64-mingw32/nios2-elf/lib/mno-hw-mul\libc.a(lib_a-impure.o)
 .bss           0x0000000004078e3c        0x0 d:/altera_14.0.2/nios2eds/bin/gnu/h-x86_64-mingw32/bin/../lib/gcc/nios2-elf/4.7.3/../../../../../H-x86_64-mingw32/nios2-elf/lib/mno-hw-mul\libc.a(lib_a-malloc.o)
 .bss           0x0000000004078e3c       0x28 d:/altera_14.0.2/nios2eds/bin/gnu/h-x86_64-mingw32/bin/../lib/gcc/nios2-elf/4.7.3/../../../../../H-x86_64-mingw32/nios2-elf/lib/mno-hw-mul\libc.a(lib_a-mallocr.o)
                0x0000000004078e3c                __malloc_current_mallinfo
 .bss           0x0000000004078e64        0x0 d:/altera_14.0.2/nios2eds/bin/gnu/h-x86_64-mingw32/bin/../lib/gcc/nios2-elf/4.7.3/../../../../../H-x86_64-mingw32/nios2-elf/lib/mno-hw-mul\libc.a(lib_a-memcpy.o)
 .bss           0x0000000004078e64        0x0 d:/altera_14.0.2/nios2eds/bin/gnu/h-x86_64-mingw32/bin/../lib/gcc/nios2-elf/4.7.3/../../../../../H-x86_64-mingw32/nios2-elf/lib/mno-hw-mul\libc.a(lib_a-memset.o)
 .bss           0x0000000004078e64        0x0 d:/altera_14.0.2/nios2eds/bin/gnu/h-x86_64-mingw32/bin/../lib/gcc/nios2-elf/4.7.3/../../../../../H-x86_64-mingw32/nios2-elf/lib/mno-hw-mul\libc.a(lib_a-printf.o)
 .bss           0x0000000004078e64        0x0 d:/altera_14.0.2/nios2eds/bin/gnu/h-x86_64-mingw32/bin/../lib/gcc/nios2-elf/4.7.3/../../../../../H-x86_64-mingw32/nios2-elf/lib/mno-hw-mul\libc.a(lib_a-putchar.o)
 .bss           0x0000000004078e64        0x0 d:/altera_14.0.2/nios2eds/bin/gnu/h-x86_64-mingw32/bin/../lib/gcc/nios2-elf/4.7.3/../../../../../H-x86_64-mingw32/nios2-elf/lib/mno-hw-mul\libc.a(lib_a-puts.o)
 .bss           0x0000000004078e64        0x0 d:/altera_14.0.2/nios2eds/bin/gnu/h-x86_64-mingw32/bin/../lib/gcc/nios2-elf/4.7.3/../../../../../H-x86_64-mingw32/nios2-elf/lib/mno-hw-mul\libc.a(lib_a-sbrkr.o)
 .bss           0x0000000004078e64        0x0 d:/altera_14.0.2/nios2eds/bin/gnu/h-x86_64-mingw32/bin/../lib/gcc/nios2-elf/4.7.3/../../../../../H-x86_64-mingw32/nios2-elf/lib/mno-hw-mul\libc.a(lib_a-sprintf.o)
 .bss           0x0000000004078e64        0x0 d:/altera_14.0.2/nios2eds/bin/gnu/h-x86_64-mingw32/bin/../lib/gcc/nios2-elf/4.7.3/../../../../../H-x86_64-mingw32/nios2-elf/lib/mno-hw-mul\libc.a(lib_a-strcpy.o)
 .bss           0x0000000004078e64        0x0 d:/altera_14.0.2/nios2eds/bin/gnu/h-x86_64-mingw32/bin/../lib/gcc/nios2-elf/4.7.3/../../../../../H-x86_64-mingw32/nios2-elf/lib/mno-hw-mul\libc.a(lib_a-strlen.o)
 .bss           0x0000000004078e64        0x0 d:/altera_14.0.2/nios2eds/bin/gnu/h-x86_64-mingw32/bin/../lib/gcc/nios2-elf/4.7.3/../../../../../H-x86_64-mingw32/nios2-elf/lib/mno-hw-mul\libc.a(lib_a-vfprintf.o)
 .bss           0x0000000004078e64        0x0 d:/altera_14.0.2/nios2eds/bin/gnu/h-x86_64-mingw32/bin/../lib/gcc/nios2-elf/4.7.3/../../../../../H-x86_64-mingw32/nios2-elf/lib/mno-hw-mul\libc.a(lib_a-vsnprintf.o)
 .bss           0x0000000004078e64        0x0 d:/altera_14.0.2/nios2eds/bin/gnu/h-x86_64-mingw32/bin/../lib/gcc/nios2-elf/4.7.3/../../../../../H-x86_64-mingw32/nios2-elf/lib/mno-hw-mul\libc.a(lib_a-wsetup.o)
 .bss           0x0000000004078e64        0x0 d:/altera_14.0.2/nios2eds/bin/gnu/h-x86_64-mingw32/bin/../lib/gcc/nios2-elf/4.7.3/../../../../../H-x86_64-mingw32/nios2-elf/lib/mno-hw-mul\libc.a(lib_a-dtoa.o)
 .bss           0x0000000004078e64        0x0 d:/altera_14.0.2/nios2eds/bin/gnu/h-x86_64-mingw32/bin/../lib/gcc/nios2-elf/4.7.3/../../../../../H-x86_64-mingw32/nios2-elf/lib/mno-hw-mul\libc.a(lib_a-fflush.o)
 .bss           0x0000000004078e64        0x0 d:/altera_14.0.2/nios2eds/bin/gnu/h-x86_64-mingw32/bin/../lib/gcc/nios2-elf/4.7.3/../../../../../H-x86_64-mingw32/nios2-elf/lib/mno-hw-mul\libc.a(lib_a-findfp.o)
 .bss           0x0000000004078e64        0x0 d:/altera_14.0.2/nios2eds/bin/gnu/h-x86_64-mingw32/bin/../lib/gcc/nios2-elf/4.7.3/../../../../../H-x86_64-mingw32/nios2-elf/lib/mno-hw-mul\libc.a(lib_a-freer.o)
 .bss           0x0000000004078e64        0x0 d:/altera_14.0.2/nios2eds/bin/gnu/h-x86_64-mingw32/bin/../lib/gcc/nios2-elf/4.7.3/../../../../../H-x86_64-mingw32/nios2-elf/lib/mno-hw-mul\libc.a(lib_a-fvwrite.o)
 .bss           0x0000000004078e64        0x0 d:/altera_14.0.2/nios2eds/bin/gnu/h-x86_64-mingw32/bin/../lib/gcc/nios2-elf/4.7.3/../../../../../H-x86_64-mingw32/nios2-elf/lib/mno-hw-mul\libc.a(lib_a-fwalk.o)
 .bss           0x0000000004078e64        0x0 d:/altera_14.0.2/nios2eds/bin/gnu/h-x86_64-mingw32/bin/../lib/gcc/nios2-elf/4.7.3/../../../../../H-x86_64-mingw32/nios2-elf/lib/mno-hw-mul\libc.a(lib_a-int_errno.o)
 .bss           0x0000000004078e64        0x0 d:/altera_14.0.2/nios2eds/bin/gnu/h-x86_64-mingw32/bin/../lib/gcc/nios2-elf/4.7.3/../../../../../H-x86_64-mingw32/nios2-elf/lib/mno-hw-mul\libc.a(lib_a-locale.o)
 .bss           0x0000000004078e64        0x0 d:/altera_14.0.2/nios2eds/bin/gnu/h-x86_64-mingw32/bin/../lib/gcc/nios2-elf/4.7.3/../../../../../H-x86_64-mingw32/nios2-elf/lib/mno-hw-mul\libc.a(lib_a-makebuf.o)
 .bss           0x0000000004078e64        0x0 d:/altera_14.0.2/nios2eds/bin/gnu/h-x86_64-mingw32/bin/../lib/gcc/nios2-elf/4.7.3/../../../../../H-x86_64-mingw32/nios2-elf/lib/mno-hw-mul\libc.a(lib_a-memchr.o)
 .bss           0x0000000004078e64        0x0 d:/altera_14.0.2/nios2eds/bin/gnu/h-x86_64-mingw32/bin/../lib/gcc/nios2-elf/4.7.3/../../../../../H-x86_64-mingw32/nios2-elf/lib/mno-hw-mul\libc.a(lib_a-memmove.o)
 .bss           0x0000000004078e64        0x0 d:/altera_14.0.2/nios2eds/bin/gnu/h-x86_64-mingw32/bin/../lib/gcc/nios2-elf/4.7.3/../../../../../H-x86_64-mingw32/nios2-elf/lib/mno-hw-mul\libc.a(lib_a-mprec.o)
 .bss           0x0000000004078e64        0x0 d:/altera_14.0.2/nios2eds/bin/gnu/h-x86_64-mingw32/bin/../lib/gcc/nios2-elf/4.7.3/../../../../../H-x86_64-mingw32/nios2-elf/lib/mno-hw-mul\libc.a(lib_a-putc.o)
 .bss           0x0000000004078e64        0x0 d:/altera_14.0.2/nios2eds/bin/gnu/h-x86_64-mingw32/bin/../lib/gcc/nios2-elf/4.7.3/../../../../../H-x86_64-mingw32/nios2-elf/lib/mno-hw-mul\libc.a(lib_a-reallocr.o)
 .bss           0x0000000004078e64        0x0 d:/altera_14.0.2/nios2eds/bin/gnu/h-x86_64-mingw32/bin/../lib/gcc/nios2-elf/4.7.3/../../../../../H-x86_64-mingw32/nios2-elf/lib/mno-hw-mul\libc.a(lib_a-s_isinfd.o)
 .bss           0x0000000004078e64        0x0 d:/altera_14.0.2/nios2eds/bin/gnu/h-x86_64-mingw32/bin/../lib/gcc/nios2-elf/4.7.3/../../../../../H-x86_64-mingw32/nios2-elf/lib/mno-hw-mul\libc.a(lib_a-stdio.o)
 .bss           0x0000000004078e64        0x0 d:/altera_14.0.2/nios2eds/bin/gnu/h-x86_64-mingw32/bin/../lib/gcc/nios2-elf/4.7.3/../../../../../H-x86_64-mingw32/nios2-elf/lib/mno-hw-mul\libc.a(lib_a-strcmp.o)
 .bss           0x0000000004078e64        0x0 d:/altera_14.0.2/nios2eds/bin/gnu/h-x86_64-mingw32/bin/../lib/gcc/nios2-elf/4.7.3/../../../../../H-x86_64-mingw32/nios2-elf/lib/mno-hw-mul\libc.a(lib_a-wbuf.o)
 .bss           0x0000000004078e64        0x0 d:/altera_14.0.2/nios2eds/bin/gnu/h-x86_64-mingw32/bin/../lib/gcc/nios2-elf/4.7.3/../../../../../H-x86_64-mingw32/nios2-elf/lib/mno-hw-mul\libc.a(lib_a-writer.o)
 .bss           0x0000000004078e64        0x0 d:/altera_14.0.2/nios2eds/bin/gnu/h-x86_64-mingw32/bin/../lib/gcc/nios2-elf/4.7.3/../../../../../H-x86_64-mingw32/nios2-elf/lib/mno-hw-mul\libc.a(lib_a-callocr.o)
 .bss           0x0000000004078e64        0x0 d:/altera_14.0.2/nios2eds/bin/gnu/h-x86_64-mingw32/bin/../lib/gcc/nios2-elf/4.7.3/../../../../../H-x86_64-mingw32/nios2-elf/lib/mno-hw-mul\libc.a(lib_a-closer.o)
 .bss           0x0000000004078e64        0x0 d:/altera_14.0.2/nios2eds/bin/gnu/h-x86_64-mingw32/bin/../lib/gcc/nios2-elf/4.7.3/../../../../../H-x86_64-mingw32/nios2-elf/lib/mno-hw-mul\libc.a(lib_a-fclose.o)
 .bss           0x0000000004078e64        0x0 d:/altera_14.0.2/nios2eds/bin/gnu/h-x86_64-mingw32/bin/../lib/gcc/nios2-elf/4.7.3/../../../../../H-x86_64-mingw32/nios2-elf/lib/mno-hw-mul\libc.a(lib_a-fstatr.o)
 .bss           0x0000000004078e64        0x0 d:/altera_14.0.2/nios2eds/bin/gnu/h-x86_64-mingw32/bin/../lib/gcc/nios2-elf/4.7.3/../../../../../H-x86_64-mingw32/nios2-elf/lib/mno-hw-mul\libc.a(lib_a-isattyr.o)
 .bss           0x0000000004078e64        0x0 d:/altera_14.0.2/nios2eds/bin/gnu/h-x86_64-mingw32/bin/../lib/gcc/nios2-elf/4.7.3/../../../../../H-x86_64-mingw32/nios2-elf/lib/mno-hw-mul\libc.a(lib_a-lseekr.o)
 .bss           0x0000000004078e64        0x0 d:/altera_14.0.2/nios2eds/bin/gnu/h-x86_64-mingw32/bin/../lib/gcc/nios2-elf/4.7.3/../../../../../H-x86_64-mingw32/nios2-elf/lib/mno-hw-mul\libc.a(lib_a-readr.o)
 .bss           0x0000000004078e64        0x0 d:/altera_14.0.2/nios2eds/bin/gnu/h-x86_64-mingw32/bin/../lib/gcc/nios2-elf/4.7.3/mno-hw-mul\libgcc.a(_udivdi3.o)
 .bss           0x0000000004078e64        0x0 d:/altera_14.0.2/nios2eds/bin/gnu/h-x86_64-mingw32/bin/../lib/gcc/nios2-elf/4.7.3/mno-hw-mul\libgcc.a(_umoddi3.o)
 .bss           0x0000000004078e64        0x0 d:/altera_14.0.2/nios2eds/bin/gnu/h-x86_64-mingw32/bin/../lib/gcc/nios2-elf/4.7.3/mno-hw-mul\libgcc.a(_eq_df.o)
 .bss           0x0000000004078e64        0x0 d:/altera_14.0.2/nios2eds/bin/gnu/h-x86_64-mingw32/bin/../lib/gcc/nios2-elf/4.7.3/mno-hw-mul\libgcc.a(_ne_df.o)
 .bss           0x0000000004078e64        0x0 d:/altera_14.0.2/nios2eds/bin/gnu/h-x86_64-mingw32/bin/../lib/gcc/nios2-elf/4.7.3/mno-hw-mul\libgcc.a(_gt_df.o)
 .bss           0x0000000004078e64        0x0 d:/altera_14.0.2/nios2eds/bin/gnu/h-x86_64-mingw32/bin/../lib/gcc/nios2-elf/4.7.3/mno-hw-mul\libgcc.a(_ge_df.o)
 .bss           0x0000000004078e64        0x0 d:/altera_14.0.2/nios2eds/bin/gnu/h-x86_64-mingw32/bin/../lib/gcc/nios2-elf/4.7.3/mno-hw-mul\libgcc.a(_usi_to_df.o)
 .bss           0x0000000004078e64        0x0 ../painter_bsp/\libhal_bsp.a(alt_close.o)
 .bss           0x0000000004078e64        0x0 ../painter_bsp/\libhal_bsp.a(alt_dcache_flush_all.o)
 .bss           0x0000000004078e64        0x0 ../painter_bsp/\libhal_bsp.a(alt_dev.o)
 .bss           0x0000000004078e64        0x0 ../painter_bsp/\libhal_bsp.a(alt_errno.o)
 .bss           0x0000000004078e64        0x0 ../painter_bsp/\libhal_bsp.a(alt_fstat.o)
 .bss           0x0000000004078e64        0x0 ../painter_bsp/\libhal_bsp.a(alt_iic.o)