Archive member included because of file (symbol)

d:/altera162/13.1/nios2eds/bin/gnu/h-i686-mingw32/bin/../lib/gcc/nios2-elf/4.7.3/../../../../../H-i686-mingw32/nios2-elf/lib/mno-hw-mul\libm.a(lib_a-w_sqrt.o)
                              obj/default/geometry.o (sqrt)
d:/altera162/13.1/nios2eds/bin/gnu/h-i686-mingw32/bin/../lib/gcc/nios2-elf/4.7.3/../../../../../H-i686-mingw32/nios2-elf/lib/mno-hw-mul\libm.a(lib_a-e_sqrt.o)
                              d:/altera162/13.1/nios2eds/bin/gnu/h-i686-mingw32/bin/../lib/gcc/nios2-elf/4.7.3/../../../../../H-i686-mingw32/nios2-elf/lib/mno-hw-mul\libm.a(lib_a-w_sqrt.o) (__ieee754_sqrt)
d:/altera162/13.1/nios2eds/bin/gnu/h-i686-mingw32/bin/../lib/gcc/nios2-elf/4.7.3/../../../../../H-i686-mingw32/nios2-elf/lib/mno-hw-mul\libm.a(lib_a-s_isnand.o)
                              d:/altera162/13.1/nios2eds/bin/gnu/h-i686-mingw32/bin/../lib/gcc/nios2-elf/4.7.3/../../../../../H-i686-mingw32/nios2-elf/lib/mno-hw-mul\libm.a(lib_a-w_sqrt.o) (__isnand)
d:/altera162/13.1/nios2eds/bin/gnu/h-i686-mingw32/bin/../lib/gcc/nios2-elf/4.7.3/../../../../../H-i686-mingw32/nios2-elf/lib/mno-hw-mul\libm.a(lib_a-s_lib_ver.o)
                              d:/altera162/13.1/nios2eds/bin/gnu/h-i686-mingw32/bin/../lib/gcc/nios2-elf/4.7.3/../../../../../H-i686-mingw32/nios2-elf/lib/mno-hw-mul\libm.a(lib_a-w_sqrt.o) (__fdlib_version)
d:/altera162/13.1/nios2eds/bin/gnu/h-i686-mingw32/bin/../lib/gcc/nios2-elf/4.7.3/../../../../../H-i686-mingw32/nios2-elf/lib/mno-hw-mul\libm.a(lib_a-s_matherr.o)
                              d:/altera162/13.1/nios2eds/bin/gnu/h-i686-mingw32/bin/../lib/gcc/nios2-elf/4.7.3/../../../../../H-i686-mingw32/nios2-elf/lib/mno-hw-mul\libm.a(lib_a-w_sqrt.o) (matherr)
d:/altera162/13.1/nios2eds/bin/gnu/h-i686-mingw32/bin/../lib/gcc/nios2-elf/4.7.3/mno-hw-mul\libgcc.a(_addsub_df.o)
                              d:/altera162/13.1/nios2eds/bin/gnu/h-i686-mingw32/bin/../lib/gcc/nios2-elf/4.7.3/../../../../../H-i686-mingw32/nios2-elf/lib/mno-hw-mul\libm.a(lib_a-e_sqrt.o) (__adddf3)
d:/altera162/13.1/nios2eds/bin/gnu/h-i686-mingw32/bin/../lib/gcc/nios2-elf/4.7.3/mno-hw-mul\libgcc.a(_mul_df.o)
                              d:/altera162/13.1/nios2eds/bin/gnu/h-i686-mingw32/bin/../lib/gcc/nios2-elf/4.7.3/../../../../../H-i686-mingw32/nios2-elf/lib/mno-hw-mul\libm.a(lib_a-e_sqrt.o) (__muldf3)
d:/altera162/13.1/nios2eds/bin/gnu/h-i686-mingw32/bin/../lib/gcc/nios2-elf/4.7.3/mno-hw-mul\libgcc.a(_div_df.o)
                              d:/altera162/13.1/nios2eds/bin/gnu/h-i686-mingw32/bin/../lib/gcc/nios2-elf/4.7.3/../../../../../H-i686-mingw32/nios2-elf/lib/mno-hw-mul\libm.a(lib_a-w_sqrt.o) (__divdf3)
d:/altera162/13.1/nios2eds/bin/gnu/h-i686-mingw32/bin/../lib/gcc/nios2-elf/4.7.3/mno-hw-mul\libgcc.a(_lt_df.o)
                              d:/altera162/13.1/nios2eds/bin/gnu/h-i686-mingw32/bin/../lib/gcc/nios2-elf/4.7.3/../../../../../H-i686-mingw32/nios2-elf/lib/mno-hw-mul\libm.a(lib_a-w_sqrt.o) (__ltdf2)
d:/altera162/13.1/nios2eds/bin/gnu/h-i686-mingw32/bin/../lib/gcc/nios2-elf/4.7.3/mno-hw-mul\libgcc.a(_si_to_df.o)
                              obj/default/geometry.o (__floatsidf)
d:/altera162/13.1/nios2eds/bin/gnu/h-i686-mingw32/bin/../lib/gcc/nios2-elf/4.7.3/mno-hw-mul\libgcc.a(_df_to_si.o)
                              obj/default/geometry.o (__fixdfsi)
d:/altera162/13.1/nios2eds/bin/gnu/h-i686-mingw32/bin/../lib/gcc/nios2-elf/4.7.3/mno-hw-mul\libgcc.a(_thenan_df.o)
                              d:/altera162/13.1/nios2eds/bin/gnu/h-i686-mingw32/bin/../lib/gcc/nios2-elf/4.7.3/mno-hw-mul\libgcc.a(_addsub_df.o) (__thenan_df)
d:/altera162/13.1/nios2eds/bin/gnu/h-i686-mingw32/bin/../lib/gcc/nios2-elf/4.7.3/mno-hw-mul\libgcc.a(lib2-divmod.o)
                              obj/default/graphic_lib/simple_text.o (__divsi3)
d:/altera162/13.1/nios2eds/bin/gnu/h-i686-mingw32/bin/../lib/gcc/nios2-elf/4.7.3/mno-hw-mul\libgcc.a(lib2-mul.o)
                              obj/default/geometry.o (__mulsi3)
d:/altera162/13.1/nios2eds/bin/gnu/h-i686-mingw32/bin/../lib/gcc/nios2-elf/4.7.3/mno-hw-mul\libgcc.a(_muldi3.o)
                              d:/altera162/13.1/nios2eds/bin/gnu/h-i686-mingw32/bin/../lib/gcc/nios2-elf/4.7.3/mno-hw-mul\libgcc.a(_mul_df.o) (__muldi3)
d:/altera162/13.1/nios2eds/bin/gnu/h-i686-mingw32/bin/../lib/gcc/nios2-elf/4.7.3/mno-hw-mul\libgcc.a(_clzsi2.o)
                              d:/altera162/13.1/nios2eds/bin/gnu/h-i686-mingw32/bin/../lib/gcc/nios2-elf/4.7.3/mno-hw-mul\libgcc.a(_si_to_df.o) (__clzsi2)
d:/altera162/13.1/nios2eds/bin/gnu/h-i686-mingw32/bin/../lib/gcc/nios2-elf/4.7.3/mno-hw-mul\libgcc.a(_pack_df.o)
                              d:/altera162/13.1/nios2eds/bin/gnu/h-i686-mingw32/bin/../lib/gcc/nios2-elf/4.7.3/mno-hw-mul\libgcc.a(_addsub_df.o) (__pack_d)
d:/altera162/13.1/nios2eds/bin/gnu/h-i686-mingw32/bin/../lib/gcc/nios2-elf/4.7.3/mno-hw-mul\libgcc.a(_unpack_df.o)
[...]
Memory Configuration

Name             Origin             Length             Attributes
reset            0x00000000         0x00000020
sdram            0x00000020         0x01ffffe0
*default*        0x00000000         0xffffffff

Linker script and memory map

LOAD ../painter_bsp//obj/HAL/src/crt0.o
LOAD obj/default/fonts/tahomabold_20.o
LOAD obj/default/fonts/tahomabold_32.o
LOAD obj/default/geometry.o
LOAD obj/default/gesture.o
LOAD obj/default/graphic_lib/simple_graphics.o
LOAD obj/default/graphic_lib/simple_text.o
LOAD obj/default/gui.o
LOAD obj/default/gui_vpg.o
LOAD obj/default/main.o
LOAD obj/default/terasic_lib/I2C.o
LOAD obj/default/terasic_lib/I2C_core.o
LOAD obj/default/terasic_lib/debug.o
LOAD obj/default/terasic_lib/multi_touch2.o
LOAD obj/default/terasic_lib/queue.o
LOAD obj/default/vip_fr.o
LOAD d:/altera162/13.1/nios2eds/bin/gnu/h-i686-mingw32/bin/../lib/gcc/nios2-elf/4.7.3/../../../../../H-i686-mingw32/nios2-elf/lib/mno-hw-mul\libstdc++.a
LOAD d:/altera162/13.1/nios2eds/bin/gnu/h-i686-mingw32/bin/../lib/gcc/nios2-elf/4.7.3/../../../../../H-i686-mingw32/nios2-elf/lib/mno-hw-mul\libm.a
LOAD d:/altera162/13.1/nios2eds/bin/gnu/h-i686-mingw32/bin/../lib/gcc/nios2-elf/4.7.3/mno-hw-mul\libgcc.a
START GROUP
LOAD d:/altera162/13.1/nios2eds/bin/gnu/h-i686-mingw32/bin/../lib/gcc/nios2-elf/4.7.3/../../../../../H-i686-mingw32/nios2-elf/lib/mno-hw-mul\libc.a
LOAD d:/altera162/13.1/nios2eds/bin/gnu/h-i686-mingw32/bin/../lib/gcc/nios2-elf/4.7.3/mno-hw-mul\libgcc.a
LOAD ../painter_bsp/\libhal_bsp.a
END GROUP
LOAD d:/altera162/13.1/nios2eds/bin/gnu/h-i686-mingw32/bin/../lib/gcc/nios2-elf/4.7.3/mno-hw-mul\libgcc.a
                0x00000000                __alt_mem_sdram = 0x0

.entry          0x00000000       0x20
 *(.entry)
 .entry         0x00000000       0x20 ../painter_bsp//obj/HAL/src/crt0.o
                0x00000000                __reset

.exceptions     0x00000020      0x198
                0x00000020                PROVIDE (__ram_exceptions_start, ABSOLUTE (.))
                0x00000020                . = ALIGN (0x20)
 *(.irq)
 *(.exceptions.entry.label)
 .exceptions.entry.label
                0x00000020        0x0 ../painter_bsp/\libhal_bsp.a(alt_irq_entry.o)
                0x00000020                alt_irq_entry
 .exceptions.entry.label
                0x00000020        0x0 ../painter_bsp/\libhal_bsp.a(alt_exception_entry.o)
                0x00000020                alt_exception
 *(.exceptions.entry.user)
 *(.exceptions.entry.ecc_fatal)
 *(.exceptions.entry)
 .exceptions.entry
                0x00000020       0x54 ../painter_bsp/\libhal_bsp.a(alt_exception_entry.o)
 *(.exceptions.irqtest.user)
 *(.exceptions.irqtest)
 .exceptions.irqtest
                0x00000074       0x10 ../painter_bsp/\libhal_bsp.a(alt_irq_entry.o)
 *(.exceptions.irqhandler.user)
 *(.exceptions.irqhandler)
 .exceptions.irqhandler
                0x00000084        0x4 ../painter_bsp/\libhal_bsp.a(alt_irq_entry.o)
 *(.exceptions.irqreturn.user)
 *(.exceptions.irqreturn)
 .exceptions.irqreturn
                0x00000088        0x4 ../painter_bsp/\libhal_bsp.a(alt_irq_entry.o)
 *(.exceptions.notirq.label)
 .exceptions.notirq.label
                0x0000008c        0x0 ../painter_bsp/\libhal_bsp.a(alt_irq_entry.o)
 *(.exceptions.notirq.user)
 *(.exceptions.notirq)
 .exceptions.notirq
                0x0000008c        0x8 ../painter_bsp/\libhal_bsp.a(alt_exception_entry.o)
 *(.exceptions.soft.user)
 *(.exceptions.soft)
 *(.exceptions.unknown.user)
 *(.exceptions.unknown)
 .exceptions.unknown
                0x00000094        0x4 ../painter_bsp/\libhal_bsp.a(alt_exception_entry.o)
 *(.exceptions.exit.label)
 .exceptions.exit.label
                0x00000098        0x0 ../painter_bsp/\libhal_bsp.a(alt_irq_entry.o)
 .exceptions.exit.label
                0x00000098        0x0 ../painter_bsp/\libhal_bsp.a(alt_exception_entry.o)
 *(.exceptions.exit.user)
 *(.exceptions.exit)
 .exceptions.exit
                0x00000098       0x54 ../painter_bsp/\libhal_bsp.a(alt_exception_entry.o)
 *(.exceptions)
 .exceptions    0x000000ec       0xcc ../painter_bsp/\libhal_bsp.a(alt_irq_handler.o)
                0x000000ec                alt_irq_handler
                0x000001b8                PROVIDE (__ram_exceptions_end, ABSOLUTE (.))
                0x00000020                PROVIDE (__flash_exceptions_start, LOADADDR (.exceptions))

.text           0x000001b8    0x156e0
                0x000001b8                PROVIDE (stext, ABSOLUTE (.))
 *(.interp)
 *(.hash)
 *(.dynsym)
 *(.dynstr)
 *(.gnu.version)
 *(.gnu.version_d)
 *(.gnu.version_r)
 *(.rel.init)
 *(.rela.init)
 *(.rel.text .rel.text.* .rel.gnu.linkonce.t.*)
 *(.rela.text .rela.text.* .rela.gnu.linkonce.t.*)
 *(.rel.fini)
 *(.rela.fini)
 *(.rel.rodata .rel.rodata.* .rel.gnu.linkonce.r.*)
 *(.rela.rodata .rela.rodata.* .rela.gnu.linkonce.r.*)
 *(.rel.data .rel.data.* .rel.gnu.linkonce.d.*)
 *(.rela.data .rela.data.* .rela.gnu.linkonce.d.*)
 *(.rel.tdata .rel.tdata.* .rel.gnu.linkonce.td.*)
 *(.rela.tdata .rela.tdata.* .rela.gnu.linkonce.td.*)
 *(.rel.tbss .rel.tbss.* .rel.gnu.linkonce.tb.*)
 *(.rela.tbss .rela.tbss.* .rela.gnu.linkonce.tb.*)
 *(.rel.ctors)
 *(.rela.ctors)
 *(.rel.dtors)
 *(.rela.dtors)
 *(.rel.got)
 *(.rela.got)
 *(.rel.sdata .rel.sdata.* .rel.gnu.linkonce.s.*)
 *(.rela.sdata .rela.sdata.* .rela.gnu.linkonce.s.*)
 *(.rel.sbss .rel.sbss.* .rel.gnu.linkonce.sb.*)
 *(.rela.sbss .rela.sbss.* .rela.gnu.linkonce.sb.*)
 *(.rel.sdata2 .rel.sdata2.* .rel.gnu.linkonce.s2.*)
 *(.rela.sdata2 .rela.sdata2.* .rela.gnu.linkonce.s2.*)
 *(.rel.sbss2 .rel.sbss2.* .rel.gnu.linkonce.sb2.*)
 *(.rela.sbss2 .rela.sbss2.* .rela.gnu.linkonce.sb2.*)
 *(.rel.bss .rel.bss.* .rel.gnu.linkonce.b.*)
 *(.rela.bss .rela.bss.* .rela.gnu.linkonce.b.*)
 *(.rel.plt)
 *(.rela.plt)
 *(.rel.dyn)
 *(.init)
 *(.plt)
 *(.text .stub .text.* .gnu.linkonce.t.*)
 .text          0x000001b8       0x4c ../painter_bsp//obj/HAL/src/crt0.o
                0x000001b8                _start
 .text          0x00000204        0x0 obj/default/fonts/tahomabold_20.o
 .text          0x00000204        0x0 obj/default/fonts/tahomabold_32.o
 .text          0x00000204      0x400 obj/default/geometry.o
                0x00000204                IsPtInRect
                0x00000288                PtSet
                0x000002c8                RectSet
                0x00000324                RectInflate
                0x000003ac                RectOffset
                0x00000434                RectCopy
                0x00000498                RectWidth
                0x000004cc                RectHeight
                0x00000500                PtDistance
                0x000005c0                PtCopy
 .text          0x00000604        0x0 obj/default/gesture.o
 .text          0x00000604     0x2ec8 obj/default/graphic_lib/simple_graphics.o
                0x00000604                vid_clean_screen
                0x00000664                vid_draw_line
                0x00000730                vid_scroll_string_quit
                0x00000770                vid_scroll_string_init
                0x000008c4                vid_scroll_string
                0x00000c54                vid_move_block
                0x00000d70                vid_print_string
                0x00000e78                vid_draw_box
                0x00000fc8                vid_print_char
                0x000010c0                vid_set_pixel
                0x0000124c                vid_get_pixel
                0x000012c8                vid_paint_block
                0x00001528                vid_draw_horiz_line
                0x00001824                vid_merge_colors
                0x00001870                vid_color_convert24_16
                0x00001910                vid_color_convert16_24
                0x0000197c                vid_copy_line_to_frame_buffer
                0x00001c3c                vid_draw_sloped_line
                0x00001ea0                vid_draw_circle
                0x00001fe0                vid_draw_round_corner_box
                0x0000239c                vid_round_corner_points
                0x00002af4                max3
                0x00002b48                min3
                0x00002b9c                max_diff3
                0x00002c00                vid_put_pixel_in_span_map
                0x00002cf0                vid_bres_scan_edges
                0x00002f28                vid_draw_triangle
                0x000032bc                CopyImage16
                0x00003398                CropImage16
 .text          0x000034cc      0xc7c obj/default/graphic_lib/simple_text.o
                0x000034cc                vid_print_string_alpha
                0x00003728                seperate_color_channels
                0x0000387c                merge_color_channels
                0x000039c4                read_from_frame
                0x00003c10                alpha_blending
                0x00003ea8                vid_print_char_alpha
                0x00004068                vid_string_pixel_length_alpha
 .text          0x00004148     0x165c obj/default/gui.o
                0x00004148                GUI_DeskInit
                0x00004348                GUI_CheckButton
                0x000043dc                GUI_DeskDraw
                0x00004984                IsContinuedPoint
                0x00004a10                GUI_ShowGesture
                0x00004d18                GUI_TraceGesture
                0x00004d60                GUI_ClearPaintArea
                0x00004e24                GUI
                0x000056d8                GUI_ShowInfo
                0x00005744                GUI_ShowTouchPoint
 .text          0x000057a4      0x8c8 obj/default/gui_vpg.o
                0x000057a4                ShowInfo
                0x00005804                VPG_XLine
                0x000058bc                VPG_ColorPanel
                0x00005960                VPG_Grid
                0x00005a6c                VPG_VGrid
                0x00005b60                VPG_HGrid
                0x00005c54                VPG_ColorBar
                0x00005db8                GUI_ShowPAT
                0x00005f38                GUI_VPG
 .text          0x0000606c       0xcc obj/default/main.o
                0x0000606c                main
 .text          0x00006138     0x1128 obj/default/terasic_lib/I2C.o
                0x00006138                my_wait
                0x00006178                I2C_Write
                0x00006274                I2C_Write16
                0x000063b4                I2C_Read
                0x000064cc                I2C_Read16
                0x00006644                I2C_MultipleRead
                0x000067c0                i2c_start
                0x00006844                i2c_stop
                0x000068bc                i2c_write
                0x00006a00                i2c_read
                0x00006b50                I2CL_Write
                0x00006c90                I2CL_Read
                0x00006df8                I2CL_MultipleRead
                0x00006fb8                I2CL_MultipleWrite
                0x00007134                I2CL_Read16
                0x000071d4                I2CL_Write16
 .text          0x00007260      0xa98 obj/default/terasic_lib/I2C_core.o
                0x00007260                Write32_Data
                0x000072b4                Read32_Data
                0x0000730c                oc_i2c_init
                0x00007400                ACK_single_check
                0x0000748c                ACK_check
                0x000074f4                OC_I2C_Write
                0x000076f0                ACK_judge_for_read
                0x00007754                OC_I2C_Read
                0x00007904                OC_I2CL_Write
                0x00007adc                OC_I2CL_Read
 .text          0x00007cf8      0x1b0 obj/default/terasic_lib/debug.o
                0x00007cf8                debug_output
                0x00007d28                myprintf
                0x00007d94                myprintf_hexarray
                0x00007e1c                myprintf_dwordarray
 .text          0x00007ea8      0x6a8 obj/default/terasic_lib/multi_touch2.o
                0x0000827c                MTC2_Init
                0x00008370                MTC2_UnInit
                0x000083b8                MTC2_GetStatus
                0x00008518                MTC2_ClearEvent
 .text          0x00008550      0x298 obj/default/terasic_lib/queue.o
                0x00008550                QUEUE_New
                0x000085c0                QUEUE_Delete
                0x000085f0                QUEUE_IsEmpty
                0x00008630                QUEUE_IsFull
                0x00008694                QUEUE_Push
                0x00008728                QUEUE_Pop
                0x000087b8                QUEUE_Empty
 .text          0x000087e8      0x5f0 obj/default/vip_fr.o
                0x000087e8                VIPFR_Init
                0x000088c0                VIPFR_UnInit
                0x000088f8                VIPFR_SetFrameSize
                0x00008a00                VIPFR_Go
                0x00008a3c                VIPFR_GetDrawFrame
                0x00008a80                VIPFR_ActiveDrawFrame
                0x00008b08                DRAW_EraseScreen
                0x00008b98                FrameReader_SetFrame0
                0x00008c24                FrameReader_SetFrame1
                0x00008cb0                FrameReader_SelectFrame
                0x00008ce8                FrameReader_Go
                0x00008d20                VIPFR_ReserveBackground
 .text          0x00008dd8      0x148 d:/altera162/13.1/nios2eds/bin/gnu/h-i686-mingw32/bin/../lib/gcc/nios2-elf/4.7.3/../../../../../H-i686-mingw32/nios2-elf/lib/mno-hw-mul\libm.a(lib_a-w_sqrt.o)
                0x00008dd8                sqrt
 .text          0x00008f20      0x2c4 d:/altera162/13.1/nios2eds/bin/gnu/h-i686-mingw32/bin/../lib/gcc/nios2-elf/4.7.3/../../../../../H-i686-mingw32/nios2-elf/lib/mno-hw-mul\libm.a(lib_a-e_sqrt.o)
                0x00008f20                __ieee754_sqrt
 .text          0x000091e4       0x2c d:/altera162/13.1/nios2eds/bin/gnu/h-i686-mingw32/bin/../lib/gcc/nios2-elf/4.7.3/../../../../../H-i686-mingw32/nios2-elf/lib/mno-hw-mul\libm.a(lib_a-s_isnand.o)
                0x000091e4                __isnand
 .text          0x00009210        0x0 d:/altera162/13.1/nios2eds/bin/gnu/h-i686-mingw32/bin/../lib/gcc/nios2-elf/4.7.3/../../../../../H-i686-mingw32/nios2-elf/lib/mno-hw-mul\libm.a(lib_a-s_lib_ver.o)
 .text          0x00009210        0x8 d:/altera162/13.1/nios2eds/bin/gnu/h-i686-mingw32/bin/../lib/gcc/nios2-elf/4.7.3/../../../../../H-i686-mingw32/nios2-elf/lib/mno-hw-mul\libm.a(lib_a-s_matherr.o)
                0x00009210                matherr
 .text          0x00009218      0x408 d:/altera162/13.1/nios2eds/bin/gnu/h-i686-mingw32/bin/../lib/gcc/nios2-elf/4.7.3/mno-hw-mul\libgcc.a(_addsub_df.o)
                0x0000956c                __adddf3
                0x000095c0                __subdf3
 .text          0x00009620      0x2e4 d:/altera162/13.1/nios2eds/bin/gnu/h-i686-mingw32/bin/../lib/gcc/nios2-elf/4.7.3/mno-hw-mul\libgcc.a(_mul_df.o)
                0x00009620                __muldf3
 .text          0x00009904      0x1b4 d:/altera162/13.1/nios2eds/bin/gnu/h-i686-mingw32/bin/../lib/gcc/nios2-elf/4.7.3/mno-hw-mul\libgcc.a(_div_df.o)
                0x00009904                __divdf3
 .text          0x00009ab8       0x5c d:/altera162/13.1/nios2eds/bin/gnu/h-i686-mingw32/bin/../lib/gcc/nios2-elf/4.7.3/mno-hw-mul\libgcc.a(_lt_df.o)
                0x00009ab8                __ltdf2
 .text          0x00009b14       0xd4 d:/altera162/13.1/nios2eds/bin/gnu/h-i686-mingw32/bin/../lib/gcc/nios2-elf/4.7.3/mno-hw-mul\libgcc.a(_si_to_df.o)
                0x00009b14                __floatsidf
 .text          0x00009be8       0xd4 d:/altera162/13.1/nios2eds/bin/gnu/h-i686-mingw32/bin/../lib/gcc/nios2-elf/4.7.3/mno-hw-mul\libgcc.a(_df_to_si.o)
                0x00009be8                __fixdfsi
 .text          0x00009cbc        0x0 d:/altera162/13.1/nios2eds/bin/gnu/h-i686-mingw32/bin/../lib/gcc/nios2-elf/4.7.3/mno-hw-mul\libgcc.a(_thenan_df.o)
 .text          0x00009cbc      0x130 d:/altera162/13.1/nios2eds/bin/gnu/h-i686-mingw32/bin/../lib/gcc/nios2-elf/4.7.3/mno-hw-mul\libgcc.a(lib2-divmod.o)
                0x00009d30                __divsi3
                0x00009d80                __modsi3
                0x00009ddc                __udivsi3
                0x00009de4                __umodsi3
 .text          0x00009dec       0x28 d:/altera162/13.1/nios2eds/bin/gnu/h-i686-mingw32/bin/../lib/gcc/nios2-elf/4.7.3/mno-hw-mul\libgcc.a(lib2-mul.o)
                0x00009dec                __mulsi3
 .text          0x00009e14      0x110 d:/altera162/13.1/nios2eds/bin/gnu/h-i686-mingw32/bin/../lib/gcc/nios2-elf/4.7.3/mno-hw-mul\libgcc.a(_muldi3.o)
                0x00009e14                __muldi3
 .text          0x00009f24       0xac d:/altera162/13.1/nios2eds/bin/gnu/h-i686-mingw32/bin/../lib/gcc/nios2-elf/4.7.3/mno-hw-mul\libgcc.a(_clzsi2.o)
                0x00009f24                __clzsi2
 .text          0x00009fd0      0x224 d:/altera162/13.1/nios2eds/bin/gnu/h-i686-mingw32/bin/../lib/gcc/nios2-elf/4.7.3/mno-hw-mul\libgcc.a(_pack_df.o)
                0x00009fd0                __pack_d
 .text          0x0000a1f4      0x104 d:/altera162/13.1/nios2eds/bin/gnu/h-i686-mingw32/bin/../lib/gcc/nios2-elf/4.7.3/mno-hw-mul\libgcc.a(_unpack_df.o)
                0x0000a1f4                __unpack_d
 .text          0x0000a2f8       0xd0 d:/altera162/13.1/nios2eds/bin/gnu/h-i686-mingw32/bin/../lib/gcc/nios2-elf/4.7.3/mno-hw-mul\libgcc.a(_fpcmp_parts_df.o)
                0x0000a2f8                __fpcmp_parts_d
 .text          0x0000a3c8       0x44 d:/altera162/13.1/nios2eds/bin/gnu/h-i686-mingw32/bin/../lib/gcc/nios2-elf/4.7.3/mno-hw-mul\libgcc.a(_lshrdi3.o)
                0x0000a3c8                __lshrdi3
 .text          0x0000a40c       0x44 d:/altera162/13.1/nios2eds/bin/gnu/h-i686-mingw32/bin/../lib/gcc/nios2-elf/4.7.3/mno-hw-mul\libgcc.a(_ashldi3.o)
                0x0000a40c                __ashldi3
 .text          0x0000a450        0x0 d:/altera162/13.1/nios2eds/bin/gnu/h-i686-mingw32/bin/../lib/gcc/nios2-elf/4.7.3/mno-hw-mul\libgcc.a(_clz.o)
 .text          0x0000a450       0x10 d:/altera162/13.1/nios2eds/bin/gnu/h-i686-mingw32/bin/../lib/gcc/nios2-elf/4.7.3/../../../../../H-i686-mingw32/nios2-elf/lib/mno-hw-mul\libc.a(lib_a-errno.o)
                0x0000a450                __errno
 .text          0x0000a460        0x0 d:/altera162/13.1/nios2eds/bin/gnu/h-i686-mingw32/bin/../lib/gcc/nios2-elf/4.7.3/../../../../../H-i686-mingw32/nios2-elf/lib/mno-hw-mul\libc.a(lib_a-impure.o)
 .text          0x0000a460       0x28 d:/altera162/13.1/nios2eds/bin/gnu/h-i686-mingw32/bin/../lib/gcc/nios2-elf/4.7.3/../../../../../H-i686-mingw32/nios2-elf/lib/mno-hw-mul\libc.a(lib_a-malloc.o)
                0x0000a460                malloc
                0x0000a474                free
 .text          0x0000a488      0x784 d:/altera162/13.1/nios2eds/bin/gnu/h-i686-mingw32/bin/../lib/gcc/nios2-elf/4.7.3/../../../../../H-i686-mingw32/nios2-elf/lib/mno-hw-mul\libc.a(lib_a-mallocr.o)
                0x0000a488                _malloc_r
 .text          0x0000ac0c      0x140 d:/altera162/13.1/nios2eds/bin/gnu/h-i686-mingw32/bin/../lib/gcc/nios2-elf/4.7.3/../../../../../H-i686-mingw32/nios2-elf/lib/mno-hw-mul\libc.a(lib_a-memcpy.o)
                0x0000ac0c                memcpy
 .text          0x0000ad4c       0xdc d:/altera162/13.1/nios2eds/bin/gnu/h-i686-mingw32/bin/../lib/gcc/nios2-elf/4.7.3/../../../../../H-i686-mingw32/nios2-elf/lib/mno-hw-mul\libc.a(lib_a-memset.o)
                0x0000ad4c                memset
 .text          0x0000ae28       0x68 d:/altera162/13.1/nios2eds/bin/gnu/h-i686-mingw32/bin/../lib/gcc/nios2-elf/4.7.3/../../../../../H-i686-mingw32/nios2-elf/lib/mno-hw-mul\libc.a(lib_a-printf.o)
                0x0000ae28                _printf_r
                0x0000ae54                printf
 .text          0x0000ae90       0x24 d:/altera162/13.1/nios2eds/bin/gnu/h-i686-mingw32/bin/../lib/gcc/nios2-elf/4.7.3/../../../../../H-i686-mingw32/nios2-elf/lib/mno-hw-mul\libc.a(lib_a-putchar.o)
                0x0000ae90                _putchar_r
                0x0000ae98                putchar
 .text          0x0000aeb4       0x98 d:/altera162/13.1/nios2eds/bin/gnu/h-i686-mingw32/bin/../lib/gcc/nios2-elf/4.7.3/../../../../../H-i686-mingw32/nios2-elf/lib/mno-hw-mul\libc.a(lib_a-puts.o)
                0x0000aeb4                _puts_r
                0x0000af38                puts
 .text          0x0000af4c       0x64 d:/altera162/13.1/nios2eds/bin/gnu/h-i686-mingw32/bin/../lib/gcc/nios2-elf/4.7.3/../../../../../H-i686-mingw32/nios2-elf/lib/mno-hw-mul\libc.a(lib_a-sbrkr.o)
                0x0000af4c                _sbrk_r
 .text          0x0000afb0       0xc4 d:/altera162/13.1/nios2eds/bin/gnu/h-i686-mingw32/bin/../lib/gcc/nios2-elf/4.7.3/../../../../../H-i686-mingw32/nios2-elf/lib/mno-hw-mul\libc.a(lib_a-sprintf.o)
                0x0000afb0                _sprintf_r
                0x0000b008                sprintf
 .text          0x0000b074       0x94 d:/altera162/13.1/nios2eds/bin/gnu/h-i686-mingw32/bin/../lib/gcc/nios2-elf/4.7.3/../../../../../H-i686-mingw32/nios2-elf/lib/mno-hw-mul\libc.a(lib_a-strcpy.o)
                0x0000b074                strcpy
 .text          0x0000b108       0x8c d:/altera162/13.1/nios2eds/bin/gnu/h-i686-mingw32/bin/../lib/gcc/nios2-elf/4.7.3/../../../../../H-i686-mingw32/nios2-elf/lib/mno-hw-mul\libc.a(lib_a-strlen.o)
                0x0000b108                strlen
 .text          0x0000b194     0x1ed4 d:/altera162/13.1/nios2eds/bin/gnu/h-i686-mingw32/bin/../lib/gcc/nios2-elf/4.7.3/../../../../../H-i686-mingw32/nios2-elf/lib/mno-hw-mul\libc.a(lib_a-vfprintf.o)
                0x0000b1c8                ___vfprintf_internal_r
                0x0000d044                __vfprintf_internal
 .text          0x0000d068       0xec d:/altera162/13.1/nios2eds/bin/gnu/h-i686-mingw32/bin/../lib/gcc/nios2-elf/4.7.3/../../../../../H-i686-mingw32/nios2-elf/lib/mno-hw-mul\libc.a(lib_a-vsnprintf.o)
                0x0000d068                _vsnprintf_r
                0x0000d114                vsnprintf
 .text          0x0000d154      0x174 d:/altera162/13.1/nios2eds/bin/gnu/h-i686-mingw32/bin/../lib/gcc/nios2-elf/4.7.3/../../../../../H-i686-mingw32/nios2-elf/lib/mno-hw-mul\libc.a(lib_a-wsetup.o)
                0x0000d154                __swsetup_r
 .text          0x0000d2c8     0x1858 d:/altera162/13.1/nios2eds/bin/gnu/h-i686-mingw32/bin/../lib/gcc/nios2-elf/4.7.3/../../../../../H-i686-mingw32/nios2-elf/lib/mno-hw-mul\libc.a(lib_a-dtoa.o)
                0x0000d504                _dtoa_r
 .text          0x0000eb20      0x218 d:/altera162/13.1/nios2eds/bin/gnu/h-i686-mingw32/bin/../lib/gcc/nios2-elf/4.7.3/../../../../../H-i686-mingw32/nios2-elf/lib/mno-hw-mul\libc.a(lib_a-fflush.o)
                0x0000eb20                _fflush_r
                0x0000ed08                fflush
 .text          0x0000ed38      0x2ec d:/altera162/13.1/nios2eds/bin/gnu/h-i686-mingw32/bin/../lib/gcc/nios2-elf/4.7.3/../../../../../H-i686-mingw32/nios2-elf/lib/mno-hw-mul\libc.a(lib_a-findfp.o)
                0x0000ed48                _cleanup_r
                0x0000ed54                __sfmoreglue
                0x0000edcc                _cleanup
                0x0000eddc                __sinit
                0x0000eee8                __sfp
                0x0000efe4                __sfp_lock_acquire
                0x0000efe8                __sfp_lock_release
                0x0000efec                __sinit_lock_acquire
                0x0000eff0                __sinit_lock_release
                0x0000eff4                __fp_lock_all
                0x0000f00c                __fp_unlock_all
 .text          0x0000f024      0x40c d:/altera162/13.1/nios2eds/bin/gnu/h-i686-mingw32/bin/../lib/gcc/nios2-elf/4.7.3/../../../../../H-i686-mingw32/nios2-elf/lib/mno-hw-mul\libc.a(lib_a-freer.o)
                0x0000f024                _malloc_trim_r
                0x0000f160                _free_r
 .text          0x0000f430      0x4e4 d:/altera162/13.1/nios2eds/bin/gnu/h-i686-mingw32/bin/../lib/gcc/nios2-elf/4.7.3/../../../../../H-i686-mingw32/nios2-elf/lib/mno-hw-mul\libc.a(lib_a-fvwrite.o)
                0x0000f430                __sfvwrite_r
 .text          0x0000f914      0x160 d:/altera162/13.1/nios2eds/bin/gnu/h-i686-mingw32/bin/../lib/gcc/nios2-elf/4.7.3/../../../../../H-i686-mingw32/nios2-elf/lib/mno-hw-mul\libc.a(lib_a-fwalk.o)
                0x0000f914                _fwalk
                0x0000f9bc                _fwalk_reent
 .text          0x0000fa74        0x0 d:/altera162/13.1/nios2eds/bin/gnu/h-i686-mingw32/bin/../lib/gcc/nios2-elf/4.7.3/../../../../../H-i686-mingw32/nios2-elf/lib/mno-hw-mul\libc.a(lib_a-int_errno.o)
 .text          0x0000fa74       0xdc d:/altera162/13.1/nios2eds/bin/gnu/h-i686-mingw32/bin/../lib/gcc/nios2-elf/4.7.3/../../../../../H-i686-mingw32/nios2-elf/lib/mno-hw-mul\libc.a(lib_a-locale.o)
                0x0000fa74                _setlocale_r
                0x0000fb10                __locale_charset
                0x0000fb1c                _localeconv_r
                0x0000fb28                setlocale
                0x0000fb44                localeconv
 .text          0x0000fb50      0x1a8 d:/altera162/13.1/nios2eds/bin/gnu/h-i686-mingw32/bin/../lib/gcc/nios2-elf/4.7.3/../../../../../H-i686-mingw32/nios2-elf/lib/mno-hw-mul\libc.a(lib_a-makebuf.o)
                0x0000fb50                __smakebuf_r
 .text          0x0000fcf8       0xf8 d:/altera162/13.1/nios2eds/bin/gnu/h-i686-mingw32/bin/../lib/gcc/nios2-elf/4.7.3/../../../../../H-i686-mingw32/nios2-elf/lib/mno-hw-mul\libc.a(lib_a-memchr.o)
                0x0000fcf8                memchr
 .text          0x0000fdf0      0x18c d:/altera162/13.1/nios2eds/bin/gnu/h-i686-mingw32/bin/../lib/gcc/nios2-elf/4.7.3/../../../../../H-i686-mingw32/nios2-elf/lib/mno-hw-mul\libc.a(lib_a-memmove.o)
                0x0000fdf0                memmove
 .text          0x0000ff7c     0x1050 d:/altera162/13.1/nios2eds/bin/gnu/h-i686-mingw32/bin/../lib/gcc/nios2-elf/4.7.3/../../../../../H-i686-mingw32/nios2-elf/lib/mno-hw-mul\libc.a(lib_a-mprec.o)
                0x0000ff7c                _Balloc
                0x00010024                _Bfree
                0x0001004c                __multadd
                0x00010190                __s2b
                0x00010294                __hi0bits
                0x000102fc                __lo0bits
                0x000103ac                __i2b
                0x000103e8                __multiply
                0x00010640                __pow5mult
                0x0001076c                __lshift
                0x000108c8                __mcmp
                0x00010920                __mdiff
                0x00010ac8                __ulp
                0x00010b28                __b2d
                0x00010c70                __d2b
                0x00010db4                __ratio
                0x00010e58                _mprec_log10
                0x00010ecc                __copybits
                0x00010f48                __any_on
 .text          0x00010fcc      0x1ac d:/altera162/13.1/nios2eds/bin/gnu/h-i686-mingw32/bin/../lib/gcc/nios2-elf/4.7.3/../../../../../H-i686-mingw32/nios2-elf/lib/mno-hw-mul\libc.a(lib_a-putc.o)
                0x00010fcc                _putc_r
                0x00011088                putc
 .text          0x00011178      0x5fc d:/altera162/13.1/nios2eds/bin/gnu/h-i686-mingw32/bin/../lib/gcc/nios2-elf/4.7.3/../../../../../H-i686-mingw32/nios2-elf/lib/mno-hw-mul\libc.a(lib_a-reallocr.o)
                0x00011178                _realloc_r
 .text          0x00011774       0x38 d:/altera162/13.1/nios2eds/bin/gnu/h-i686-mingw32/bin/../lib/gcc/nios2-elf/4.7.3/../../../../../H-i686-mingw32/nios2-elf/lib/mno-hw-mul\libc.a(lib_a-s_isinfd.o)
                0x00011774                __isinfd
 .text          0x000117ac      0x140 d:/altera162/13.1/nios2eds/bin/gnu/h-i686-mingw32/bin/../lib/gcc/nios2-elf/4.7.3/../../../../../H-i686-mingw32/nios2-elf/lib/mno-hw-mul\libc.a(lib_a-stdio.o)
                0x000117ac                __sread
                0x00011800                __swrite
                0x00011888                __sseek
                0x000118e4                __sclose
 .text          0x000118ec       0xa4 d:/altera162/13.1/nios2eds/bin/gnu/h-i686-mingw32/bin/../lib/gcc/nios2-elf/4.7.3/../../../../../H-i686-mingw32/nios2-elf/lib/mno-hw-mul\libc.a(lib_a-strcmp.o)
                0x000118ec                strcmp
 .text          0x00011990      0x158 d:/altera162/13.1/nios2eds/bin/gnu/h-i686-mingw32/bin/../lib/gcc/nios2-elf/4.7.3/../../../../../H-i686-mingw32/nios2-elf/lib/mno-hw-mul\libc.a(lib_a-wbuf.o)
                0x00011990                __swbuf_r
                0x00011acc                __swbuf
 .text          0x00011ae8       0x6c d:/altera162/13.1/nios2eds/bin/gnu/h-i686-mingw32/bin/../lib/gcc/nios2-elf/4.7.3/../../../../../H-i686-mingw32/nios2-elf/lib/mno-hw-mul\libc.a(lib_a-writer.o)
                0x00011ae8                _write_r
 .text          0x00011b54       0xcc d:/altera162/13.1/nios2eds/bin/gnu/h-i686-mingw32/bin/../lib/gcc/nios2-elf/4.7.3/../../../../../H-i686-mingw32/nios2-elf/lib/mno-hw-mul\libc.a(lib_a-callocr.o)
                0x00011b54                _calloc_r
 .text          0x00011c20       0x64 d:/altera162/13.1/nios2eds/bin/gnu/h-i686-mingw32/bin/../lib/gcc/nios2-elf/4.7.3/../../../../../H-i686-mingw32/nios2-elf/lib/mno-hw-mul\libc.a(lib_a-closer.o)
                0x00011c20                _close_r
 .text          0x00011c84      0x150 d:/altera162/13.1/nios2eds/bin/gnu/h-i686-mingw32/bin/../lib/gcc/nios2-elf/4.7.3/../../../../../H-i686-mingw32/nios2-elf/lib/mno-hw-mul\libc.a(lib_a-fclose.o)
                0x00011c84                _fclose_r
                0x00011dc0                fclose
 .text          0x00011dd4       0x68 d:/altera162/13.1/nios2eds/bin/gnu/h-i686-mingw32/bin/../lib/gcc/nios2-elf/4.7.3/../../../../../H-i686-mingw32/nios2-elf/lib/mno-hw-mul\libc.a(lib_a-fstatr.o)
                0x00011dd4                _fstat_r
 .text          0x00011e3c       0x64 d:/altera162/13.1/nios2eds/bin/gnu/h-i686-mingw32/bin/../lib/gcc/nios2-elf/4.7.3/../../../../../H-i686-mingw32/nios2-elf/lib/mno-hw-mul\libc.a(lib_a-isattyr.o)
                0x00011e3c                _isatty_r
 .text          0x00011ea0       0x6c d:/altera162/13.1/nios2eds/bin/gnu/h-i686-mingw32/bin/../lib/gcc/nios2-elf/4.7.3/../../../../../H-i686-mingw32/nios2-elf/lib/mno-hw-mul\libc.a(lib_a-lseekr.o)
                0x00011ea0                _lseek_r
 .text          0x00011f0c       0x6c d:/altera162/13.1/nios2eds/bin/gnu/h-i686-mingw32/bin/../lib/gcc/nios2-elf/4.7.3/../../../../../H-i686-mingw32/nios2-elf/lib/mno-hw-mul\libc.a(lib_a-readr.o)
                0x00011f0c                _read_r
 .text          0x00011f78      0x650 d:/altera162/13.1/nios2eds/bin/gnu/h-i686-mingw32/bin/../lib/gcc/nios2-elf/4.7.3/mno-hw-mul\libgcc.a(_udivdi3.o)
                0x00011f78                __udivdi3
 .text          0x000125c8      0x628 d:/altera162/13.1/nios2eds/bin/gnu/h-i686-mingw32/bin/../lib/gcc/nios2-elf/4.7.3/mno-hw-mul\libgcc.a(_umoddi3.o)
                0x000125c8                __umoddi3
 .text          0x00012bf0       0x5c d:/altera162/13.1/nios2eds/bin/gnu/h-i686-mingw32/bin/../lib/gcc/nios2-elf/4.7.3/mno-hw-mul\libgcc.a(_eq_df.o)
                0x00012bf0                __eqdf2
 .text          0x00012c4c       0x5c d:/altera162/13.1/nios2eds/bin/gnu/h-i686-mingw32/bin/../lib/gcc/nios2-elf/4.7.3/mno-hw-mul\libgcc.a(_ne_df.o)
                0x00012c4c                __nedf2
 .text          0x00012ca8       0x64 d:/altera162/13.1/nios2eds/bin/gnu/h-i686-mingw32/bin/../lib/gcc/nios2-elf/4.7.3/mno-hw-mul\libgcc.a(_gt_df.o)
                0x00012ca8                __gtdf2
 .text          0x00012d0c       0x64 d:/altera162/13.1/nios2eds/bin/gnu/h-i686-mingw32/bin/../lib/gcc/nios2-elf/4.7.3/mno-hw-mul\libgcc.a(_ge_df.o)
                0x00012d0c                __gedf2
 .text          0x00012d70      0x11c d:/altera162/13.1/nios2eds/bin/gnu/h-i686-mingw32/bin/../lib/gcc/nios2-elf/4.7.3/mno-hw-mul\libgcc.a(_usi_to_df.o)
                0x00012d70                __floatunsidf
 .text          0x00012e8c      0x11c ../painter_bsp/\libhal_bsp.a(alt_close.o)
                0x00012edc                close
 .text          0x00012fa8       0x44 ../painter_bsp/\libhal_bsp.a(alt_dcache_flush_all.o)
                0x00012fa8                alt_dcache_flush_all
 .text          0x00012fec       0x2c ../painter_bsp/\libhal_bsp.a(alt_dev.o)
 .text          0x00013018        0x0 ../painter_bsp/\libhal_bsp.a(alt_errno.o)
 .text          0x00013018      0x100 ../painter_bsp/\libhal_bsp.a(alt_fstat.o)
                0x00013068                fstat
 .text          0x00013118      0x1d8 ../painter_bsp/\libhal_bsp.a(alt_iic.o)
                0x00013118                alt_ic_isr_register
                0x00013168                alt_ic_irq_enable
                0x00013204                alt_ic_irq_disable
                0x000132a4                alt_ic_irq_enabled
 .text          0x000132f0       0xf0 ../painter_bsp/\libhal_bsp.a(alt_iic_isr_register.o)
                0x000132f0                alt_iic_isr_register
 .text          0x000133e0        0x0 ../painter_bsp/\libhal_bsp.a(alt_irq_entry.o)
 .text          0x000133e0        0x0 ../painter_bsp/\libhal_bsp.a(alt_irq_handler.o)
 .text          0x000133e0        0x0 ../painter_bsp/\libhal_bsp.a(alt_irq_vars.o)
 .text          0x000133e0       0xf4 ../painter_bsp/\libhal_bsp.a(alt_isatty.o)
                0x00013430                isatty
 .text          0x000134d4       0xec ../painter_bsp/\libhal_bsp.a(alt_load.o)
                0x00013540                alt_load
 .text          0x000135c0      0x124 ../painter_bsp/\libhal_bsp.a(alt_lseek.o)
                0x00013610                lseek
 .text          0x000136e4       0x78 ../painter_bsp/\libhal_bsp.a(alt_main.o)
                0x000136e4                alt_main
 .text          0x0001375c       0x40 ../painter_bsp/\libhal_bsp.a(alt_malloc_lock.o)
                0x0001375c                __malloc_lock
                0x0001377c                __malloc_unlock
 .text          0x0001379c      0x144 ../painter_bsp/\libhal_bsp.a(alt_read.o)
                0x000137ec                read
 .text          0x000138e0       0x80 ../painter_bsp/\libhal_bsp.a(alt_release_fd.o)
                0x000138e0                alt_release_fd
 .text          0x00013960       0xb0 ../painter_bsp/\libhal_bsp.a(alt_sbrk.o)
                0x00013960                sbrk
 .text          0x00013a10      0x19c ../painter_bsp/\libhal_bsp.a(alt_tick.o)
                0x00013a10                alt_alarm_stop
                0x00013aa8                alt_tick
 .text          0x00013bac       0x30 ../painter_bsp/\libhal_bsp.a(alt_usleep.o)
                0x00013bac                usleep
 .text          0x00013bdc      0x140 ../painter_bsp/\libhal_bsp.a(alt_write.o)
                0x00013c2c                write
 .text          0x00013d1c       0xc8 ../painter_bsp/\libhal_bsp.a(alt_sys_init.o)
                0x00013d54                alt_irq_init
                0x00013d88                alt_sys_init
 .text          0x00013de4      0x164 ../painter_bsp/\libhal_bsp.a(altera_avalon_jtag_uart_fd.o)
                0x00013de4                altera_avalon_jtag_uart_read_fd
                0x00013e44                altera_avalon_jtag_uart_write_fd
                0x00013ea4                altera_avalon_jtag_uart_close_fd
                0x00013ef4                altera_avalon_jtag_uart_ioctl_fd
 .text          0x00013f48      0x3d0 ../painter_bsp/\libhal_bsp.a(altera_avalon_jtag_uart_init.o)
                0x00013f48                altera_avalon_jtag_uart_init
                0x000142b0                altera_avalon_jtag_uart_close
 .text          0x00014318       0xf4 ../painter_bsp/\libhal_bsp.a(altera_avalon_jtag_uart_ioctl.o)
                0x00014318                altera_avalon_jtag_uart_ioctl
 .text          0x0001440c      0x218 ../painter_bsp/\libhal_bsp.a(altera_avalon_jtag_uart_read.o)
                0x0001440c                altera_avalon_jtag_uart_read
 .text          0x00014624      0x224 ../painter_bsp/\libhal_bsp.a(altera_avalon_jtag_uart_write.o)
                0x00014624                altera_avalon_jtag_uart_write
 .text          0x00014848       0xfc ../painter_bsp/\libhal_bsp.a(altera_avalon_timer_sc.o)
                0x000148bc                alt_avalon_timer_sc_init
 .text          0x00014944      0x140 ../painter_bsp/\libhal_bsp.a(alt_alarm_start.o)
                0x00014944                alt_alarm_start
 .text          0x00014a84      0x154 ../painter_bsp/\libhal_bsp.a(alt_busy_sleep.o)
                0x00014a84                alt_busy_sleep
 .text          0x00014bd8       0xf0 ../painter_bsp/\libhal_bsp.a(alt_dev_llist_insert.o)
                0x00014c28                alt_dev_llist_insert
 .text          0x00014cc8       0x5c ../painter_bsp/\libhal_bsp.a(alt_do_ctors.o)
                0x00014cc8                _do_ctors
 .text          0x00014d24       0x5c ../painter_bsp/\libhal_bsp.a(alt_do_dtors.o)
                0x00014d24                _do_dtors
 .text          0x00014d80        0x0 ../painter_bsp/\libhal_bsp.a(alt_exception_entry.o)
 .text          0x00014d80       0x30 ../painter_bsp/\libhal_bsp.a(alt_icache_flush_all.o)
                0x00014d80                alt_icache_flush_all
 .text          0x00014db0      0x158 ../painter_bsp/\libhal_bsp.a(alt_io_redirect.o)
                0x00014e90                alt_io_redirect
 .text          0x00014f08      0x298 ../painter_bsp/\libhal_bsp.a(alt_open.o)
                0x00015048                open
 .text          0x000151a0       0x20 ../painter_bsp/\libhal_bsp.a(altera_nios2_qsys_irq.o)
                0x000151a0                altera_nios2_qsys_irq_init
 .text          0x000151c0       0x90 ../painter_bsp/\libhal_bsp.a(alt_find_dev.o)
                0x000151c0                alt_find_dev
 .text          0x00015250      0x114 ../painter_bsp/\libhal_bsp.a(alt_find_file.o)
                0x00015250                alt_find_file
 .text          0x00015364       0xd4 ../painter_bsp/\libhal_bsp.a(alt_get_fd.o)
                0x00015364                alt_get_fd
 .text          0x00015438       0x8c ../painter_bsp/\libhal_bsp.a(alt_icache_flush.o)
                0x00015438                alt_icache_flush
 .text          0x000154c4       0x14 d:/altera162/13.1/nios2eds/bin/gnu/h-i686-mingw32/bin/../lib/gcc/nios2-elf/4.7.3/../../../../../H-i686-mingw32/nios2-elf/lib/mno-hw-mul\libc.a(lib_a-atexit.o)
                0x000154c4                atexit
 .text          0x000154d8       0x38 d:/altera162/13.1/nios2eds/bin/gnu/h-i686-mingw32/bin/../lib/gcc/nios2-elf/4.7.3/../../../../../H-i686-mingw32/nios2-elf/lib/mno-hw-mul\libc.a(lib_a-exit.o)
                0x000154d8                exit
 .text          0x00015510       0x7c d:/altera162/13.1/nios2eds/bin/gnu/h-i686-mingw32/bin/../lib/gcc/nios2-elf/4.7.3/../../../../../H-i686-mingw32/nios2-elf/lib/mno-hw-mul\libc.a(lib_a-memcmp.o)
                0x00015510                memcmp
 .text          0x0001558c      0x130 d:/altera162/13.1/nios2eds/bin/gnu/h-i686-mingw32/bin/../lib/gcc/nios2-elf/4.7.3/../../../../../H-i686-mingw32/nios2-elf/lib/mno-hw-mul\libc.a(lib_a-__atexit.o)
                0x0001558c                __register_exitproc
 .text          0x000156bc      0x1a0 d:/altera162/13.1/nios2eds/bin/gnu/h-i686-mingw32/bin/../lib/gcc/nios2-elf/4.7.3/../../../../../H-i686-mingw32/nios2-elf/lib/mno-hw-mul\libc.a(lib_a-__call_atexit.o)
                0x000156bc                __call_exitprocs
 .text          0x0001585c       0x3c ../painter_bsp/\libhal_bsp.a(alt_exit.o)
                0x0001585c                _exit
 *(.gnu.warning.*)
 *(.fini)
                0x00015898                PROVIDE (__etext, ABSOLUTE (.))
                0x00015898                PROVIDE (_etext, ABSOLUTE (.))
                0x00015898                PROVIDE (etext, ABSOLUTE (.))
 *(.eh_frame_hdr)
                0x00015898                . = ALIGN (0x4)
                0x00015898                PROVIDE (__preinit_array_start, ABSOLUTE (.))
 *(.preinit_array)
                0x00015898                PROVIDE (__preinit_array_end, ABSOLUTE (.))
                0x00015898                PROVIDE (__init_array_start, ABSOLUTE (.))
 *(.init_array)
                0x00015898                PROVIDE (__init_array_end, ABSOLUTE (.))
                0x00015898                PROVIDE (__fini_array_start, ABSOLUTE (.))
 *(.fini_array)
                0x00015898                PROVIDE (__fini_array_end, ABSOLUTE (.))
 *(.eh_frame)
 *(.gcc_except_table .gcc_except_table.*)
 *(.dynamic)
                0x00015898                PROVIDE (__CTOR_LIST__, ABSOLUTE (.))
 *(.ctors)
 *(SORT(.ctors.*))
                0x00015898                PROVIDE (__CTOR_END__, ABSOLUTE (.))
                0x00015898                PROVIDE (__DTOR_LIST__, ABSOLUTE (.))
 *(.dtors)
 *(SORT(.dtors.*))
                0x00015898                PROVIDE (__DTOR_END__, ABSOLUTE (.))
 *(.jcr)
                0x00015898                . = ALIGN (0x4)

.rodata         0x00015898    0x5ed9c
                0x00015898                PROVIDE (__ram_rodata_start, ABSOLUTE (.))
                0x00015898                . = ALIGN (0x4)
 *(.rodata .rodata.* .gnu.linkonce.r.*)
 .rodata        0x00015898     0x77f2 obj/default/fonts/tahomabold_20.o
 .rodata        0x0001d08a    0x12520 obj/default/fonts/tahomabold_32.o
 *fill*         0x0002f5aa        0x2 
 .rodata        0x0002f5ac    0x448f0 obj/default/gesture.o
                0x0002f5ac                gesture_bmp
 .rodata        0x00073e9c       0x30 obj/default/gui.o
 .rodata        0x00073ecc       0x30 obj/default/gui_vpg.o
 .rodata        0x00073efc       0x50 obj/default/main.o
 .rodata        0x00073f4c      0x1f4 obj/default/terasic_lib/I2C.o
 .rodata        0x00074140      0x184 obj/default/terasic_lib/I2C_core.o
 .rodata        0x000742c4       0x10 obj/default/terasic_lib/debug.o
 .rodata        0x000742d4       0x38 obj/default/terasic_lib/multi_touch2.o
 .rodata.str1.4
                0x0007430c        0x5 d:/altera162/13.1/nios2eds/bin/gnu/h-i686-mingw32/bin/../lib/gcc/nios2-elf/4.7.3/../../../../../H-i686-mingw32/nios2-elf/lib/mno-hw-mul\libm.a(lib_a-w_sqrt.o)
                                  0x8 (size before relaxing)
 *fill*         0x00074311        0x3 
 .rodata        0x00074314       0x14 d:/altera162/13.1/nios2eds/bin/gnu/h-i686-mingw32/bin/../lib/gcc/nios2-elf/4.7.3/mno-hw-mul\libgcc.a(_thenan_df.o)
                0x00074314                __thenan_df
 .rodata        0x00074328      0x100 d:/altera162/13.1/nios2eds/bin/gnu/h-i686-mingw32/bin/../lib/gcc/nios2-elf/4.7.3/mno-hw-mul\libgcc.a(_clz.o)
                0x00074328                __clz_tab
 .rodata.str1.4
                0x00074428        0x2 d:/altera162/13.1/nios2eds/bin/gnu/h-i686-mingw32/bin/../lib/gcc/nios2-elf/4.7.3/../../../../../H-i686-mingw32/nios2-elf/lib/mno-hw-mul\libc.a(lib_a-impure.o)
                                  0x4 (size before relaxing)
 *fill*         0x0007442a        0x2 
 .rodata.str1.4
                0x0007442c        0x2 d:/altera162/13.1/nios2eds/bin/gnu/h-i686-mingw32/bin/../lib/gcc/nios2-elf/4.7.3/../../../../../H-i686-mingw32/nios2-elf/lib/mno-hw-mul\libc.a(lib_a-puts.o)
                                  0x4 (size before relaxing)
 *fill*         0x0007442e        0x2 
 .rodata.str1.4
                0x00074430       0x42 d:/altera162/13.1/nios2eds/bin/gnu/h-i686-mingw32/bin/../lib/gcc/nios2-elf/4.7.3/../../../../../H-i686-mingw32/nios2-elf/lib/mno-hw-mul\libc.a(lib_a-vfprintf.o)
                                 0x44 (size before relaxing)
 .rodata        0x00074472       0x20 d:/altera162/13.1/nios2eds/bin/gnu/h-i686-mingw32/bin/../lib/gcc/nios2-elf/4.7.3/../../../../../H-i686-mingw32/nios2-elf/lib/mno-hw-mul\libc.a(lib_a-vfprintf.o)
 *fill*         0x00074492        0x2 
 .rodata.str1.4
                0x00074494       0x10 d:/altera162/13.1/nios2eds/bin/gnu/h-i686-mingw32/bin/../lib/gcc/nios2-elf/4.7.3/../../../../../H-i686-mingw32/nios2-elf/lib/mno-hw-mul\libc.a(lib_a-dtoa.o)
                                 0x14 (size before relaxing)
 .rodata.str1.4
                0x000744a4       0x10 d:/altera162/13.1/nios2eds/bin/gnu/h-i686-mingw32/bin/../lib/gcc/nios2-elf/4.7.3/../../../../../H-i686-mingw32/nios2-elf/lib/mno-hw-mul\libc.a(lib_a-locale.o)
                                 0x18 (size before relaxing)
 .rodata        0x000744b4       0x30 d:/altera162/13.1/nios2eds/bin/gnu/h-i686-mingw32/bin/../lib/gcc/nios2-elf/4.7.3/../../../../../H-i686-mingw32/nios2-elf/lib/mno-hw-mul\libc.a(lib_a-locale.o)
 .rodata        0x000744e4      0x124 d:/altera162/13.1/nios2eds/bin/gnu/h-i686-mingw32/bin/../lib/gcc/nios2-elf/4.7.3/../../../../../H-i686-mingw32/nios2-elf/lib/mno-hw-mul\libc.a(lib_a-mprec.o)
                0x000744e4                __mprec_tinytens
                0x0007450c                __mprec_bigtens
                0x00074534                __mprec_tens
 .rodata        0x00074608        0xc ../painter_bsp/\libhal_bsp.a(alt_dev.o)
 .rodata        0x00074614       0x10 ../painter_bsp/\libhal_bsp.a(alt_main.o)
 .rodata        0x00074624       0x10 ../painter_bsp/\libhal_bsp.a(alt_sys_init.o)
 *(.rodata1)
                0x00074634                . = ALIGN (0x4)
                0x00074634                PROVIDE (__ram_rodata_end, ABSOLUTE (.))
                0x00015898                PROVIDE (__flash_rodata_start, LOADADDR (.rodata))

.rwdata         0x00074634     0x3620 load address 0x00077c54
                0x00074634                PROVIDE (__ram_rwdata_start, ABSOLUTE (.))
                0x00074634                . = ALIGN (0x4)
 *(.got.plt)
 *(.got)
 *(.data1)
 *(.data .data.* .gnu.linkonce.d.*)
 .data          0x00074634        0x0 ../painter_bsp//obj/HAL/src/crt0.o
 .data          0x00074634      0xbc0 obj/default/fonts/tahomabold_20.o
                0x00074634                tahomabold_20
 .data          0x000751f4      0xbc0 obj/default/fonts/tahomabold_32.o
                0x000751f4                tahomabold_32
 .data          0x00075db4        0x0 obj/default/geometry.o
 .data          0x00075db4        0x0 obj/default/gesture.o
 .data          0x00075db4      0x415 obj/default/graphic_lib/simple_graphics.o
                0x00075db4                cour10_font_array
 .data          0x000761c9        0x0 obj/default/graphic_lib/simple_text.o
 *fill*         0x000761c9        0x3 
 .data          0x000761cc       0x24 obj/default/gui.o
                0x000761cc                szPallete
 .data          0x000761f0        0x0 obj/default/gui_vpg.o
 .data          0x000761f0        0x0 obj/default/main.o
 .data          0x000761f0        0x0 obj/default/terasic_lib/I2C.o
 .data          0x000761f0        0x0 obj/default/terasic_lib/I2C_core.o
 .data          0x000761f0        0x0 obj/default/terasic_lib/debug.o
 .data          0x000761f0        0x0 obj/default/terasic_lib/multi_touch2.o
 .data          0x000761f0        0x0 obj/default/terasic_lib/queue.o
 .data          0x000761f0        0x0 obj/default/vip_fr.o
 .data          0x000761f0        0x0 d:/altera162/13.1/nios2eds/bin/gnu/h-i686-mingw32/bin/../lib/gcc/nios2-elf/4.7.3/../../../../../H-i686-mingw32/nios2-elf/lib/mno-hw-mul\libm.a(lib_a-w_sqrt.o)
 .data          0x000761f0        0x0 d:/altera162/13.1/nios2eds/bin/gnu/h-i686-mingw32/bin/../lib/gcc/nios2-elf/4.7.3/../../../../../H-i686-mingw32/nios2-elf/lib/mno-hw-mul\libm.a(lib_a-e_sqrt.o)
 .data          0x000761f0        0x0 d:/altera162/13.1/nios2eds/bin/gnu/h-i686-mingw32/bin/../lib/gcc/nios2-elf/4.7.3/../../../../../H-i686-mingw32/nios2-elf/lib/mno-hw-mul\libm.a(lib_a-s_isnand.o)
 .data          0x000761f0        0x0 d:/altera162/13.1/nios2eds/bin/gnu/h-i686-mingw32/bin/../lib/gcc/nios2-elf/4.7.3/../../../../../H-i686-mingw32/nios2-elf/lib/mno-hw-mul\libm.a(lib_a-s_lib_ver.o)
 .data          0x000761f0        0x0 d:/altera162/13.1/nios2eds/bin/gnu/h-i686-mingw32/bin/../lib/gcc/nios2-elf/4.7.3/../../../../../H-i686-mingw32/nios2-elf/lib/mno-hw-mul\libm.a(lib_a-s_matherr.o)
 .data          0x000761f0        0x0 d:/altera162/13.1/nios2eds/bin/gnu/h-i686-mingw32/bin/../lib/gcc/nios2-elf/4.7.3/mno-hw-mul\libgcc.a(_addsub_df.o)
 .data          0x000761f0        0x0 d:/altera162/13.1/nios2eds/bin/gnu/h-i686-mingw32/bin/../lib/gcc/nios2-elf/4.7.3/mno-hw-mul\libgcc.a(_mul_df.o)
 .data          0x000761f0        0x0 d:/altera162/13.1/nios2eds/bin/gnu/h-i686-mingw32/bin/../lib/gcc/nios2-elf/4.7.3/mno-hw-mul\libgcc.a(_div_df.o)
 .data          0x000761f0        0x0 d:/altera162/13.1/nios2eds/bin/gnu/h-i686-mingw32/bin/../lib/gcc/nios2-elf/4.7.3/mno-hw-mul\libgcc.a(_lt_df.o)
 .data          0x000761f0        0x0 d:/altera162/13.1/nios2eds/bin/gnu/h-i686-mingw32/bin/../lib/gcc/nios2-elf/4.7.3/mno-hw-mul\libgcc.a(_si_to_df.o)
 .data          0x000761f0        0x0 d:/altera162/13.1/nios2eds/bin/gnu/h-i686-mingw32/bin/../lib/gcc/nios2-elf/4.7.3/mno-hw-mul\libgcc.a(_df_to_si.o)
 .data          0x000761f0        0x0 d:/altera162/13.1/nios2eds/bin/gnu/h-i686-mingw32/bin/../lib/gcc/nios2-elf/4.7.3/mno-hw-mul\libgcc.a(_thenan_df.o)
 .data          0x000761f0        0x0 d:/altera162/13.1/nios2eds/bin/gnu/h-i686-mingw32/bin/../lib/gcc/nios2-elf/4.7.3/mno-hw-mul\libgcc.a(lib2-divmod.o)
 .data          0x000761f0        0x0 d:/altera162/13.1/nios2eds/bin/gnu/h-i686-mingw32/bin/../lib/gcc/nios2-elf/4.7.3/mno-hw-mul\libgcc.a(lib2-mul.o)
 .data          0x000761f0        0x0 d:/altera162/13.1/nios2eds/bin/gnu/h-i686-mingw32/bin/../lib/gcc/nios2-elf/4.7.3/mno-hw-mul\libgcc.a(_muldi3.o)
 .data          0x000761f0        0x0 d:/altera162/13.1/nios2eds/bin/gnu/h-i686-mingw32/bin/../lib/gcc/nios2-elf/4.7.3/mno-hw-mul\libgcc.a(_clzsi2.o)
 .data          0x000761f0        0x0 d:/altera162/13.1/nios2eds/bin/gnu/h-i686-mingw32/bin/../lib/gcc/nios2-elf/4.7.3/mno-hw-mul\libgcc.a(_pack_df.o)
 .data          0x000761f0        0x0 d:/altera162/13.1/nios2eds/bin/gnu/h-i686-mingw32/bin/../lib/gcc/nios2-elf/4.7.3/mno-hw-mul\libgcc.a(_unpack_df.o)
 .data          0x000761f0        0x0 d:/altera162/13.1/nios2eds/bin/gnu/h-i686-mingw32/bin/../lib/gcc/nios2-elf/4.7.3/mno-hw-mul\libgcc.a(_fpcmp_parts_df.o)
 .data          0x000761f0        0x0 d:/altera162/13.1/nios2eds/bin/gnu/h-i686-mingw32/bin/../lib/gcc/nios2-elf/4.7.3/mno-hw-mul\libgcc.a(_lshrdi3.o)
 .data          0x000761f0        0x0 d:/altera162/13.1/nios2eds/bin/gnu/h-i686-mingw32/bin/../lib/gcc/nios2-elf/4.7.3/mno-hw-mul\libgcc.a(_ashldi3.o)
 .data          0x000761f0        0x0 d:/altera162/13.1/nios2eds/bin/gnu/h-i686-mingw32/bin/../lib/gcc/nios2-elf/4.7.3/mno-hw-mul\libgcc.a(_clz.o)
 .data          0x000761f0        0x0 d:/altera162/13.1/nios2eds/bin/gnu/h-i686-mingw32/bin/../lib/gcc/nios2-elf/4.7.3/../../../../../H-i686-mingw32/nios2-elf/lib/mno-hw-mul\libc.a(lib_a-errno.o)
 .data          0x000761f0      0x400 d:/altera162/13.1/nios2eds/bin/gnu/h-i686-mingw32/bin/../lib/gcc/nios2-elf/4.7.3/../../../../../H-i686-mingw32/nios2-elf/lib/mno-hw-mul\libc.a(lib_a-impure.o)
 .data          0x000765f0        0x0 d:/altera162/13.1/nios2eds/bin/gnu/h-i686-mingw32/bin/../lib/gcc/nios2-elf/4.7.3/../../../../../H-i686-mingw32/nios2-elf/lib/mno-hw-mul\libc.a(lib_a-malloc.o)
 .data          0x000765f0      0x408 d:/altera162/13.1/nios2eds/bin/gnu/h-i686-mingw32/bin/../lib/gcc/nios2-elf/4.7.3/../../../../../H-i686-mingw32/nios2-elf/lib/mno-hw-mul\libc.a(lib_a-mallocr.o)
                0x000765f0                __malloc_av_
 .data          0x000769f8        0x0 d:/altera162/13.1/nios2eds/bin/gnu/h-i686-mingw32/bin/../lib/gcc/nios2-elf/4.7.3/../../../../../H-i686-mingw32/nios2-elf/lib/mno-hw-mul\libc.a(lib_a-memcpy.o)
 .data          0x000769f8        0x0 d:/altera162/13.1/nios2eds/bin/gnu/h-i686-mingw32/bin/../lib/gcc/nios2-elf/4.7.3/../../../../../H-i686-mingw32/nios2-elf/lib/mno-hw-mul\libc.a(lib_a-memset.o)
 .data          0x000769f8        0x0 d:/altera162/13.1/nios2eds/bin/gnu/h-i686-mingw32/bin/../lib/gcc/nios2-elf/4.7.3/../../../../../H-i686-mingw32/nios2-elf/lib/mno-hw-mul\libc.a(lib_a-printf.o)
 .data          0x000769f8        0x0 d:/altera162/13.1/nios2eds/bin/gnu/h-i686-mingw32/bin/../lib/gcc/nios2-elf/4.7.3/../../../../../H-i686-mingw32/nios2-elf/lib/mno-hw-mul\libc.a(lib_a-putchar.o)
 .data          0x000769f8        0x0 d:/altera162/13.1/nios2eds/bin/gnu/h-i686-mingw32/bin/../lib/gcc/nios2-elf/4.7.3/../../../../../H-i686-mingw32/nios2-elf/lib/mno-hw-mul\libc.a(lib_a-puts.o)
 .data          0x000769f8        0x0 d:/altera162/13.1/nios2eds/bin/gnu/h-i686-mingw32/bin/../lib/gcc/nios2-elf/4.7.3/../../../../../H-i686-mingw32/nios2-elf/lib/mno-hw-mul\libc.a(lib_a-sbrkr.o)
 .data          0x000769f8        0x0 d:/altera162/13.1/nios2eds/bin/gnu/h-i686-mingw32/bin/../lib/gcc/nios2-elf/4.7.3/../../../../../H-i686-mingw32/nios2-elf/lib/mno-hw-mul\libc.a(lib_a-sprintf.o)
 .data          0x000769f8        0x0 d:/altera162/13.1/nios2eds/bin/gnu/h-i686-mingw32/bin/../lib/gcc/nios2-elf/4.7.3/../../../../../H-i686-mingw32/nios2-elf/lib/mno-hw-mul\libc.a(lib_a-strcpy.o)
 .data          0x000769f8        0x0 d:/altera162/13.1/nios2eds/bin/gnu/h-i686-mingw32/bin/../lib/gcc/nios2-elf/4.7.3/../../../../../H-i686-mingw32/nios2-elf/lib/mno-hw-mul\libc.a(lib_a-strlen.o)
 .data          0x000769f8        0x0 d:/altera162/13.1/nios2eds/bin/gnu/h-i686-mingw32/bin/../lib/gcc/nios2-elf/4.7.3/../../../../../H-i686-mingw32/nios2-elf/lib/mno-hw-mul\libc.a(lib_a-vfprintf.o)
 .data          0x000769f8        0x0 d:/altera162/13.1/nios2eds/bin/gnu/h-i686-mingw32/bin/../lib/gcc/nios2-elf/4.7.3/../../../../../H-i686-mingw32/nios2-elf/lib/mno-hw-mul\libc.a(lib_a-vsnprintf.o)
 .data          0x000769f8        0x0 d:/altera162/13.1/nios2eds/bin/gnu/h-i686-mingw32/bin/../lib/gcc/nios2-elf/4.7.3/../../../../../H-i686-mingw32/nios2-elf/lib/mno-hw-mul\libc.a(lib_a-wsetup.o)
 .data          0x000769f8        0x0 d:/altera162/13.1/nios2eds/bin/gnu/h-i686-mingw32/bin/../lib/gcc/nios2-elf/4.7.3/../../../../../H-i686-mingw32/nios2-elf/lib/mno-hw-mul\libc.a(lib_a-dtoa.o)
 .data          0x000769f8        0x0 d:/altera162/13.1/nios2eds/bin/gnu/h-i686-mingw32/bin/../lib/gcc/nios2-elf/4.7.3/../../../../../H-i686-mingw32/nios2-elf/lib/mno-hw-mul\libc.a(lib_a-fflush.o)
 .data          0x000769f8        0x0 d:/altera162/13.1/nios2eds/bin/gnu/h-i686-mingw32/bin/../lib/gcc/nios2-elf/4.7.3/../../../../../H-i686-mingw32/nios2-elf/lib/mno-hw-mul\libc.a(lib_a-findfp.o)
 .data          0x000769f8        0x0 d:/altera162/13.1/nios2eds/bin/gnu/h-i686-mingw32/bin/../lib/gcc/nios2-elf/4.7.3/../../../../../H-i686-mingw32/nios2-elf/lib/mno-hw-mul\libc.a(lib_a-freer.o)
 .data          0x000769f8        0x0 d:/altera162/13.1/nios2eds/bin/gnu/h-i686-mingw32/bin/../lib/gcc/nios2-elf/4.7.3/../../../../../H-i686-mingw32/nios2-elf/lib/mno-hw-mul\libc.a(lib_a-fvwrite.o)
 .data          0x000769f8        0x0 d:/altera162/13.1/nios2eds/bin/gnu/h-i686-mingw32/bin/../lib/gcc/nios2-elf/4.7.3/../../../../../H-i686-mingw32/nios2-elf/lib/mno-hw-mul\libc.a(lib_a-fwalk.o)
 .data          0x000769f8        0x0 d:/altera162/13.1/nios2eds/bin/gnu/h-i686-mingw32/bin/../lib/gcc/nios2-elf/4.7.3/../../../../../H-i686-mingw32/nios2-elf/lib/mno-hw-mul\libc.a(lib_a-int_errno.o)
 .data          0x000769f8        0xc d:/altera162/13.1/nios2eds/bin/gnu/h-i686-mingw32/bin/../lib/gcc/nios2-elf/4.7.3/../../../../../H-i686-mingw32/nios2-elf/lib/mno-hw-mul\libc.a(lib_a-locale.o)
                0x000769f8                __lc_ctype
 .data          0x00076a04        0x0 d:/altera162/13.1/nios2eds/bin/gnu/h-i686-mingw32/bin/../lib/gcc/nios2-elf/4.7.3/../../../../../H-i686-mingw32/nios2-elf/lib/mno-hw-mul\libc.a(lib_a-makebuf.o)
 .data          0x00076a04        0x0 d:/altera162/13.1/nios2eds/bin/gnu/h-i686-mingw32/bin/../lib/gcc/nios2-elf/4.7.3/../../../../../H-i686-mingw32/nios2-elf/lib/mno-hw-mul\libc.a(lib_a-memchr.o)
 .data          0x00076a04        0x0 d:/altera162/13.1/nios2eds/bin/gnu/h-i686-mingw32/bin/../lib/gcc/nios2-elf/4.7.3/../../../../../H-i686-mingw32/nios2-elf/lib/mno-hw-mul\libc.a(lib_a-memmove.o)
 .data          0x00076a04        0x0 d:/altera162/13.1/nios2eds/bin/gnu/h-i686-mingw32/bin/../lib/gcc/nios2-elf/4.7.3/../../../../../H-i686-mingw32/nios2-elf/lib/mno-hw-mul\libc.a(lib_a-mprec.o)
 .data          0x00076a04        0x0 d:/altera162/13.1/nios2eds/bin/gnu/h-i686-mingw32/bin/../lib/gcc/nios2-elf/4.7.3/../../../../../H-i686-mingw32/nios2-elf/lib/mno-hw-mul\libc.a(lib_a-putc.o)
 .data          0x00076a04        0x0 d:/altera162/13.1/nios2eds/bin/gnu/h-i686-mingw32/bin/../lib/gcc/nios2-elf/4.7.3/../../../../../H-i686-mingw32/nios2-elf/lib/mno-hw-mul\libc.a(lib_a-reallocr.o)
 .data          0x00076a04        0x0 d:/altera162/13.1/nios2eds/bin/gnu/h-i686-mingw32/bin/../lib/gcc/nios2-elf/4.7.3/../../../../../H-i686-mingw32/nios2-elf/lib/mno-hw-mul\libc.a(lib_a-s_isinfd.o)
 .data          0x00076a04        0x0 d:/altera162/13.1/nios2eds/bin/gnu/h-i686-mingw32/bin/../lib/gcc/nios2-elf/4.7.3/../../../../../H-i686-mingw32/nios2-elf/lib/mno-hw-mul\libc.a(lib_a-stdio.o)
 .data          0x00076a04        0x0 d:/altera162/13.1/nios2eds/bin/gnu/h-i686-mingw32/bin/../lib/gcc/nios2-elf/4.7.3/../../../../../H-i686-mingw32/nios2-elf/lib/mno-hw-mul\libc.a(lib_a-strcmp.o)
 .data          0x00076a04        0x0 d:/altera162/13.1/nios2eds/bin/gnu/h-i686-mingw32/bin/../lib/gcc/nios2-elf/4.7.3/../../../../../H-i686-mingw32/nios2-elf/lib/mno-hw-mul\libc.a(lib_a-wbuf.o)
 .data          0x00076a04        0x0 d:/altera162/13.1/nios2eds/bin/gnu/h-i686-mingw32/bin/../lib/gcc/nios2-elf/4.7.3/../../../../../H-i686-mingw32/nios2-elf/lib/mno-hw-mul\libc.a(lib_a-writer.o)
 .data          0x00076a04        0x0 d:/altera162/13.1/nios2eds/bin/gnu/h-i686-mingw32/bin/../lib/gcc/nios2-elf/4.7.3/../../../../../H-i686-mingw32/nios2-elf/lib/mno-hw-mul\libc.a(lib_a-callocr.o)
 .data          0x00076a04        0x0 d:/altera162/13.1/nios2eds/bin/gnu/h-i686-mingw32/bin/../lib/gcc/nios2-elf/4.7.3/../../../../../H-i686-mingw32/nios2-elf/lib/mno-hw-mul\libc.a(lib_a-closer.o)
 .data          0x00076a04        0x0 d:/altera162/13.1/nios2eds/bin/gnu/h-i686-mingw32/bin/../lib/gcc/nios2-elf/4.7.3/../../../../../H-i686-mingw32/nios2-elf/lib/mno-hw-mul\libc.a(lib_a-fclose.o)
 .data          0x00076a04        0x0 d:/altera162/13.1/nios2eds/bin/gnu/h-i686-mingw32/bin/../lib/gcc/nios2-elf/4.7.3/../../../../../H-i686-mingw32/nios2-elf/lib/mno-hw-mul\libc.a(lib_a-fstatr.o)
 .data          0x00076a04        0x0 d:/altera162/13.1/nios2eds/bin/gnu/h-i686-mingw32/bin/../lib/gcc/nios2-elf/4.7.3/../../../../../H-i686-mingw32/nios2-elf/lib/mno-hw-mul\libc.a(lib_a-isattyr.o)
 .data          0x00076a04        0x0 d:/altera162/13.1/nios2eds/bin/gnu/h-i686-mingw32/bin/../lib/gcc/nios2-elf/4.7.3/../../../../../H-i686-mingw32/nios2-elf/lib/mno-hw-mul\libc.a(lib_a-lseekr.o)
 .data          0x00076a04        0x0 d:/altera162/13.1/nios2eds/bin/gnu/h-i686-mingw32/bin/../lib/gcc/nios2-elf/4.7.3/../../../../../H-i686-mingw32/nios2-elf/lib/mno-hw-mul\libc.a(lib_a-readr.o)
 .data          0x00076a04        0x0 d:/altera162/13.1/nios2eds/bin/gnu/h-i686-mingw32/bin/../lib/gcc/nios2-elf/4.7.3/mno-hw-mul\libgcc.a(_udivdi3.o)
 .data          0x00076a04        0x0 d:/altera162/13.1/nios2eds/bin/gnu/h-i686-mingw32/bin/../lib/gcc/nios2-elf/4.7.3/mno-hw-mul\libgcc.a(_umoddi3.o)
 .data          0x00076a04        0x0 d:/altera162/13.1/nios2eds/bin/gnu/h-i686-mingw32/bin/../lib/gcc/nios2-elf/4.7.3/mno-hw-mul\libgcc.a(_eq_df.o)
 .data          0x00076a04        0x0 d:/altera162/13.1/nios2eds/bin/gnu/h-i686-mingw32/bin/../lib/gcc/nios2-elf/4.7.3/mno-hw-mul\libgcc.a(_ne_df.o)
 .data          0x00076a04        0x0 d:/altera162/13.1/nios2eds/bin/gnu/h-i686-mingw32/bin/../lib/gcc/nios2-elf/4.7.3/mno-hw-mul\libgcc.a(_gt_df.o)
 .data          0x00076a04        0x0 d:/altera162/13.1/nios2eds/bin/gnu/h-i686-mingw32/bin/../lib/gcc/nios2-elf/4.7.3/mno-hw-mul\libgcc.a(_ge_df.o)
 .data          0x00076a04        0x0 d:/altera162/13.1/nios2eds/bin/gnu/h-i686-mingw32/bin/../lib/gcc/nios2-elf/4.7.3/mno-hw-mul\libgcc.a(_usi_to_df.o)
 .data          0x00076a04        0x0 ../painter_bsp/\libhal_bsp.a(alt_close.o)
 .data          0x00076a04        0x0 ../painter_bsp/\libhal_bsp.a(alt_dcache_flush_all.o)
 .data          0x00076a04      0x1a8 ../painter_bsp/\libhal_bsp.a(alt_dev.o)
                0x00076a04                alt_dev_null
                0x00076a2c                alt_fd_list
 .data          0x00076bac        0x0 ../painter_bsp/\libhal_bsp.a(alt_errno.o)
 .data          0x00076bac        0x0 ../painter_bsp/\libhal_bsp.a(alt_fstat.o)
 .data          0x00076bac        0x0 ../painter_bsp/\libhal_bsp.a(alt_iic.o)
 .data          0x00076bac        0x0 ../painter_bsp/\libhal_bsp.a(alt_iic_isr_register.o)
 .data          0x00076bac        0x0 ../painter_bsp/\libhal_bsp.a(alt_irq_entry.o)
 .data          0x00076bac        0x0 ../painter_bsp/\libhal_bsp.a(alt_irq_handler.o)
 .data          0x00076bac        0x0 ../painter_bsp/\libhal_bsp.a(alt_irq_vars.o)
 .data          0x00076bac        0x0 ../painter_bsp/\libhal_bsp.a(alt_isatty.o)
 .data          0x00076bac        0x0 ../painter_bsp/\libhal_bsp.a(alt_load.o)
 .data          0x00076bac        0x0 ../painter_bsp/\libhal_bsp.a(alt_lseek.o)
 .data          0x00076bac        0x0 ../painter_bsp/\libhal_bsp.a(alt_main.o)
 .data          0x00076bac        0x0 ../painter_bsp/\libhal_bsp.a(alt_malloc_lock.o)
 .data          0x00076bac        0x0 ../painter_bsp/\libhal_bsp.a(alt_read.o)
 .data          0x00076bac        0x0 ../painter_bsp/\libhal_bsp.a(alt_release_fd.o)
 .data          0x00076bac        0x0 ../painter_bsp/\libhal_bsp.a(alt_sbrk.o)
 .data          0x00076bac        0x0 ../painter_bsp/\libhal_bsp.a(alt_tick.o)
 .data          0x00076bac        0x0 ../painter_bsp/\libhal_bsp.a(alt_usleep.o)
 .data          0x00076bac        0x0 ../painter_bsp/\libhal_bsp.a(alt_write.o)
 .data          0x00076bac     0x1060 ../painter_bsp/\libhal_bsp.a(alt_sys_init.o)
 .data          0x00077c0c        0x0 ../painter_bsp/\libhal_bsp.a(altera_avalon_jtag_uart_fd.o)
 .data          0x00077c0c        0x0 ../painter_bsp/\libhal_bsp.a(altera_avalon_jtag_uart_init.o)
 .data          0x00077c0c        0x0 ../painter_bsp/\libhal_bsp.a(altera_avalon_jtag_uart_ioctl.o)
 .data          0x00077c0c        0x0 ../painter_bsp/\libhal_bsp.a(altera_avalon_jtag_uart_read.o)
 .data          0x00077c0c        0x0 ../painter_bsp/\libhal_bsp.a(altera_avalon_jtag_uart_write.o)
 .data          0x00077c0c        0x0 ../painter_bsp/\libhal_bsp.a(altera_avalon_timer_sc.o)
 .data          0x00077c0c        0x0 ../painter_bsp/\libhal_bsp.a(alt_alarm_start.o)
 .data          0x00077c0c        0x0 ../painter_bsp/\libhal_bsp.a(alt_busy_sleep.o)
 .data          0x00077c0c        0x0 ../painter_bsp/\libhal_bsp.a(alt_dev_llist_insert.o)
 .data          0x00077c0c        0x0 ../painter_bsp/\libhal_bsp.a(alt_do_ctors.o)
 .data          0x00077c0c        0x0 ../painter_bsp/\libhal_bsp.a(alt_do_dtors.o)
 .data          0x00077c0c        0x0 ../painter_bsp/\libhal_bsp.a(alt_exception_entry.o)
 .data          0x00077c0c        0x0 ../painter_bsp/\libhal_bsp.a(alt_icache_flush_all.o)
 .data          0x00077c0c        0x0 ../painter_bsp/\libhal_bsp.a(alt_io_redirect.o)
 .data          0x00077c0c        0x0 ../painter_bsp/\libhal_bsp.a(alt_open.o)
 .data          0x00077c0c        0x0 ../painter_bsp/\libhal_bsp.a(altera_nios2_qsys_irq.o)
 .data          0x00077c0c        0x0 ../painter_bsp/\libhal_bsp.a(alt_find_dev.o)
 .data          0x00077c0c        0x0 ../painter_bsp/\libhal_bsp.a(alt_find_file.o)
 .data          0x00077c0c        0x0 ../painter_bsp/\libhal_bsp.a(alt_get_fd.o)
 .data          0x00077c0c        0x0 ../painter_bsp/\libhal_bsp.a(alt_icache_flush.o)
 .data          0x00077c0c        0x0 d:/altera162/13.1/nios2eds/bin/gnu/h-i686-mingw32/bin/../lib/gcc/nios2-elf/4.7.3/../../../../../H-i686-mingw32/nios2-elf/lib/mno-hw-mul\libc.a(lib_a-atexit.o)
 .data          0x00077c0c        0x0 d:/altera162/13.1/nios2eds/bin/gnu/h-i686-mingw32/bin/../lib/gcc/nios2-elf/4.7.3/../../../../../H-i686-mingw32/nios2-elf/lib/mno-hw-mul\libc.a(lib_a-exit.o)
 .data          0x00077c0c        0x0 d:/altera162/13.1/nios2eds/bin/gnu/h-i686-mingw32/bin/../lib/gcc/nios2-elf/4.7.3/../../../../../H-i686-mingw32/nios2-elf/lib/mno-hw-mul\libc.a(lib_a-memcmp.o)
 .data          0x00077c0c        0x0 d:/altera162/13.1/nios2eds/bin/gnu/h-i686-mingw32/bin/../lib/gcc/nios2-elf/4.7.3/../../../../../H-i686-mingw32/nios2-elf/lib/mno-hw-mul\libc.a(lib_a-__atexit.o)
 .data          0x00077c0c        0x0 d:/altera162/13.1/nios2eds/bin/gnu/h-i686-mingw32/bin/../lib/gcc/nios2-elf/4.7.3/../../../../../H-i686-mingw32/nios2-elf/lib/mno-hw-mul\libc.a(lib_a-__call_atexit.o)
 .data          0x00077c0c        0x0 ../painter_bsp/\libhal_bsp.a(alt_exit.o)
                0x0007fc0c                _gp = ABSOLUTE ((. + 0x8000))
                0x0007fc0c                PROVIDE (gp, _gp)
 *(.rwdata .rwdata.*)
 *(.sdata .sdata.* .gnu.linkonce.s.*)
 .sdata         0x00077c0c        0x4 obj/default/graphic_lib/simple_graphics.o
                0x00077c0c                cour10_font
 .sdata         0x00077c10        0x4 obj/default/gui.o
 .sdata         0x00077c14        0x4 d:/altera162/13.1/nios2eds/bin/gnu/h-i686-mingw32/bin/../lib/gcc/nios2-elf/4.7.3/../../../../../H-i686-mingw32/nios2-elf/lib/mno-hw-mul\libm.a(lib_a-s_lib_ver.o)
                0x00077c14                __fdlib_version
 .sdata         0x00077c18        0x8 d:/altera162/13.1/nios2eds/bin/gnu/h-i686-mingw32/bin/../lib/gcc/nios2-elf/4.7.3/../../../../../H-i686-mingw32/nios2-elf/lib/mno-hw-mul\libc.a(lib_a-impure.o)
                0x00077c18                _global_impure_ptr
                0x00077c1c                _impure_ptr
 .sdata         0x00077c20        0x8 d:/altera162/13.1/nios2eds/bin/gnu/h-i686-mingw32/bin/../lib/gcc/nios2-elf/4.7.3/../../../../../H-i686-mingw32/nios2-elf/lib/mno-hw-mul\libc.a(lib_a-mallocr.o)
                0x00077c20                __malloc_sbrk_base
                0x00077c24                __malloc_trim_threshold
 .sdata         0x00077c28        0x4 d:/altera162/13.1/nios2eds/bin/gnu/h-i686-mingw32/bin/../lib/gcc/nios2-elf/4.7.3/../../../../../H-i686-mingw32/nios2-elf/lib/mno-hw-mul\libc.a(lib_a-locale.o)
                0x00077c28                __mb_cur_max
 .sdata         0x00077c2c       0x14 ../painter_bsp/\libhal_bsp.a(alt_dev.o)
                0x00077c2c                alt_fs_list
                0x00077c34                alt_dev_list
                0x00077c3c                alt_max_fd
 .sdata         0x00077c40        0x4 ../painter_bsp/\libhal_bsp.a(alt_errno.o)
                0x00077c40                alt_errno
 .sdata         0x00077c44        0x4 ../painter_bsp/\libhal_bsp.a(alt_irq_vars.o)
                0x00077c44                alt_priority_mask
 .sdata         0x00077c48        0x4 ../painter_bsp/\libhal_bsp.a(alt_sbrk.o)
 .sdata         0x00077c4c        0x8 ../painter_bsp/\libhal_bsp.a(alt_tick.o)
                0x00077c4c                alt_alarm_list
 *(.sdata2 .sdata2.* .gnu.linkonce.s2.*)
                0x00077c54                . = ALIGN (0x4)
                0x00077c54                _edata = ABSOLUTE (.)
                0x00077c54                PROVIDE (edata, ABSOLUTE (.))
                0x00077c54                PROVIDE (__ram_rwdata_end, ABSOLUTE (.))
                0x00077c54                PROVIDE (__flash_rwdata_start, LOADADDR (.rwdata))

.bss            0x0007b274      0x2f0
                0x0007b274                __bss_start = ABSOLUTE (.)
                0x0007b274                PROVIDE (__sbss_start, ABSOLUTE (.))
                0x0007b274                PROVIDE (___sbss_start, ABSOLUTE (.))
 *(.dynsbss)
 *(.sbss .sbss.* .gnu.linkonce.sb.*)
 .sbss          0x0007b274        0x4 obj/default/gui.o
 .sbss          0x0007b278        0xc d:/altera162/13.1/nios2eds/bin/gnu/h-i686-mingw32/bin/../lib/gcc/nios2-elf/4.7.3/../../../../../H-i686-mingw32/nios2-elf/lib/mno-hw-mul\libc.a(lib_a-mallocr.o)
                0x0007b278                __malloc_max_total_mem
                0x0007b27c                __malloc_max_sbrked_mem
                0x0007b280                __malloc_top_pad
 .sbss          0x0007b284        0x4 d:/altera162/13.1/nios2eds/bin/gnu/h-i686-mingw32/bin/../lib/gcc/nios2-elf/4.7.3/../../../../../H-i686-mingw32/nios2-elf/lib/mno-hw-mul\libc.a(lib_a-int_errno.o)
                0x0007b284                errno
 .sbss          0x0007b288        0xc d:/altera162/13.1/nios2eds/bin/gnu/h-i686-mingw32/bin/../lib/gcc/nios2-elf/4.7.3/../../../../../H-i686-mingw32/nios2-elf/lib/mno-hw-mul\libc.a(lib_a-locale.o)
                0x0007b288                _PathLocale
                0x0007b28c                __mlocale_changed
                0x0007b290                __nlocale_changed
 .sbss          0x0007b294        0x4 ../painter_bsp/\libhal_bsp.a(alt_irq_vars.o)
                0x0007b294                alt_irq_active
 .sbss          0x0007b298        0xc ../painter_bsp/\libhal_bsp.a(alt_main.o)
                0x0007b298                alt_argc
                0x0007b29c                alt_argv
                0x0007b2a0                alt_envp
 .sbss          0x0007b2a4        0x8 ../painter_bsp/\libhal_bsp.a(alt_tick.o)
                0x0007b2a4                _alt_tick_rate
                0x0007b2a8                _alt_nticks
 *(.sbss2 .sbss2.* .gnu.linkonce.sb2.*)
 *(.scommon)
                0x0007b2ac                PROVIDE (__sbss_end, ABSOLUTE (.))
                0x0007b2ac                PROVIDE (___sbss_end, ABSOLUTE (.))
 *(.dynbss)
 *(.bss .bss.* .gnu.linkonce.b.*)
 .bss           0x0007b2ac        0x0 ../painter_bsp//obj/HAL/src/crt0.o
 .bss           0x0007b2ac        0x0 obj/default/fonts/tahomabold_20.o
 .bss           0x0007b2ac        0x0 obj/default/fonts/tahomabold_32.o
 .bss           0x0007b2ac        0x0 obj/default/geometry.o
 .bss           0x0007b2ac        0x0 obj/default/gesture.o
 .bss           0x0007b2ac        0x0 obj/default/graphic_lib/simple_graphics.o
 .bss           0x0007b2ac        0x0 obj/default/graphic_lib/simple_text.o
 .bss           0x0007b2ac        0x0 obj/default/gui.o
 .bss           0x0007b2ac        0x0 obj/default/gui_vpg.o
 .bss           0x0007b2ac        0x0 obj/default/main.o
 .bss           0x0007b2ac        0x0 obj/default/terasic_lib/I2C.o
 .bss           0x0007b2ac        0x0 obj/default/terasic_lib/I2C_core.o
 .bss           0x0007b2ac        0x0 obj/default/terasic_lib/debug.o
 .bss           0x0007b2ac        0x0 obj/default/terasic_lib/multi_touch2.o
 .bss           0x0007b2ac        0x0 obj/default/terasic_lib/queue.o
 .bss           0x0007b2ac        0x0 obj/default/vip_fr.o
 .bss           0x0007b2ac        0x0 d:/altera162/13.1/nios2eds/bin/gnu/h-i686-mingw32/bin/../lib/gcc/nios2-elf/4.7.3/../../../../../H-i686-mingw32/nios2-elf/lib/mno-hw-mul\libm.a(lib_a-w_sqrt.o)
 .bss           0x0007b2ac        0x0 d:/altera162/13.1/nios2eds/bin/gnu/h-i686-mingw32/bin/../lib/gcc/nios2-elf/4.7.3/../../../../../H-i686-mingw32/nios2-elf/lib/mno-hw-mul\libm.a(lib_a-e_sqrt.o)
 .bss           0x0007b2ac        0x0 d:/altera162/13.1/nios2eds/bin/gnu/h-i686-mingw32/bin/../lib/gcc/nios2-elf/4.7.3/../../../../../H-i686-mingw32/nios2-elf/lib/mno-hw-mul\libm.a(lib_a-s_isnand.o)
 .bss           0x0007b2ac        0x0 d:/altera162/13.1/nios2eds/bin/gnu/h-i686-mingw32/bin/../lib/gcc/nios2-elf/4.7.3/../../../../../H-i686-mingw32/nios2-elf/lib/mno-hw-mul\libm.a(lib_a-s_lib_ver.o)
 .bss           0x0007b2ac        0x0 d:/altera162/13.1/nios2eds/bin/gnu/h-i686-mingw32/bin/../lib/gcc/nios2-elf/4.7.3/../../../../../H-i686-mingw32/nios2-elf/lib/mno-hw-mul\libm.a(lib_a-s_matherr.o)
 .bss           0x0007b2ac        0x0 d:/altera162/13.1/nios2eds/bin/gnu/h-i686-mingw32/bin/../lib/gcc/nios2-elf/4.7.3/mno-hw-mul\libgcc.a(_addsub_df.o)
 .bss           0x0007b2ac        0x0 d:/altera162/13.1/nios2eds/bin/gnu/h-i686-mingw32/bin/../lib/gcc/nios2-elf/4.7.3/mno-hw-mul\libgcc.a(_mul_df.o)
 .bss           0x0007b2ac        0x0 d:/altera162/13.1/nios2eds/bin/gnu/h-i686-mingw32/bin/../lib/gcc/nios2-elf/4.7.3/mno-hw-mul\libgcc.a(_div_df.o)
 .bss           0x0007b2ac        0x0 d:/altera162/13.1/nios2eds/bin/gnu/h-i686-mingw32/bin/../lib/gcc/nios2-elf/4.7.3/mno-hw-mul\libgcc.a(_lt_df.o)
 .bss           0x0007b2ac        0x0 d:/altera162/13.1/nios2eds/bin/gnu/h-i686-mingw32/bin/../lib/gcc/nios2-elf/4.7.3/mno-hw-mul\libgcc.a(_si_to_df.o)
 .bss           0x0007b2ac        0x0 d:/altera162/13.1/nios2eds/bin/gnu/h-i686-mingw32/bin/../lib/gcc/nios2-elf/4.7.3/mno-hw-mul\libgcc.a(_df_to_si.o)
 .bss           0x0007b2ac        0x0 d:/altera162/13.1/nios2eds/bin/gnu/h-i686-mingw32/bin/../lib/gcc/nios2-elf/4.7.3/mno-hw-mul\libgcc.a(_thenan_df.o)
 .bss           0x0007b2ac        0x0 d:/altera162/13.1/nios2eds/bin/gnu/h-i686-mingw32/bin/../lib/gcc/nios2-elf/4.7.3/mno-hw-mul\libgcc.a(lib2-divmod.o)
 .bss           0x0007b2ac        0x0 d:/altera162/13.1/nios2eds/bin/gnu/h-i686-mingw32/bin/../lib/gcc/nios2-elf/4.7.3/mno-hw-mul\libgcc.a(lib2-mul.o)
 .bss           0x0007b2ac        0x0 d:/altera162/13.1/nios2eds/bin/gnu/h-i686-mingw32/bin/../lib/gcc/nios2-elf/4.7.3/mno-hw-mul\libgcc.a(_muldi3.o)
 .bss           0x0007b2ac        0x0 d:/altera162/13.1/nios2eds/bin/gnu/h-i686-mingw32/bin/../lib/gcc/nios2-elf/4.7.3/mno-hw-mul\libgcc.a(_clzsi2.o)
 .bss           0x0007b2ac        0x0 d:/altera162/13.1/nios2eds/bin/gnu/h-i686-mingw32/bin/../lib/gcc/nios2-elf/4.7.3/mno-hw-mul\libgcc.a(_pack_df.o)
 .bss           0x0007b2ac        0x0 d:/altera162/13.1/nios2eds/bin/gnu/h-i686-mingw32/bin/../lib/gcc/nios2-elf/4.7.3/mno-hw-mul\libgcc.a(_unpack_df.o)
 .bss           0x0007b2ac        0x0 d:/altera162/13.1/nios2eds/bin/gnu/h-i686-mingw32/bin/../lib/gcc/nios2-elf/4.7.3/mno-hw-mul\libgcc.a(_fpcmp_parts_df.o)
 .bss           0x0007b2ac        0x0 d:/altera162/13.1/nios2eds/bin/gnu/h-i686-mingw32/bin/../lib/gcc/nios2-elf/4.7.3/mno-hw-mul\libgcc.a(_lshrdi3.o)
 .bss           0x0007b2ac        0x0 d:/altera162/13.1/nios2eds/bin/gnu/h-i686-mingw32/bin/../lib/gcc/nios2-elf/4.7.3/mno-hw-mul\libgcc.a(_ashldi3.o)
 .bss           0x0007b2ac        0x0 d:/altera162/13.1/nios2eds/bin/gnu/h-i686-mingw32/bin/../lib/gcc/nios2-elf/4.7.3/mno-hw-mul\libgcc.a(_clz.o)
 .bss           0x0007b2ac        0x0 d:/altera162/13.1/nios2eds/bin/gnu/h-i686-mingw32/bin/../lib/gcc/nios2-elf/4.7.3/../../../../../H-i686-mingw32/nios2-elf/lib/mno-hw-mul\libc.a(lib_a-errno.o)
 .bss           0x0007b2ac        0x0 d:/altera162/13.1/nios2eds/bin/gnu/h-i686-mingw32/bin/../lib/gcc/nios2-elf/4.7.3/../../../../../H-i686-mingw32/nios2-elf/lib/mno-hw-mul\libc.a(lib_a-impure.o)
 .bss           0x0007b2ac        0x0 d:/altera162/13.1/nios2eds/bin/gnu/h-i686-mingw32/bin/../lib/gcc/nios2-elf/4.7.3/../../../../../H-i686-mingw32/nios2-elf/lib/mno-hw-mul\libc.a(lib_a-malloc.o)
 .bss           0x0007b2ac       0x28 d:/altera162/13.1/nios2eds/bin/gnu/h-i686-mingw32/bin/../lib/gcc/nios2-elf/4.7.3/../../../../../H-i686-mingw32/nios2-elf/lib/mno-hw-mul\libc.a(lib_a-mallocr.o)
                0x0007b2ac                __malloc_current_mallinfo
 .bss           0x0007b2d4        0x0 d:/altera162/13.1/nios2eds/bin/gnu/h-i686-mingw32/bin/../lib/gcc/nios2-elf/4.7.3/../../../../../H-i686-mingw32/nios2-elf/lib/mno-hw-mul\libc.a(lib_a-memcpy.o)
 .bss           0x0007b2d4        0x0 d:/altera162/13.1/nios2eds/bin/gnu/h-i686-mingw32/bin/../lib/gcc/nios2-elf/4.7.3/../../../../../H-i686-mingw32/nios2-elf/lib/mno-hw-mul\libc.a(lib_a-memset.o)
 .bss           0x0007b2d4        0x0 d:/altera162/13.1/nios2eds/bin/gnu/h-i686-mingw32/bin/../lib/gcc/nios2-elf/4.7.3/../../../../../H-i686-mingw32/nios2-elf/lib/mno-hw-mul\libc.a(lib_a-printf.o)
 .bss           0x0007b2d4        0x0 d:/altera162/13.1/nios2eds/bin/gnu/h-i686-mingw32/bin/../lib/gcc/nios2-elf/4.7.3/../../../../../H-i686-mingw32/nios2-elf/lib/mno-hw-mul\libc.a(lib_a-putchar.o)
 .bss           0x0007b2d4        0x0 d:/altera162/13.1/nios2eds/bin/gnu/h-i686-mingw32/bin/../lib/gcc/nios2-elf/4.7.3/../../../../../H-i686-mingw32/nios2-elf/lib/mno-hw-mul\libc.a(lib_a-puts.o)
 .bss           0x0007b2d4        0x0 d:/altera162/13.1/nios2eds/bin/gnu/h-i686-mingw32/bin/../lib/gcc/nios2-elf/4.7.3/../../../../../H-i686-mingw32/nios2-elf/lib/mno-hw-mul\libc.a(lib_a-sbrkr.o)
 .bss           0x0007b2d4        0x0 d:/altera162/13.1/nios2eds/bin/gnu/h-i686-mingw32/bin/../lib/gcc/nios2-elf/4.7.3/../../../../../H-i686-mingw32/nios2-elf/lib/mno-hw-mul\libc.a(lib_a-sprintf.o)
 .bss           0x0007b2d4        0x0 d:/altera162/13.1/nios2eds/bin/gnu/h-i686-mingw32/bin/../lib/gcc/nios2-elf/4.7.3/../../../../../H-i686-mingw32/nios2-elf/lib/mno-hw-mul\libc.a(lib_a-strcpy.o)
 .bss           0x0007b2d4        0x0 d:/altera162/13.1/nios2eds/bin/gnu/h-i686-mingw32/bin/../lib/gcc/nios2-elf/4.7.3/../../../../../H-i686-mingw32/nios2-elf/lib/mno-hw-mul\libc.a(lib_a-strlen.o)
 .bss           0x0007b2d4        0x0 d:/altera162/13.1/nios2eds/bin/gnu/h-i686-mingw32/bin/../lib/gcc/nios2-elf/4.7.3/../../../../../H-i686-mingw32/nios2-elf/lib/mno-hw-mul\libc.a(lib_a-vfprintf.o)
 .bss           0x0007b2d4        0x0 d:/altera162/13.1/nios2eds/bin/gnu/h-i686-mingw32/bin/../lib/gcc/nios2-elf/4.7.3/../../../../../H-i686-mingw32/nios2-elf/lib/mno-hw-mul\libc.a(lib_a-vsnprintf.o)
 .bss           0x0007b2d4        0x0 d:/altera162/13.1/nios2eds/bin/gnu/h-i686-mingw32/bin/../lib/gcc/nios2-elf/4.7.3/../../../../../H-i686-mingw32/nios2-elf/lib/mno-hw-mul\libc.a(lib_a-wsetup.o)
 .bss           0x0007b2d4        0x0 d:/altera162/13.1/nios2eds/bin/gnu/h-i686-mingw32/bin/../lib/gcc/nios2-elf/4.7.3/../../../../../H-i686-mingw32/nios2-elf/lib/mno-hw-mul\libc.a(lib_a-dtoa.o)
 .bss           0x0007b2d4        0x0 d:/altera162/13.1/nios2eds/bin/gnu/h-i686-mingw32/bin/../lib/gcc/nios2-elf/4.7.3/../../../../../H-i686-mingw32/nios2-elf/lib/mno-hw-mul\libc.a(lib_a-fflush.o)
 .bss           0x0007b2d4        0x0 d:/altera162/13.1/nios2eds/bin/gnu/h-i686-mingw32/bin/../lib/gcc/nios2-elf/4.7.3/../../../../../H-i686-mingw32/nios2-elf/lib/mno-hw-mul\libc.a(lib_a-findfp.o)
 .bss           0x0007b2d4        0x0 d:/altera162/13.1/nios2eds/bin/gnu/h-i686-mingw32/bin/../lib/gcc/nios2-elf/4.7.3/../../../../../H-i686-mingw32/nios2-elf/lib/mno-hw-mul\libc.a(lib_a-freer.o)
 .bss           0x0007b2d4        0x0 d:/altera162/13.1/nios2eds/bin/gnu/h-i686-mingw32/bin/../lib/gcc/nios2-elf/4.7.3/../../../../../H-i686-mingw32/nios2-elf/lib/mno-hw-mul\libc.a(lib_a-fvwrite.o)
 .bss           0x0007b2d4        0x0 d:/altera162/13.1/nios2eds/bin/gnu/h-i686-mingw32/bin/../lib/gcc/nios2-elf/4.7.3/../../../../../H-i686-mingw32/nios2-elf/lib/mno-hw-mul\libc.a(lib_a-fwalk.o)
 .bss           0x0007b2d4        0x0 d:/altera162/13.1/nios2eds/bin/gnu/h-i686-mingw32/bin/../lib/gcc/nios2-elf/4.7.3/../../../../../H-i686-mingw32/nios2-elf/lib/mno-hw-mul\libc.a(lib_a-int_errno.o)
 .bss           0x0007b2d4        0x0 d:/altera162/13.1/nios2eds/bin/gnu/h-i686-mingw32/bin/../lib/gcc/nios2-elf/4.7.3/../../../../../H-i686-mingw32/nios2-elf/lib/mno-hw-mul\libc.a(lib_a-locale.o)
 .bss           0x0007b2d4        0x0 d:/altera162/13.1/nios2eds/bin/gnu/h-i686-mingw32/bin/../lib/gcc/nios2-elf/4.7.3/../../../../../H-i686-mingw32/nios2-elf/lib/mno-hw-mul\libc.a(lib_a-makebuf.o)
 .bss           0x0007b2d4        0x0 d:/altera162/13.1/nios2eds/bin/gnu/h-i686-mingw32/bin/../lib/gcc/nios2-elf/4.7.3/../../../../../H-i686-mingw32/nios2-elf/lib/mno-hw-mul\libc.a(lib_a-memchr.o)
 .bss           0x0007b2d4        0x0 d:/altera162/13.1/nios2eds/bin/gnu/h-i686-mingw32/bin/../lib/gcc/nios2-elf/4.7.3/../../../../../H-i686-mingw32/nios2-elf/lib/mno-hw-mul\libc.a(lib_a-memmove.o)
 .bss           0x0007b2d4        0x0 d:/altera162/13.1/nios2eds/bin/gnu/h-i686-mingw32/bin/../lib/gcc/nios2-elf/4.7.3/../../../../../H-i686-mingw32/nios2-elf/lib/mno-hw-mul\libc.a(lib_a-mprec.o)
 .bss           0x0007b2d4        0x0 d:/altera162/13.1/nios2eds/bin/gnu/h-i686-mingw32/bin/../lib/gcc/nios2-elf/4.7.3/../../../../../H-i686-mingw32/nios2-elf/lib/mno-hw-mul\libc.a(lib_a-putc.o)
 .bss           0x0007b2d4        0x0 d:/altera162/13.1/nios2eds/bin/gnu/h-i686-mingw32/bin/../lib/gcc/nios2-elf/4.7.3/../../../../../H-i686-mingw32/nios2-elf/lib/mno-hw-mul\libc.a(lib_a-reallocr.o)
 .bss           0x0007b2d4        0x0 d:/altera162/13.1/nios2eds/bin/gnu/h-i686-mingw32/bin/../lib/gcc/nios2-elf/4.7.3/../../../../../H-i686-mingw32/nios2-elf/lib/mno-hw-mul\libc.a(lib_a-s_isinfd.o)
 .bss           0x0007b2d4        0x0 d:/altera162/13.1/nios2eds/bin/gnu/h-i686-mingw32/bin/../lib/gcc/nios2-elf/4.7.3/../../../../../H-i686-mingw32/nios2-elf/lib/mno-hw-mul\libc.a(lib_a-stdio.o)
 .bss           0x0007b2d4        0x0 d:/altera162/13.1/nios2eds/bin/gnu/h-i686-mingw32/bin/../lib/gcc/nios2-elf/4.7.3/../../../../../H-i686-mingw32/nios2-elf/lib/mno-hw-mul\libc.a(lib_a-strcmp.o)
 .bss           0x0007b2d4        0x0 d:/altera162/13.1/nios2eds/bin/gnu/h-i686-mingw32/bin/../lib/gcc/nios2-elf/4.7.3/../../../../../H-i686-mingw32/nios2-elf/lib/mno-hw-mul\libc.a(lib_a-wbuf.o)
 .bss           0x0007b2d4        0x0 d:/altera162/13.1/nios2eds/bin/gnu/h-i686-mingw32/bin/../lib/gcc/nios2-elf/4.7.3/../../../../../H-i686-mingw32/nios2-elf/lib/mno-hw-mul\libc.a(lib_a-writer.o)
 .bss           0x0007b2d4        0x0 d:/altera162/13.1/nios2eds/bin/gnu/h-i686-mingw32/bin/../lib/gcc/nios2-elf/4.7.3/../../../../../H-i686-mingw32/nios2-elf/lib/mno-hw-mul\libc.a(lib_a-callocr.o)
 .bss           0x0007b2d4        0x0 d:/altera162/13.1/nios2eds/bin/gnu/h-i686-mingw32/bin/../lib/gcc/nios2-elf/4.7.3/../../../../../H-i686-mingw32/nios2-elf/lib/mno-hw-mul\libc.a(lib_a-closer.o)
 .bss           0x0007b2d4        0x0 d:/altera162/13.1/nios2eds/bin/gnu/h-i686-mingw32/bin/../lib/gcc/nios2-elf/4.7.3/../../../../../H-i686-mingw32/nios2-elf/lib/mno-hw-mul\libc.a(lib_a-fclose.o)
 .bss           0x0007b2d4        0x0 d:/altera162/13.1/nios2eds/bin/gnu/h-i686-mingw32/bin/../lib/gcc/nios2-elf/4.7.3/../../../../../H-i686-mingw32/nios2-elf/lib/mno-hw-mul\libc.a(lib_a-fstatr.o)
 .bss           0x0007b2d4        0x0 d:/altera162/13.1/nios2eds/bin/gnu/h-i686-mingw32/bin/../lib/gcc/nios2-elf/4.7.3/../../../../../H-i686-mingw32/nios2-elf/lib/mno-hw-mul\libc.a(lib_a-isattyr.o)
 .bss           0x0007b2d4        0x0 d:/altera162/13.1/nios2eds/bin/gnu/h-i686-mingw32/bin/../lib/gcc/nios2-elf/4.7.3/../../../../../H-i686-mingw32/nios2-elf/lib/mno-hw-mul\libc.a(lib_a-lseekr.o)
 .bss           0x0007b2d4        0x0 d:/altera162/13.1/nios2eds/bin/gnu/h-i686-mingw32/bin/../lib/gcc/nios2-elf/4.7.3/../../../../../H-i686-mingw32/nios2-elf/lib/mno-hw-mul\libc.a(lib_a-readr.o)
 .bss           0x0007b2d4        0x0 d:/altera162/13.1/nios2eds/bin/gnu/h-i686-mingw32/bin/../lib/gcc/nios2-elf/4.7.3/mno-hw-mul\libgcc.a(_udivdi3.o)
 .bss           0x0007b2d4        0x0 d:/altera162/13.1/nios2eds/bin/gnu/h-i686-mingw32/bin/../lib/gcc/nios2-elf/4.7.3/mno-hw-mul\libgcc.a(_umoddi3.o)
 .bss           0x0007b2d4        0x0 d:/altera162/13.1/nios2eds/bin/gnu/h-i686-mingw32/bin/../lib/gcc/nios2-elf/4.7.3/mno-hw-mul\libgcc.a(_eq_df.o)
 .bss           0x0007b2d4        0x0 d:/altera162/13.1/nios2eds/bin/gnu/h-i686-mingw32/bin/../lib/gcc/nios2-elf/4.7.3/mno-hw-mul\libgcc.a(_ne_df.o)
 .bss           0x0007b2d4        0x0 d:/altera162/13.1/nios2eds/bin/gnu/h-i686-mingw32/bin/../lib/gcc/nios2-elf/4.7.3/mno-hw-mul\libgcc.a(_gt_df.o)
 .bss           0x0007b2d4        0x0 d:/altera162/13.1/nios2eds/bin/gnu/h-i686-mingw32/bin/../lib/gcc/nios2-elf/4.7.3/mno-hw-mul\libgcc.a(_ge_df.o)
 .bss           0x0007b2d4        0x0 d:/altera162/13.1/nios2eds/bin/gnu/h-i686-mingw32/bin/../lib/gcc/nios2-elf/4.7.3/mno-hw-mul\libgcc.a(_usi_to_df.o)
 .bss           0x0007b2d4        0x0 ../painter_bsp/\libhal_bsp.a(alt_close.o)
 .bss           0x0007b2d4        0x0 ../painter_bsp/\libhal_bsp.a(alt_dcache_flush_all.o)
 .bss           0x0007b2d4        0x0 ../painter_bsp/\libhal_bsp.a(alt_dev.o)
 .bss           0x0007b2d4        0x0 ../painter_bsp/\libhal_bsp.a(alt_errno.o)
 .bss           0x0007b2d4        0x0 ../painter_bsp/\libhal_bsp.a(alt_fstat.o)
 .bss           0x0007b2d4        0x0 ../painter_bsp/\libhal_bsp.a(alt_iic.o)
 .bss           0x0007b2d4        0x0 ../painter_bsp/\libhal_bsp.a(alt_iic_isr_register.o)
 .bss           0x0007b2d4        0x0 ../painter_bsp/\libhal_bsp.a(alt_irq_entry.o)
 .bss           0x0007b2d4        0x0 ../painter_bsp/\libhal_bsp.a(alt_irq_handler.o)
 .bss           0x0007b2d4        0x0 ../painter_bsp/\libhal_bsp.a(alt_irq_vars.o)
 .bss           0x0007b2d4        0x0 ../painter_bsp/\libhal_bsp.a(alt_isatty.o)
 .bss           0x0007b2d4        0x0 ../painter_bsp/\libhal_bsp.a(alt_load.o)
 .bss           0x0007b2d4        0x0 ../painter_bsp/\libhal_bsp.a(alt_lseek.o)
 .bss           0x0007b2d4        0x0 ../painter_bsp/\libhal_bsp.a(alt_main.o)
 .bss           0x0007b2d4        0x0 ../painter_bsp/\libhal_bsp.a(alt_malloc_lock.o)
 .bss           0x0007b2d4        0x0 ../painter_bsp/\libhal_bsp.a(alt_read.o)
 .bss           0x0007b2d4        0x0 ../painter_bsp/\libhal_bsp.a(alt_release_fd.o)
 .bss           0x0007b2d4        0x0 ../painter_bsp/\libhal_bsp.a(alt_sbrk.o)
 .bss           0x0007b2d4        0x0 ../painter_bsp/\libhal_bsp.a(alt_tick.o)
 .bss           0x0007b2d4        0x0 ../painter_bsp/\libhal_bsp.a(alt_usleep.o)
 .bss           0x0007b2d4        0x0 ../painter_bsp/\libhal_bsp.a(alt_write.o)
 .bss           0x0007b2d4        0x0 ../painter_bsp/\libhal_bsp.a(alt_sys_init.o)
 .bss           0x0007b2d4        0x0 ../painter_bsp/\libhal_bsp.a(altera_avalon_jtag_uart_fd.o)
 .bss           0x0007b2d4        0x0 ../painter_bsp/\libhal_bsp.a(altera_avalon_jtag_uart_init.o)
 .bss           0x0007b2d4        0x0 ../painter_bsp/\libhal_bsp.a(altera_avalon_jtag_uart_ioctl.o)
 .bss           0x0007b2d4        0x0 ../painter_bsp/\libhal_bsp.a(altera_avalon_jtag_uart_read.o)
 .bss           0x0007b2d4        0x0 ../painter_bsp/\libhal_bsp.a(altera_avalon_jtag_uart_write.o)
 .bss           0x0007b2d4        0x0 ../painter_bsp/\libhal_bsp.a(altera_avalon_timer_sc.o)
 .bss           0x0007b2d4        0x0 ../painter_bsp/\libhal_bsp.a(alt_alarm_start.o)
 .bss           0x0007b2d4        0x0 ../painter_bsp/\libhal_bsp.a(alt_busy_sleep.o)
 .bss           0x0007b2d4        0x0 ../painter_bsp/\libhal_bsp.a(alt_dev_llist_insert.o)
 .bss           0x0007b2d4        0x0 ../painter_bsp/\libhal_bsp.a(alt_do_ctors.o)
 .bss           0x0007b2d4        0x0 ../painter_bsp/\libhal_bsp.a(alt_do_dtors.o)
 .bss           0x0007b2d4        0x0 ../painter_bsp/\libhal_bsp.a(alt_exception_entry.o)
 .bss           0x0007b2d4        0x0 ../painter_bsp/\libhal_bsp.a(alt_icache_flush_all.o)
 .bss           0x0007b2d4        0x0 ../painter_bsp/\libhal_bsp.a(alt_io_redirect.o)
 .bss           0x0007b2d4        0x0 ../painter_bsp/\libhal_bsp.a(alt_open.o)
 .bss           0x0007b2d4        0x0 ../painter_bsp/\libhal_bsp.a(altera_nios2_qsys_irq.o)
 .bss           0x0007b2d4        0x0 ../painter_bsp/\libhal_bsp.a(alt_find_dev.o)
 .bss           0x0007b2d4        0x0 ../painter_bsp/\libhal_bsp.a(alt_find_file.o)
 .bss           0x0007b2d4        0x0 ../painter_bsp/\libhal_bsp.a(alt_get_fd.o)
 .bss           0x0007b2d4        0x0 ../painter_bsp/\libhal_bsp.a(alt_icache_flush.o)
 .bss           0x0007b2d4        0x0 d:/altera162/13.1/nios2eds/bin/gnu/h-i686-mingw32/bin/../lib/gcc/nios2-elf/4.7.3/../../../../../H-i686-mingw32/nios2-elf/lib/mno-hw-mul\libc.a(lib_a-atexit.o)
 .bss           0x0007b2d4        0x0 d:/altera162/13.1/nios2eds/bin/gnu/h-i686-mingw32/bin/../lib/gcc/nios2-elf/4.7.3/../../../../../H-i686-mingw32/nios2-elf/lib/mno-hw-mul\libc.a(lib_a-exit.o)
 .bss           0x0007b2d4        0x0 d:/altera162/13.1/nios2eds/bin/gnu/h-i686-mingw32/bin/../lib/gcc/nios2-elf/4.7.3/../../../../../H-i686-mingw32/nios2-elf/lib/mno-hw-mul\libc.a(lib_a-memcmp.o)
 .bss           0x0007b2d4        0x0 d:/altera162/13.1/nios2eds/bin/gnu/h-i686-mingw32/bin/../lib/gcc/nios2-elf/4.7.3/../../../../../H-i686-mingw32/nios2-elf/lib/mno-hw-mul\libc.a(lib_a-__atexit.o)
 .bss           0x0007b2d4        0x0 d:/altera162/13.1/nios2eds/bin/gnu/h-i686-mingw32/bin/../lib/gcc/nios2-elf/4.7.3/../../../../../H-i686-mingw32/nios2-elf/lib/mno-hw-mul\libc.a(lib_a-__call_atexit.o)
 .bss           0x0007b2d4        0x0 ../painter_bsp/\libhal_bsp.a(alt_exit.o)
 *(COMMON)
 COMMON         0x0007b2d4      0x100 ../painter_bsp/\libhal_bsp.a(alt_irq_handler.o)
                0x0007b2d4                alt_irq
 COMMON         0x0007b3d4      0x190 d:/altera162/13.1/nios2eds/bin/gnu/h-i686-mingw32/bin/../lib/gcc/nios2-elf/4.7.3/../../../../../H-i686-mingw32/nios2-elf/lib/mno-hw-mul\libc.a(lib_a-atexit.o)
                0x0007b3d4                _atexit0
                0x0007b564                . = ALIGN (0x4)
                0x0007b564                __bss_end = ABSOLUTE (.)

.sdram          0x0007b564        0x0
                0x0007b564                PROVIDE (_alt_partition_sdram_start, ABSOLUTE (.))
 *(.sdram .sdram. sdram.*)
                0x0007b564                . = ALIGN (0x4)
                0x0007b564                PROVIDE (_alt_partition_sdram_end, ABSOLUTE (.))
                0x0007b564                _end = ABSOLUTE (.)
                0x0007b564                end = ABSOLUTE (.)
                0x0007b564                __alt_stack_base = ABSOLUTE (.)
                0x0007b564                PROVIDE (_alt_partition_sdram_load_addr, LOADADDR (.sdram))

.stab
 *(.stab)

.stabstr
 *(.stabstr)

.stab.excl
 *(.stab.excl)

.stab.exclstr
 *(.stab.exclstr)

.stab.index
 *(.stab.index)

.stab.indexstr
 *(.stab.indexstr)

.comment        0x00000000       0x23
 *(.comment)
 .comment       0x00000000       0x23 obj/default/fonts/tahomabold_20.o
                                 0x24 (size before relaxing)
 .comment       0x00000000       0x24 obj/default/fonts/tahomabold_32.o
 .comment       0x00000000       0x24 obj/default/geometry.o
 .comment       0x00000000       0x24 obj/default/gesture.o
 .comment       0x00000000       0x24 obj/default/graphic_lib/simple_graphics.o
 .comment       0x00000000       0x24 obj/default/graphic_lib/simple_text.o
 .comment       0x00000000       0x24 obj/default/gui.o
 .comment       0x00000000       0x24 obj/default/gui_vpg.o
 .comment       0x00000000       0x24 obj/default/main.o
 .comment       0x00000000       0x24 obj/default/terasic_lib/I2C.o
 .comment       0x00000000       0x24 obj/default/terasic_lib/I2C_core.o
 .comment       0x00000000       0x24 obj/default/terasic_lib/debug.o
 .comment       0x00000000       0x24 obj/default/terasic_lib/multi_touch2.o
 .comment       0x00000000       0x24 obj/default/terasic_lib/queue.o
 .comment       0x00000000       0x24 obj/default/vip_fr.o
 .comment       0x00000000       0x24 d:/altera162/13.1/nios2eds/bin/gnu/h-i686-mingw32/bin/../lib/gcc/nios2-elf/4.7.3/../../../../../H-i686-mingw32/nios2-elf/lib/mno-hw-mul\libm.a(lib_a-w_sqrt.o)
 .comment       0x00000000       0x24 d:/altera162/13.1/nios2eds/bin/gnu/h-i686-mingw32/bin/../lib/gcc/nios2-elf/4.7.3/../../../../../H-i686-mingw32/nios2-elf/lib/mno-hw-mul\libm.a(lib_a-e_sqrt.o)
 .comment       0x00000000       0x24 d:/altera162/13.1/nios2eds/bin/gnu/h-i686-mingw32/bin/../lib/gcc/nios2-elf/4.7.3/../../../../../H-i686-mingw32/nios2-elf/lib/mno-hw-mul\libm.a(lib_a-s_isnand.o)
 .comment       0x00000000       0x24 d:/altera162/13.1/nios2eds/bin/gnu/h-i686-mingw32/bin/../lib/gcc/nios2-elf/4.7.3/../../../../../H-i686-mingw32/nios2-elf/lib/mno-hw-mul\libm.a(lib_a-s_lib_ver.o)
 .comment       0x00000000       0x24 d:/altera162/13.1/nios2eds/bin/gnu/h-i686-mingw32/bin/../lib/gcc/nios2-elf/4.7.3/../../../../../H-i686-mingw32/nios2-elf/lib/mno-hw-mul\libm.a(lib_a-s_matherr.o)
 .comment       0x00000000       0x24 d:/altera162/13.1/nios2eds/bin/gnu/h-i686-mingw32/bin/../lib/gcc/nios2-elf/4.7.3/mno-hw-mul\libgcc.a(_addsub_df.o)
 .comment       0x00000000       0x24 d:/altera162/13.1/nios2eds/bin/gnu/h-i686-mingw32/bin/../lib/gcc/nios2-elf/4.7.3/mno-hw-mul\libgcc.a(_mul_df.o)
 .comment       0x00000000       0x24 d:/altera162/13.1/nios2eds/bin/gnu/h-i686-mingw32/bin/../lib/gcc/nios2-elf/4.7.3/mno-hw-mul\libgcc.a(_div_df.o)
 .comment       0x00000000       0x24 d:/altera162/13.1/nios2eds/bin/gnu/h-i686-mingw32/bin/../lib/gcc/nios2-elf/4.7.3/mno-hw-mul\libgcc.a(_lt_df.o)
 .comment       0x00000000       0x24 d:/altera162/13.1/nios2eds/bin/gnu/h-i686-mingw32/bin/../lib/gcc/nios2-elf/4.7.3/mno-hw-mul\libgcc.a(_si_to_df.o)
 .comment       0x00000000       0x24 d:/altera162/13.1/nios2eds/bin/gnu/h-i686-mingw32/bin/../lib/gcc/nios2-elf/4.7.3/mno-hw-mul\libgcc.a(_df_to_si.o)
 .comment       0x00000000       0x24 d:/altera162/13.1/nios2eds/bin/gnu/h-i686-mingw32/bin/../lib/gcc/nios2-elf/4.7.3/mno-hw-mul\libgcc.a(_thenan_df.o)
 .comment       0x00000000       0x24 d:/altera162/13.1/nios2eds/bin/gnu/h-i686-mingw32/bin/../lib/gcc/nios2-elf/4.7.3/mno-hw-mul\libgcc.a(lib2-divmod.o)